<?xml version="1.0" encoding="ISO-8859-1" ?>
<link_info>
   <banner>TI ARM Linker PC v18.1.1.LTS</banner>
   <copyright>Copyright (c) 1996-2017 Texas Instruments Incorporated</copyright>
   <link_time>0x5b3fee0d</link_time>
   <link_errors>0x0</link_errors>
   <output_file>Lab_6_7_COM_Sched_MDL.out</output_file>
   <entry_point>
      <name>_c_int00_noargs</name>
      <address>0x2cdd</address>
   </entry_point>
   <input_file_list>
      <input_file id="fl-2">
         <path>.\</path>
         <kind>object</kind>
         <file>main.obj</file>
         <name>main.obj</name>
      </input_file>
      <input_file id="fl-3">
         <path>.\</path>
         <kind>object</kind>
         <file>tm4c123gh6pm_startup_ccs.obj</file>
         <name>tm4c123gh6pm_startup_ccs.obj</name>
      </input_file>
      <input_file id="fl-4">
         <path>.\driverlib\</path>
         <kind>object</kind>
         <file>adc.obj</file>
         <name>adc.obj</name>
      </input_file>
      <input_file id="fl-5">
         <path>.\driverlib\</path>
         <kind>object</kind>
         <file>aes.obj</file>
         <name>aes.obj</name>
      </input_file>
      <input_file id="fl-6">
         <path>.\driverlib\</path>
         <kind>object</kind>
         <file>can.obj</file>
         <name>can.obj</name>
      </input_file>
      <input_file id="fl-7">
         <path>.\driverlib\</path>
         <kind>object</kind>
         <file>comp.obj</file>
         <name>comp.obj</name>
      </input_file>
      <input_file id="fl-8">
         <path>.\driverlib\</path>
         <kind>object</kind>
         <file>cpu.obj</file>
         <name>cpu.obj</name>
      </input_file>
      <input_file id="fl-9">
         <path>.\driverlib\</path>
         <kind>object</kind>
         <file>crc.obj</file>
         <name>crc.obj</name>
      </input_file>
      <input_file id="fl-a">
         <path>.\driverlib\</path>
         <kind>object</kind>
         <file>des.obj</file>
         <name>des.obj</name>
      </input_file>
      <input_file id="fl-b">
         <path>.\driverlib\</path>
         <kind>object</kind>
         <file>eeprom.obj</file>
         <name>eeprom.obj</name>
      </input_file>
      <input_file id="fl-c">
         <path>.\driverlib\</path>
         <kind>object</kind>
         <file>emac.obj</file>
         <name>emac.obj</name>
      </input_file>
      <input_file id="fl-d">
         <path>.\driverlib\</path>
         <kind>object</kind>
         <file>epi.obj</file>
         <name>epi.obj</name>
      </input_file>
      <input_file id="fl-e">
         <path>.\driverlib\</path>
         <kind>object</kind>
         <file>epi_workaround_ccs.obj</file>
         <name>epi_workaround_ccs.obj</name>
      </input_file>
      <input_file id="fl-f">
         <path>.\driverlib\</path>
         <kind>object</kind>
         <file>flash.obj</file>
         <name>flash.obj</name>
      </input_file>
      <input_file id="fl-10">
         <path>.\driverlib\</path>
         <kind>object</kind>
         <file>fpu.obj</file>
         <name>fpu.obj</name>
      </input_file>
      <input_file id="fl-11">
         <path>.\driverlib\</path>
         <kind>object</kind>
         <file>gpio.obj</file>
         <name>gpio.obj</name>
      </input_file>
      <input_file id="fl-12">
         <path>.\driverlib\</path>
         <kind>object</kind>
         <file>hibernate.obj</file>
         <name>hibernate.obj</name>
      </input_file>
      <input_file id="fl-13">
         <path>.\driverlib\</path>
         <kind>object</kind>
         <file>i2c.obj</file>
         <name>i2c.obj</name>
      </input_file>
      <input_file id="fl-14">
         <path>.\driverlib\</path>
         <kind>object</kind>
         <file>interrupt.obj</file>
         <name>interrupt.obj</name>
      </input_file>
      <input_file id="fl-15">
         <path>.\driverlib\</path>
         <kind>object</kind>
         <file>lcd.obj</file>
         <name>lcd.obj</name>
      </input_file>
      <input_file id="fl-16">
         <path>.\driverlib\</path>
         <kind>object</kind>
         <file>mpu.obj</file>
         <name>mpu.obj</name>
      </input_file>
      <input_file id="fl-17">
         <path>.\driverlib\</path>
         <kind>object</kind>
         <file>onewire.obj</file>
         <name>onewire.obj</name>
      </input_file>
      <input_file id="fl-18">
         <path>.\driverlib\</path>
         <kind>object</kind>
         <file>pwm.obj</file>
         <name>pwm.obj</name>
      </input_file>
      <input_file id="fl-19">
         <path>.\driverlib\</path>
         <kind>object</kind>
         <file>qei.obj</file>
         <name>qei.obj</name>
      </input_file>
      <input_file id="fl-1a">
         <path>.\driverlib\</path>
         <kind>object</kind>
         <file>shamd5.obj</file>
         <name>shamd5.obj</name>
      </input_file>
      <input_file id="fl-1b">
         <path>.\driverlib\</path>
         <kind>object</kind>
         <file>ssi.obj</file>
         <name>ssi.obj</name>
      </input_file>
      <input_file id="fl-1c">
         <path>.\driverlib\</path>
         <kind>object</kind>
         <file>sw_crc.obj</file>
         <name>sw_crc.obj</name>
      </input_file>
      <input_file id="fl-1d">
         <path>.\driverlib\</path>
         <kind>object</kind>
         <file>sysctl.obj</file>
         <name>sysctl.obj</name>
      </input_file>
      <input_file id="fl-1e">
         <path>.\driverlib\</path>
         <kind>object</kind>
         <file>sysexc.obj</file>
         <name>sysexc.obj</name>
      </input_file>
      <input_file id="fl-1f">
         <path>.\driverlib\</path>
         <kind>object</kind>
         <file>systick.obj</file>
         <name>systick.obj</name>
      </input_file>
      <input_file id="fl-20">
         <path>.\driverlib\</path>
         <kind>object</kind>
         <file>timer.obj</file>
         <name>timer.obj</name>
      </input_file>
      <input_file id="fl-21">
         <path>.\driverlib\</path>
         <kind>object</kind>
         <file>uart.obj</file>
         <name>uart.obj</name>
      </input_file>
      <input_file id="fl-22">
         <path>.\driverlib\</path>
         <kind>object</kind>
         <file>udma.obj</file>
         <name>udma.obj</name>
      </input_file>
      <input_file id="fl-23">
         <path>.\driverlib\</path>
         <kind>object</kind>
         <file>usb.obj</file>
         <name>usb.obj</name>
      </input_file>
      <input_file id="fl-24">
         <path>.\driverlib\</path>
         <kind>object</kind>
         <file>watchdog.obj</file>
         <name>watchdog.obj</name>
      </input_file>
      <input_file id="fl-2c">
         <kind>object</kind>
         <file>&lt;internal&gt;</file>
         <name>&lt;internal&gt;</name>
      </input_file>
      <input_file id="fl-e2">
         <path>C:\ti\ccsv8\tools\compiler\ti-cgt-arm_18.1.1.LTS\lib\</path>
         <kind>archive</kind>
         <file>rtsv7M4_T_le_v4SPD16_eabi.lib</file>
         <name>copy_zero_init.c.obj</name>
      </input_file>
      <input_file id="fl-e3">
         <path>C:\ti\ccsv8\tools\compiler\ti-cgt-arm_18.1.1.LTS\lib\</path>
         <kind>archive</kind>
         <file>rtsv7M4_T_le_v4SPD16_eabi.lib</file>
         <name>copy_decompress_none.c.obj</name>
      </input_file>
      <input_file id="fl-e4">
         <path>C:\ti\ccsv8\tools\compiler\ti-cgt-arm_18.1.1.LTS\lib\</path>
         <kind>archive</kind>
         <file>rtsv7M4_T_le_v4SPD16_eabi.lib</file>
         <name>copy_decompress_lzss.c.obj</name>
      </input_file>
      <input_file id="fl-e5">
         <path>C:\ti\ccsv8\tools\compiler\ti-cgt-arm_18.1.1.LTS\lib\</path>
         <kind>archive</kind>
         <file>rtsv7M4_T_le_v4SPD16_eabi.lib</file>
         <name>boot_cortex_m.c.obj</name>
      </input_file>
      <input_file id="fl-e6">
         <path>C:\ti\ccsv8\tools\compiler\ti-cgt-arm_18.1.1.LTS\lib\</path>
         <kind>archive</kind>
         <file>rtsv7M4_T_le_v4SPD16_eabi.lib</file>
         <name>exit.c.obj</name>
      </input_file>
      <input_file id="fl-e7">
         <path>C:\ti\ccsv8\tools\compiler\ti-cgt-arm_18.1.1.LTS\lib\</path>
         <kind>archive</kind>
         <file>rtsv7M4_T_le_v4SPD16_eabi.lib</file>
         <name>_lock.c.obj</name>
      </input_file>
      <input_file id="fl-e8">
         <path>C:\ti\ccsv8\tools\compiler\ti-cgt-arm_18.1.1.LTS\lib\</path>
         <kind>archive</kind>
         <file>rtsv7M4_T_le_v4SPD16_eabi.lib</file>
         <name>args_main.c.obj</name>
      </input_file>
      <input_file id="fl-e9">
         <path>C:\ti\ccsv8\tools\compiler\ti-cgt-arm_18.1.1.LTS\lib\</path>
         <kind>archive</kind>
         <file>rtsv7M4_T_le_v4SPD16_eabi.lib</file>
         <name>memcpy_t2.asm.obj</name>
      </input_file>
      <input_file id="fl-ea">
         <path>C:\ti\ccsv8\tools\compiler\ti-cgt-arm_18.1.1.LTS\lib\</path>
         <kind>archive</kind>
         <file>rtsv7M4_T_le_v4SPD16_eabi.lib</file>
         <name>memset_t2.asm.obj</name>
      </input_file>
      <input_file id="fl-eb">
         <path>C:\ti\ccsv8\tools\compiler\ti-cgt-arm_18.1.1.LTS\lib\</path>
         <kind>archive</kind>
         <file>rtsv7M4_T_le_v4SPD16_eabi.lib</file>
         <name>autoinit.c.obj</name>
      </input_file>
      <input_file id="fl-ec">
         <path>C:\ti\ccsv8\tools\compiler\ti-cgt-arm_18.1.1.LTS\lib\</path>
         <kind>archive</kind>
         <file>rtsv7M4_T_le_v4SPD16_eabi.lib</file>
         <name>pre_init.c.obj</name>
      </input_file>
      <input_file id="fl-ed">
         <path>C:\ti\ccsv8\tools\compiler\ti-cgt-arm_18.1.1.LTS\lib\</path>
         <kind>archive</kind>
         <file>rtsv7M4_T_le_v4SPD16_eabi.lib</file>
         <name>cpy_tbl.c.obj</name>
      </input_file>
   </input_file_list>
   <object_component_list>
      <object_component id="oc-f">
         <name>.intvecs</name>
         <load_address>0x0</load_address>
         <run_address>0x0</run_address>
         <size>0x26c</size>
         <input_file_ref idref="fl-3"/>
      </object_component>
      <object_component id="oc-71">
         <name>.text</name>
         <load_address>0x26c</load_address>
         <run_address>0x26c</run_address>
         <size>0xf80</size>
         <input_file_ref idref="fl-1d"/>
      </object_component>
      <object_component id="oc-77">
         <name>.text</name>
         <load_address>0x11ec</load_address>
         <run_address>0x11ec</run_address>
         <size>0xbb4</size>
         <input_file_ref idref="fl-11"/>
      </object_component>
      <object_component id="oc-83">
         <name>.text</name>
         <load_address>0x1da0</load_address>
         <run_address>0x1da0</run_address>
         <size>0x62e</size>
         <input_file_ref idref="fl-21"/>
      </object_component>
      <object_component id="oc-7d">
         <name>.text</name>
         <load_address>0x23d0</load_address>
         <run_address>0x23d0</run_address>
         <size>0x3c0</size>
         <input_file_ref idref="fl-14"/>
      </object_component>
      <object_component id="oc-89">
         <name>.text</name>
         <load_address>0x2790</load_address>
         <run_address>0x2790</run_address>
         <size>0x336</size>
         <input_file_ref idref="fl-1b"/>
      </object_component>
      <object_component id="oc-2a">
         <name>.text</name>
         <load_address>0x2ac8</load_address>
         <run_address>0x2ac8</run_address>
         <size>0x190</size>
         <input_file_ref idref="fl-2"/>
      </object_component>
      <object_component id="oc-141">
         <name>.text:__TI_auto_init_nobinit_nopinit:__TI_auto_init_nobinit_nopinit</name>
         <load_address>0x2c58</load_address>
         <run_address>0x2c58</run_address>
         <size>0x44</size>
         <input_file_ref idref="fl-eb"/>
      </object_component>
      <object_component id="oc-d6">
         <name>.text</name>
         <load_address>0x2c9c</load_address>
         <run_address>0x2c9c</run_address>
         <size>0x3e</size>
         <input_file_ref idref="fl-8"/>
      </object_component>
      <object_component id="oc-5c">
         <name>.text:_c_int00_noargs:_c_int00_noargs</name>
         <load_address>0x2cdc</load_address>
         <run_address>0x2cdc</run_address>
         <size>0x38</size>
         <input_file_ref idref="fl-e5"/>
      </object_component>
      <object_component id="oc-4a">
         <name>.text:decompress:ZI:__TI_zero_init_nomemset:__TI_zero_init_nomemset</name>
         <load_address>0x2d14</load_address>
         <run_address>0x2d14</run_address>
         <size>0x12</size>
         <input_file_ref idref="fl-e2"/>
      </object_component>
      <object_component id="oc-24">
         <name>.text</name>
         <load_address>0x2d26</load_address>
         <run_address>0x2d26</run_address>
         <size>0xc</size>
         <input_file_ref idref="fl-3"/>
      </object_component>
      <object_component id="oc-8f">
         <name>.text:SysCtlDelay</name>
         <load_address>0x2d32</load_address>
         <run_address>0x2d32</run_address>
         <size>0x6</size>
         <input_file_ref idref="fl-1d"/>
      </object_component>
      <object_component id="oc-c1">
         <name>.text:_system_pre_init</name>
         <load_address>0x2d38</load_address>
         <run_address>0x2d38</run_address>
         <size>0x4</size>
         <input_file_ref idref="fl-ec"/>
      </object_component>
      <object_component id="oc-135">
         <name>.text:abort:abort</name>
         <load_address>0x2d3c</load_address>
         <run_address>0x2d3c</run_address>
         <size>0x4</size>
         <input_file_ref idref="fl-e6"/>
      </object_component>
      <object_component id="oc-e2">
         <name>.const:g_pppui32XTALtoVCO</name>
         <load_address>0x2d40</load_address>
         <run_address>0x2d40</run_address>
         <size>0x1b0</size>
         <input_file_ref idref="fl-1d"/>
      </object_component>
      <object_component id="oc-ef">
         <name>.const:g_ppui32GPIOIntMapSnowflake</name>
         <load_address>0x2ef0</load_address>
         <run_address>0x2ef0</run_address>
         <size>0xd8</size>
         <input_file_ref idref="fl-11"/>
      </object_component>
      <object_component id="oc-ec">
         <name>.const:g_ppui32GPIOIntMapBlizzard</name>
         <load_address>0x2fc8</load_address>
         <run_address>0x2fc8</run_address>
         <size>0xc0</size>
         <input_file_ref idref="fl-11"/>
      </object_component>
      <object_component id="oc-fd">
         <name>.const:g_pui32Regs</name>
         <load_address>0x3088</load_address>
         <run_address>0x3088</run_address>
         <size>0x9c</size>
         <input_file_ref idref="fl-14"/>
      </object_component>
      <object_component id="oc-f2">
         <name>.const:g_pui32GPIOBaseAddrs</name>
         <load_address>0x3124</load_address>
         <run_address>0x3124</run_address>
         <size>0x90</size>
         <input_file_ref idref="fl-11"/>
      </object_component>
      <object_component id="oc-dc">
         <name>.const:g_pui32Xtals</name>
         <load_address>0x31b4</load_address>
         <run_address>0x31b4</run_address>
         <size>0x6c</size>
         <input_file_ref idref="fl-1d"/>
      </object_component>
      <object_component id="oc-10e">
         <name>.const:g_ppui32UARTIntMap</name>
         <load_address>0x3220</load_address>
         <run_address>0x3220</run_address>
         <size>0x40</size>
         <input_file_ref idref="fl-21"/>
      </object_component>
      <object_component id="oc-111">
         <name>.const:g_ppui32UARTIntMapSnowflake</name>
         <load_address>0x3260</load_address>
         <run_address>0x3260</run_address>
         <size>0x40</size>
         <input_file_ref idref="fl-21"/>
      </object_component>
      <object_component id="oc-d3">
         <name>.const:g_sXTALtoMEMTIM</name>
         <load_address>0x32a0</load_address>
         <run_address>0x32a0</run_address>
         <size>0x30</size>
         <input_file_ref idref="fl-1d"/>
      </object_component>
      <object_component id="oc-116">
         <name>.const:g_ppui32SSIIntMap</name>
         <load_address>0x32d0</load_address>
         <run_address>0x32d0</run_address>
         <size>0x20</size>
         <input_file_ref idref="fl-1b"/>
      </object_component>
      <object_component id="oc-119">
         <name>.const:g_ppui32SSIIntMapSnowflake</name>
         <load_address>0x32f0</load_address>
         <run_address>0x32f0</run_address>
         <size>0x20</size>
         <input_file_ref idref="fl-1b"/>
      </object_component>
      <object_component id="oc-fa">
         <name>.const:g_pui32Priority</name>
         <load_address>0x3310</load_address>
         <run_address>0x3310</run_address>
         <size>0x20</size>
         <input_file_ref idref="fl-14"/>
      </object_component>
      <object_component id="oc-103">
         <name>.const:g_pui32Dii16Regs</name>
         <load_address>0x3330</load_address>
         <run_address>0x3330</run_address>
         <size>0x14</size>
         <input_file_ref idref="fl-14"/>
      </object_component>
      <object_component id="oc-100">
         <name>.const:g_pui32EnRegs</name>
         <load_address>0x3344</load_address>
         <run_address>0x3344</run_address>
         <size>0x14</size>
         <input_file_ref idref="fl-14"/>
      </object_component>
      <object_component id="oc-106">
         <name>.const:g_pui32PendRegs</name>
         <load_address>0x3358</load_address>
         <run_address>0x3358</run_address>
         <size>0x14</size>
         <input_file_ref idref="fl-14"/>
      </object_component>
      <object_component id="oc-109">
         <name>.const:g_pui32UnpendRegs</name>
         <load_address>0x336c</load_address>
         <run_address>0x336c</run_address>
         <size>0x14</size>
         <input_file_ref idref="fl-14"/>
      </object_component>
      <object_component id="oc-df">
         <name>.const:g_pui32VCOFrequencies</name>
         <load_address>0x3380</load_address>
         <run_address>0x3380</run_address>
         <size>0x8</size>
         <input_file_ref idref="fl-1d"/>
      </object_component>
      <object_component id="oc-220">
         <name>.cinit..bss.load</name>
         <load_address>0x3388</load_address>
         <run_address>0x3388</run_address>
         <size>0x8</size>
      </object_component>
      <object_component id="oc-21f">
         <name>.cinit..vtable.load</name>
         <load_address>0x3390</load_address>
         <run_address>0x3390</run_address>
         <size>0x8</size>
      </object_component>
      <object_component id="oc-21d">
         <name>__TI_handler_table</name>
         <load_address>0x3398</load_address>
         <run_address>0x3398</run_address>
         <size>0x4</size>
      </object_component>
      <object_component id="oc-21e">
         <name>__TI_cinit_table</name>
         <load_address>0x339c</load_address>
         <run_address>0x339c</run_address>
         <size>0x10</size>
      </object_component>
      <object_component id="oc-f7">
         <name>.vtable</name>
         <uninitialized>true</uninitialized>
         <run_address>0x20000000</run_address>
         <size>0x26c</size>
         <input_file_ref idref="fl-14"/>
      </object_component>
      <object_component id="oc-90">
         <name>.common:Received_Char</name>
         <uninitialized>true</uninitialized>
         <run_address>0x20000470</run_address>
         <size>0x4</size>
      </object_component>
      <object_component id="oc-93">
         <name>.common:pui32DataRx</name>
         <uninitialized>true</uninitialized>
         <run_address>0x20000474</run_address>
         <size>0x4</size>
      </object_component>
      <object_component id="oc-21">
         <name>.stack</name>
         <uninitialized>true</uninitialized>
         <run_address>0x20000270</run_address>
         <size>0x4</size>
         <input_file_ref idref="fl-e5"/>
      </object_component>
      <object_component id="oc-221">
         <name>.stack</name>
         <uninitialized>true</uninitialized>
         <run_address>0x20000270</run_address>
         <size>0x0</size>
      </object_component>
      <object_component id="oc-91">
         <name>.debug_info</name>
         <load_address>0x0</load_address>
         <run_address>0x0</run_address>
         <size>0x7a7</size>
         <input_file_ref idref="fl-2"/>
      </object_component>
      <object_component id="oc-2b">
         <name>.debug_info</name>
         <load_address>0x7a7</load_address>
         <run_address>0x7a7</run_address>
         <size>0x56c</size>
         <input_file_ref idref="fl-2"/>
      </object_component>
      <object_component id="oc-a1">
         <name>.debug_info</name>
         <load_address>0xd13</load_address>
         <run_address>0xd13</run_address>
         <size>0x26b</size>
         <input_file_ref idref="fl-2"/>
      </object_component>
      <object_component id="oc-95">
         <name>.debug_info</name>
         <load_address>0xf7e</load_address>
         <run_address>0xf7e</run_address>
         <size>0x8b</size>
         <input_file_ref idref="fl-2"/>
      </object_component>
      <object_component id="oc-120">
         <name>.debug_info</name>
         <load_address>0x1009</load_address>
         <run_address>0x1009</run_address>
         <size>0x297</size>
         <input_file_ref idref="fl-2"/>
      </object_component>
      <object_component id="oc-e6">
         <name>.debug_info</name>
         <load_address>0x12a0</load_address>
         <run_address>0x12a0</run_address>
         <size>0xef</size>
         <input_file_ref idref="fl-2"/>
      </object_component>
      <object_component id="oc-9a">
         <name>.debug_info</name>
         <load_address>0x138f</load_address>
         <run_address>0x138f</run_address>
         <size>0xbb</size>
         <input_file_ref idref="fl-2"/>
      </object_component>
      <object_component id="oc-32">
         <name>.debug_info</name>
         <load_address>0x144a</load_address>
         <run_address>0x144a</run_address>
         <size>0x2e6</size>
         <input_file_ref idref="fl-3"/>
      </object_component>
      <object_component id="oc-10">
         <name>.debug_info</name>
         <load_address>0x1730</load_address>
         <run_address>0x1730</run_address>
         <size>0x101</size>
         <input_file_ref idref="fl-3"/>
      </object_component>
      <object_component id="oc-25">
         <name>.debug_info</name>
         <load_address>0x1831</load_address>
         <run_address>0x1831</run_address>
         <size>0x27d</size>
         <input_file_ref idref="fl-3"/>
      </object_component>
      <object_component id="oc-39">
         <name>.debug_info</name>
         <load_address>0x1aae</load_address>
         <run_address>0x1aae</run_address>
         <size>0x84</size>
         <input_file_ref idref="fl-3"/>
      </object_component>
      <object_component id="oc-d7">
         <name>.debug_info</name>
         <load_address>0x1b32</load_address>
         <run_address>0x1b32</run_address>
         <size>0x34e</size>
         <input_file_ref idref="fl-8"/>
      </object_component>
      <object_component id="oc-f6">
         <name>.debug_info</name>
         <load_address>0x1e80</load_address>
         <run_address>0x1e80</run_address>
         <size>0x372</size>
         <input_file_ref idref="fl-11"/>
      </object_component>
      <object_component id="oc-ed">
         <name>.debug_info</name>
         <load_address>0x21f2</load_address>
         <run_address>0x21f2</run_address>
         <size>0x112</size>
         <input_file_ref idref="fl-11"/>
      </object_component>
      <object_component id="oc-f0">
         <name>.debug_info</name>
         <load_address>0x2304</load_address>
         <run_address>0x2304</run_address>
         <size>0x114</size>
         <input_file_ref idref="fl-11"/>
      </object_component>
      <object_component id="oc-f3">
         <name>.debug_info</name>
         <load_address>0x2418</load_address>
         <run_address>0x2418</run_address>
         <size>0x106</size>
         <input_file_ref idref="fl-11"/>
      </object_component>
      <object_component id="oc-78">
         <name>.debug_info</name>
         <load_address>0x251e</load_address>
         <run_address>0x251e</run_address>
         <size>0x3135</size>
         <input_file_ref idref="fl-11"/>
      </object_component>
      <object_component id="oc-10d">
         <name>.debug_info</name>
         <load_address>0x5653</load_address>
         <run_address>0x5653</run_address>
         <size>0x34f</size>
         <input_file_ref idref="fl-14"/>
      </object_component>
      <object_component id="oc-fb">
         <name>.debug_info</name>
         <load_address>0x59a2</load_address>
         <run_address>0x59a2</run_address>
         <size>0x101</size>
         <input_file_ref idref="fl-14"/>
      </object_component>
      <object_component id="oc-fe">
         <name>.debug_info</name>
         <load_address>0x5aa3</load_address>
         <run_address>0x5aa3</run_address>
         <size>0xf9</size>
         <input_file_ref idref="fl-14"/>
      </object_component>
      <object_component id="oc-101">
         <name>.debug_info</name>
         <load_address>0x5b9c</load_address>
         <run_address>0x5b9c</run_address>
         <size>0xfd</size>
         <input_file_ref idref="fl-14"/>
      </object_component>
      <object_component id="oc-104">
         <name>.debug_info</name>
         <load_address>0x5c99</load_address>
         <run_address>0x5c99</run_address>
         <size>0x103</size>
         <input_file_ref idref="fl-14"/>
      </object_component>
      <object_component id="oc-107">
         <name>.debug_info</name>
         <load_address>0x5d9c</load_address>
         <run_address>0x5d9c</run_address>
         <size>0x101</size>
         <input_file_ref idref="fl-14"/>
      </object_component>
      <object_component id="oc-10a">
         <name>.debug_info</name>
         <load_address>0x5e9d</load_address>
         <run_address>0x5e9d</run_address>
         <size>0x105</size>
         <input_file_ref idref="fl-14"/>
      </object_component>
      <object_component id="oc-f8">
         <name>.debug_info</name>
         <load_address>0x5fa2</load_address>
         <run_address>0x5fa2</run_address>
         <size>0x102</size>
         <input_file_ref idref="fl-14"/>
      </object_component>
      <object_component id="oc-7e">
         <name>.debug_info</name>
         <load_address>0x60a4</load_address>
         <run_address>0x60a4</run_address>
         <size>0xd02</size>
         <input_file_ref idref="fl-14"/>
      </object_component>
      <object_component id="oc-11d">
         <name>.debug_info</name>
         <load_address>0x6da6</load_address>
         <run_address>0x6da6</run_address>
         <size>0x353</size>
         <input_file_ref idref="fl-1b"/>
      </object_component>
      <object_component id="oc-117">
         <name>.debug_info</name>
         <load_address>0x70f9</load_address>
         <run_address>0x70f9</run_address>
         <size>0xff</size>
         <input_file_ref idref="fl-1b"/>
      </object_component>
      <object_component id="oc-11a">
         <name>.debug_info</name>
         <load_address>0x71f8</load_address>
         <run_address>0x71f8</run_address>
         <size>0x111</size>
         <input_file_ref idref="fl-1b"/>
      </object_component>
      <object_component id="oc-8a">
         <name>.debug_info</name>
         <load_address>0x7309</load_address>
         <run_address>0x7309</run_address>
         <size>0x153e</size>
         <input_file_ref idref="fl-1b"/>
      </object_component>
      <object_component id="oc-eb">
         <name>.debug_info</name>
         <load_address>0x8847</load_address>
         <run_address>0x8847</run_address>
         <size>0x3d4</size>
         <input_file_ref idref="fl-1d"/>
      </object_component>
      <object_component id="oc-dd">
         <name>.debug_info</name>
         <load_address>0x8c1b</load_address>
         <run_address>0x8c1b</run_address>
         <size>0xf8</size>
         <input_file_ref idref="fl-1d"/>
      </object_component>
      <object_component id="oc-e3">
         <name>.debug_info</name>
         <load_address>0x8d13</load_address>
         <run_address>0x8d13</run_address>
         <size>0x104</size>
         <input_file_ref idref="fl-1d"/>
      </object_component>
      <object_component id="oc-d4">
         <name>.debug_info</name>
         <load_address>0x8e17</load_address>
         <run_address>0x8e17</run_address>
         <size>0xfe</size>
         <input_file_ref idref="fl-1d"/>
      </object_component>
      <object_component id="oc-e0">
         <name>.debug_info</name>
         <load_address>0x8f15</load_address>
         <run_address>0x8f15</run_address>
         <size>0x10b</size>
         <input_file_ref idref="fl-1d"/>
      </object_component>
      <object_component id="oc-72">
         <name>.debug_info</name>
         <load_address>0x9020</load_address>
         <run_address>0x9020</run_address>
         <size>0x2b48</size>
         <input_file_ref idref="fl-1d"/>
      </object_component>
      <object_component id="oc-17e">
         <name>.debug_info</name>
         <load_address>0xbb68</load_address>
         <run_address>0xbb68</run_address>
         <size>0x51</size>
         <input_file_ref idref="fl-1d"/>
      </object_component>
      <object_component id="oc-115">
         <name>.debug_info</name>
         <load_address>0xbbb9</load_address>
         <run_address>0xbbb9</run_address>
         <size>0x354</size>
         <input_file_ref idref="fl-21"/>
      </object_component>
      <object_component id="oc-10f">
         <name>.debug_info</name>
         <load_address>0xbf0d</load_address>
         <run_address>0xbf0d</run_address>
         <size>0x102</size>
         <input_file_ref idref="fl-21"/>
      </object_component>
      <object_component id="oc-112">
         <name>.debug_info</name>
         <load_address>0xc00f</load_address>
         <run_address>0xc00f</run_address>
         <size>0x114</size>
         <input_file_ref idref="fl-21"/>
      </object_component>
      <object_component id="oc-84">
         <name>.debug_info</name>
         <load_address>0xc123</load_address>
         <run_address>0xc123</run_address>
         <size>0x2714</size>
         <input_file_ref idref="fl-21"/>
      </object_component>
      <object_component id="oc-ba">
         <name>.debug_info</name>
         <load_address>0xe837</load_address>
         <run_address>0xe837</run_address>
         <size>0x313</size>
         <input_file_ref idref="fl-e2"/>
      </object_component>
      <object_component id="oc-4c">
         <name>.debug_info</name>
         <load_address>0xeb4a</load_address>
         <run_address>0xeb4a</run_address>
         <size>0x1b4</size>
         <input_file_ref idref="fl-e2"/>
      </object_component>
      <object_component id="oc-b5">
         <name>.debug_info</name>
         <load_address>0xecfe</load_address>
         <run_address>0xecfe</run_address>
         <size>0x46</size>
         <input_file_ref idref="fl-e2"/>
      </object_component>
      <object_component id="oc-12c">
         <name>.debug_info</name>
         <load_address>0xed44</load_address>
         <run_address>0xed44</run_address>
         <size>0x2c</size>
         <input_file_ref idref="fl-e2"/>
      </object_component>
      <object_component id="oc-22">
         <name>.debug_info</name>
         <load_address>0xed70</load_address>
         <run_address>0xed70</run_address>
         <size>0x100</size>
         <input_file_ref idref="fl-e5"/>
      </object_component>
      <object_component id="oc-60">
         <name>.debug_info</name>
         <load_address>0xee70</load_address>
         <run_address>0xee70</run_address>
         <size>0x1a4</size>
         <input_file_ref idref="fl-e5"/>
      </object_component>
      <object_component id="oc-139">
         <name>.debug_info</name>
         <load_address>0xf014</load_address>
         <run_address>0xf014</run_address>
         <size>0x117</size>
         <input_file_ref idref="fl-e6"/>
      </object_component>
      <object_component id="oc-1b1">
         <name>.debug_info</name>
         <load_address>0xf12b</load_address>
         <run_address>0xf12b</run_address>
         <size>0x547</size>
         <input_file_ref idref="fl-eb"/>
      </object_component>
      <object_component id="oc-143">
         <name>.debug_info</name>
         <load_address>0xf672</load_address>
         <run_address>0xf672</run_address>
         <size>0x19b</size>
         <input_file_ref idref="fl-eb"/>
      </object_component>
      <object_component id="oc-1d6">
         <name>.debug_info</name>
         <load_address>0xf80d</load_address>
         <run_address>0xf80d</run_address>
         <size>0x39</size>
         <input_file_ref idref="fl-eb"/>
      </object_component>
      <object_component id="oc-1ea">
         <name>.debug_info</name>
         <load_address>0xf846</load_address>
         <run_address>0xf846</run_address>
         <size>0x39</size>
         <input_file_ref idref="fl-eb"/>
      </object_component>
      <object_component id="oc-1db">
         <name>.debug_info</name>
         <load_address>0xf87f</load_address>
         <run_address>0xf87f</run_address>
         <size>0x39</size>
         <input_file_ref idref="fl-eb"/>
      </object_component>
      <object_component id="oc-1e0">
         <name>.debug_info</name>
         <load_address>0xf8b8</load_address>
         <run_address>0xf8b8</run_address>
         <size>0xcd</size>
         <input_file_ref idref="fl-eb"/>
      </object_component>
      <object_component id="oc-c4">
         <name>.debug_info</name>
         <load_address>0xf985</load_address>
         <run_address>0xf985</run_address>
         <size>0x148</size>
         <input_file_ref idref="fl-ec"/>
      </object_component>
      <object_component id="oc-222">
         <name>.debug_info</name>
         <load_address>0xfacd</load_address>
         <run_address>0xfacd</run_address>
         <size>0xb7</size>
      </object_component>
      <object_component id="oc-11f">
         <name>.debug_line</name>
         <load_address>0x0</load_address>
         <run_address>0x0</run_address>
         <size>0xa6</size>
         <input_file_ref idref="fl-2"/>
      </object_component>
      <object_component id="oc-2e">
         <name>.debug_line</name>
         <load_address>0xa6</load_address>
         <run_address>0xa6</run_address>
         <size>0xad</size>
         <input_file_ref idref="fl-2"/>
      </object_component>
      <object_component id="oc-a4">
         <name>.debug_line</name>
         <load_address>0x153</load_address>
         <run_address>0x153</run_address>
         <size>0x69</size>
         <input_file_ref idref="fl-2"/>
      </object_component>
      <object_component id="oc-98">
         <name>.debug_line</name>
         <load_address>0x1bc</load_address>
         <run_address>0x1bc</run_address>
         <size>0x20</size>
         <input_file_ref idref="fl-2"/>
      </object_component>
      <object_component id="oc-123">
         <name>.debug_line</name>
         <load_address>0x1dc</load_address>
         <run_address>0x1dc</run_address>
         <size>0x6d</size>
         <input_file_ref idref="fl-2"/>
      </object_component>
      <object_component id="oc-e9">
         <name>.debug_line</name>
         <load_address>0x249</load_address>
         <run_address>0x249</run_address>
         <size>0x69</size>
         <input_file_ref idref="fl-2"/>
      </object_component>
      <object_component id="oc-9d">
         <name>.debug_line</name>
         <load_address>0x2b2</load_address>
         <run_address>0x2b2</run_address>
         <size>0x6a</size>
         <input_file_ref idref="fl-2"/>
      </object_component>
      <object_component id="oc-a0">
         <name>.debug_line</name>
         <load_address>0x31c</load_address>
         <run_address>0x31c</run_address>
         <size>0x41</size>
         <input_file_ref idref="fl-3"/>
      </object_component>
      <object_component id="oc-31">
         <name>.debug_line</name>
         <load_address>0x35d</load_address>
         <run_address>0x35d</run_address>
         <size>0x41</size>
         <input_file_ref idref="fl-3"/>
      </object_component>
      <object_component id="oc-28">
         <name>.debug_line</name>
         <load_address>0x39e</load_address>
         <run_address>0x39e</run_address>
         <size>0xa1</size>
         <input_file_ref idref="fl-3"/>
      </object_component>
      <object_component id="oc-3c">
         <name>.debug_line</name>
         <load_address>0x43f</load_address>
         <run_address>0x43f</run_address>
         <size>0x20</size>
         <input_file_ref idref="fl-3"/>
      </object_component>
      <object_component id="oc-da">
         <name>.debug_line</name>
         <load_address>0x45f</load_address>
         <run_address>0x45f</run_address>
         <size>0xd9</size>
         <input_file_ref idref="fl-8"/>
      </object_component>
      <object_component id="oc-189">
         <name>.debug_line</name>
         <load_address>0x538</load_address>
         <run_address>0x538</run_address>
         <size>0x7c</size>
         <input_file_ref idref="fl-11"/>
      </object_component>
      <object_component id="oc-183">
         <name>.debug_line</name>
         <load_address>0x5b4</load_address>
         <run_address>0x5b4</run_address>
         <size>0x37</size>
         <input_file_ref idref="fl-11"/>
      </object_component>
      <object_component id="oc-185">
         <name>.debug_line</name>
         <load_address>0x5eb</load_address>
         <run_address>0x5eb</run_address>
         <size>0x37</size>
         <input_file_ref idref="fl-11"/>
      </object_component>
      <object_component id="oc-187">
         <name>.debug_line</name>
         <load_address>0x622</load_address>
         <run_address>0x622</run_address>
         <size>0x37</size>
         <input_file_ref idref="fl-11"/>
      </object_component>
      <object_component id="oc-7b">
         <name>.debug_line</name>
         <load_address>0x659</load_address>
         <run_address>0x659</run_address>
         <size>0x635</size>
         <input_file_ref idref="fl-11"/>
      </object_component>
      <object_component id="oc-199">
         <name>.debug_line</name>
         <load_address>0xc8e</load_address>
         <run_address>0xc8e</run_address>
         <size>0x76</size>
         <input_file_ref idref="fl-14"/>
      </object_component>
      <object_component id="oc-18d">
         <name>.debug_line</name>
         <load_address>0xd04</load_address>
         <run_address>0xd04</run_address>
         <size>0x3c</size>
         <input_file_ref idref="fl-14"/>
      </object_component>
      <object_component id="oc-18f">
         <name>.debug_line</name>
         <load_address>0xd40</load_address>
         <run_address>0xd40</run_address>
         <size>0x3c</size>
         <input_file_ref idref="fl-14"/>
      </object_component>
      <object_component id="oc-191">
         <name>.debug_line</name>
         <load_address>0xd7c</load_address>
         <run_address>0xd7c</run_address>
         <size>0x3c</size>
         <input_file_ref idref="fl-14"/>
      </object_component>
      <object_component id="oc-193">
         <name>.debug_line</name>
         <load_address>0xdb8</load_address>
         <run_address>0xdb8</run_address>
         <size>0x3c</size>
         <input_file_ref idref="fl-14"/>
      </object_component>
      <object_component id="oc-195">
         <name>.debug_line</name>
         <load_address>0xdf4</load_address>
         <run_address>0xdf4</run_address>
         <size>0x3c</size>
         <input_file_ref idref="fl-14"/>
      </object_component>
      <object_component id="oc-197">
         <name>.debug_line</name>
         <load_address>0xe30</load_address>
         <run_address>0xe30</run_address>
         <size>0x3c</size>
         <input_file_ref idref="fl-14"/>
      </object_component>
      <object_component id="oc-18b">
         <name>.debug_line</name>
         <load_address>0xe6c</load_address>
         <run_address>0xe6c</run_address>
         <size>0x3c</size>
         <input_file_ref idref="fl-14"/>
      </object_component>
      <object_component id="oc-81">
         <name>.debug_line</name>
         <load_address>0xea8</load_address>
         <run_address>0xea8</run_address>
         <size>0x2ed</size>
         <input_file_ref idref="fl-14"/>
      </object_component>
      <object_component id="oc-1a5">
         <name>.debug_line</name>
         <load_address>0x1195</load_address>
         <run_address>0x1195</run_address>
         <size>0x7c</size>
         <input_file_ref idref="fl-1b"/>
      </object_component>
      <object_component id="oc-1a1">
         <name>.debug_line</name>
         <load_address>0x1211</load_address>
         <run_address>0x1211</run_address>
         <size>0x36</size>
         <input_file_ref idref="fl-1b"/>
      </object_component>
      <object_component id="oc-1a3">
         <name>.debug_line</name>
         <load_address>0x1247</load_address>
         <run_address>0x1247</run_address>
         <size>0x36</size>
         <input_file_ref idref="fl-1b"/>
      </object_component>
      <object_component id="oc-8d">
         <name>.debug_line</name>
         <load_address>0x127d</load_address>
         <run_address>0x127d</run_address>
         <size>0x318</size>
         <input_file_ref idref="fl-1b"/>
      </object_component>
      <object_component id="oc-17d">
         <name>.debug_line</name>
         <load_address>0x1595</load_address>
         <run_address>0x1595</run_address>
         <size>0x12b</size>
         <input_file_ref idref="fl-1d"/>
      </object_component>
      <object_component id="oc-177">
         <name>.debug_line</name>
         <load_address>0x16c0</load_address>
         <run_address>0x16c0</run_address>
         <size>0x39</size>
         <input_file_ref idref="fl-1d"/>
      </object_component>
      <object_component id="oc-17b">
         <name>.debug_line</name>
         <load_address>0x16f9</load_address>
         <run_address>0x16f9</run_address>
         <size>0x39</size>
         <input_file_ref idref="fl-1d"/>
      </object_component>
      <object_component id="oc-174">
         <name>.debug_line</name>
         <load_address>0x1732</load_address>
         <run_address>0x1732</run_address>
         <size>0x39</size>
         <input_file_ref idref="fl-1d"/>
      </object_component>
      <object_component id="oc-179">
         <name>.debug_line</name>
         <load_address>0x176b</load_address>
         <run_address>0x176b</run_address>
         <size>0x39</size>
         <input_file_ref idref="fl-1d"/>
      </object_component>
      <object_component id="oc-75">
         <name>.debug_line</name>
         <load_address>0x17a4</load_address>
         <run_address>0x17a4</run_address>
         <size>0x9b0</size>
         <input_file_ref idref="fl-1d"/>
      </object_component>
      <object_component id="oc-180">
         <name>.debug_line</name>
         <load_address>0x2154</load_address>
         <run_address>0x2154</run_address>
         <size>0x39</size>
         <input_file_ref idref="fl-1d"/>
      </object_component>
      <object_component id="oc-19f">
         <name>.debug_line</name>
         <load_address>0x218d</load_address>
         <run_address>0x218d</run_address>
         <size>0x7c</size>
         <input_file_ref idref="fl-21"/>
      </object_component>
      <object_component id="oc-19b">
         <name>.debug_line</name>
         <load_address>0x2209</load_address>
         <run_address>0x2209</run_address>
         <size>0x37</size>
         <input_file_ref idref="fl-21"/>
      </object_component>
      <object_component id="oc-19d">
         <name>.debug_line</name>
         <load_address>0x2240</load_address>
         <run_address>0x2240</run_address>
         <size>0x37</size>
         <input_file_ref idref="fl-21"/>
      </object_component>
      <object_component id="oc-87">
         <name>.debug_line</name>
         <load_address>0x2277</load_address>
         <run_address>0x2277</run_address>
         <size>0x5b6</size>
         <input_file_ref idref="fl-21"/>
      </object_component>
      <object_component id="oc-132">
         <name>.debug_line</name>
         <load_address>0x282d</load_address>
         <run_address>0x282d</run_address>
         <size>0x9e</size>
         <input_file_ref idref="fl-e2"/>
      </object_component>
      <object_component id="oc-4f">
         <name>.debug_line</name>
         <load_address>0x28cb</load_address>
         <run_address>0x28cb</run_address>
         <size>0x4f</size>
         <input_file_ref idref="fl-e2"/>
      </object_component>
      <object_component id="oc-b8">
         <name>.debug_line</name>
         <load_address>0x291a</load_address>
         <run_address>0x291a</run_address>
         <size>0x34</size>
         <input_file_ref idref="fl-e2"/>
      </object_component>
      <object_component id="oc-12f">
         <name>.debug_line</name>
         <load_address>0x294e</load_address>
         <run_address>0x294e</run_address>
         <size>0x8a</size>
         <input_file_ref idref="fl-e2"/>
      </object_component>
      <object_component id="oc-6f">
         <name>.debug_line</name>
         <load_address>0x29d8</load_address>
         <run_address>0x29d8</run_address>
         <size>0x33</size>
         <input_file_ref idref="fl-e5"/>
      </object_component>
      <object_component id="oc-5f">
         <name>.debug_line</name>
         <load_address>0x2a0b</load_address>
         <run_address>0x2a0b</run_address>
         <size>0x56</size>
         <input_file_ref idref="fl-e5"/>
      </object_component>
      <object_component id="oc-137">
         <name>.debug_line</name>
         <load_address>0x2a61</load_address>
         <run_address>0x2a61</run_address>
         <size>0x3c</size>
         <input_file_ref idref="fl-e6"/>
      </object_component>
      <object_component id="oc-1d5">
         <name>.debug_line</name>
         <load_address>0x2a9d</load_address>
         <run_address>0x2a9d</run_address>
         <size>0xb7</size>
         <input_file_ref idref="fl-eb"/>
      </object_component>
      <object_component id="oc-142">
         <name>.debug_line</name>
         <load_address>0x2b54</load_address>
         <run_address>0x2b54</run_address>
         <size>0x6c</size>
         <input_file_ref idref="fl-eb"/>
      </object_component>
      <object_component id="oc-1d9">
         <name>.debug_line</name>
         <load_address>0x2bc0</load_address>
         <run_address>0x2bc0</run_address>
         <size>0x2e</size>
         <input_file_ref idref="fl-eb"/>
      </object_component>
      <object_component id="oc-1ed">
         <name>.debug_line</name>
         <load_address>0x2bee</load_address>
         <run_address>0x2bee</run_address>
         <size>0x92</size>
         <input_file_ref idref="fl-eb"/>
      </object_component>
      <object_component id="oc-1de">
         <name>.debug_line</name>
         <load_address>0x2c80</load_address>
         <run_address>0x2c80</run_address>
         <size>0x8f</size>
         <input_file_ref idref="fl-eb"/>
      </object_component>
      <object_component id="oc-1e3">
         <name>.debug_line</name>
         <load_address>0x2d0f</load_address>
         <run_address>0x2d0f</run_address>
         <size>0x8b</size>
         <input_file_ref idref="fl-eb"/>
      </object_component>
      <object_component id="oc-c2">
         <name>.debug_line</name>
         <load_address>0x2d9a</load_address>
         <run_address>0x2d9a</run_address>
         <size>0x40</size>
         <input_file_ref idref="fl-ec"/>
      </object_component>
      <object_component id="oc-2f">
         <name>.debug_frame</name>
         <load_address>0x0</load_address>
         <run_address>0x0</run_address>
         <size>0x94</size>
         <input_file_ref idref="fl-2"/>
      </object_component>
      <object_component id="oc-29">
         <name>.debug_frame</name>
         <load_address>0x94</load_address>
         <run_address>0x94</run_address>
         <size>0x90</size>
         <input_file_ref idref="fl-3"/>
      </object_component>
      <object_component id="oc-db">
         <name>.debug_frame</name>
         <load_address>0x124</load_address>
         <run_address>0x124</run_address>
         <size>0xbc</size>
         <input_file_ref idref="fl-8"/>
      </object_component>
      <object_component id="oc-7c">
         <name>.debug_frame</name>
         <load_address>0x1e0</load_address>
         <run_address>0x1e0</run_address>
         <size>0x564</size>
         <input_file_ref idref="fl-11"/>
      </object_component>
      <object_component id="oc-82">
         <name>.debug_frame</name>
         <load_address>0x744</load_address>
         <run_address>0x744</run_address>
         <size>0x1d4</size>
         <input_file_ref idref="fl-14"/>
      </object_component>
      <object_component id="oc-8e">
         <name>.debug_frame</name>
         <load_address>0x918</load_address>
         <run_address>0x918</run_address>
         <size>0x288</size>
         <input_file_ref idref="fl-1b"/>
      </object_component>
      <object_component id="oc-76">
         <name>.debug_frame</name>
         <load_address>0xba0</load_address>
         <run_address>0xba0</run_address>
         <size>0x5a8</size>
         <input_file_ref idref="fl-1d"/>
      </object_component>
      <object_component id="oc-88">
         <name>.debug_frame</name>
         <load_address>0x1148</load_address>
         <run_address>0x1148</run_address>
         <size>0x4cc</size>
         <input_file_ref idref="fl-21"/>
      </object_component>
      <object_component id="oc-4e">
         <name>.debug_frame</name>
         <load_address>0x1614</load_address>
         <run_address>0x1614</run_address>
         <size>0x54</size>
         <input_file_ref idref="fl-e2"/>
      </object_component>
      <object_component id="oc-5e">
         <name>.debug_frame</name>
         <load_address>0x1668</load_address>
         <run_address>0x1668</run_address>
         <size>0x58</size>
         <input_file_ref idref="fl-e5"/>
      </object_component>
      <object_component id="oc-138">
         <name>.debug_frame</name>
         <load_address>0x16c0</load_address>
         <run_address>0x16c0</run_address>
         <size>0x54</size>
         <input_file_ref idref="fl-e6"/>
      </object_component>
      <object_component id="oc-146">
         <name>.debug_frame</name>
         <load_address>0x1714</load_address>
         <run_address>0x1714</run_address>
         <size>0x5c</size>
         <input_file_ref idref="fl-eb"/>
      </object_component>
      <object_component id="oc-c6">
         <name>.debug_frame</name>
         <load_address>0x1770</load_address>
         <run_address>0x1770</run_address>
         <size>0x54</size>
         <input_file_ref idref="fl-ec"/>
      </object_component>
      <object_component id="oc-11e">
         <name>.debug_abbrev</name>
         <load_address>0x0</load_address>
         <run_address>0x0</run_address>
         <size>0xcb</size>
         <input_file_ref idref="fl-2"/>
      </object_component>
      <object_component id="oc-94">
         <name>.debug_abbrev</name>
         <load_address>0xcb</load_address>
         <run_address>0xcb</run_address>
         <size>0xa9</size>
         <input_file_ref idref="fl-2"/>
      </object_component>
      <object_component id="oc-a3">
         <name>.debug_abbrev</name>
         <load_address>0x174</load_address>
         <run_address>0x174</run_address>
         <size>0x69</size>
         <input_file_ref idref="fl-2"/>
      </object_component>
      <object_component id="oc-97">
         <name>.debug_abbrev</name>
         <load_address>0x1dd</load_address>
         <run_address>0x1dd</run_address>
         <size>0x1f</size>
         <input_file_ref idref="fl-2"/>
      </object_component>
      <object_component id="oc-122">
         <name>.debug_abbrev</name>
         <load_address>0x1fc</load_address>
         <run_address>0x1fc</run_address>
         <size>0x5c</size>
         <input_file_ref idref="fl-2"/>
      </object_component>
      <object_component id="oc-e8">
         <name>.debug_abbrev</name>
         <load_address>0x258</load_address>
         <run_address>0x258</run_address>
         <size>0x24</size>
         <input_file_ref idref="fl-2"/>
      </object_component>
      <object_component id="oc-9c">
         <name>.debug_abbrev</name>
         <load_address>0x27c</load_address>
         <run_address>0x27c</run_address>
         <size>0x24</size>
         <input_file_ref idref="fl-2"/>
      </object_component>
      <object_component id="oc-9f">
         <name>.debug_abbrev</name>
         <load_address>0x2a0</load_address>
         <run_address>0x2a0</run_address>
         <size>0x7c</size>
         <input_file_ref idref="fl-3"/>
      </object_component>
      <object_component id="oc-30">
         <name>.debug_abbrev</name>
         <load_address>0x31c</load_address>
         <run_address>0x31c</run_address>
         <size>0x29</size>
         <input_file_ref idref="fl-3"/>
      </object_component>
      <object_component id="oc-70">
         <name>.debug_abbrev</name>
         <load_address>0x345</load_address>
         <run_address>0x345</run_address>
         <size>0x79</size>
         <input_file_ref idref="fl-3"/>
      </object_component>
      <object_component id="oc-3b">
         <name>.debug_abbrev</name>
         <load_address>0x3be</load_address>
         <run_address>0x3be</run_address>
         <size>0x1f</size>
         <input_file_ref idref="fl-3"/>
      </object_component>
      <object_component id="oc-175">
         <name>.debug_abbrev</name>
         <load_address>0x3dd</load_address>
         <run_address>0x3dd</run_address>
         <size>0xca</size>
         <input_file_ref idref="fl-8"/>
      </object_component>
      <object_component id="oc-188">
         <name>.debug_abbrev</name>
         <load_address>0x4a7</load_address>
         <run_address>0x4a7</run_address>
         <size>0x76</size>
         <input_file_ref idref="fl-11"/>
      </object_component>
      <object_component id="oc-182">
         <name>.debug_abbrev</name>
         <load_address>0x51d</load_address>
         <run_address>0x51d</run_address>
         <size>0x27</size>
         <input_file_ref idref="fl-11"/>
      </object_component>
      <object_component id="oc-184">
         <name>.debug_abbrev</name>
         <load_address>0x544</load_address>
         <run_address>0x544</run_address>
         <size>0x27</size>
         <input_file_ref idref="fl-11"/>
      </object_component>
      <object_component id="oc-186">
         <name>.debug_abbrev</name>
         <load_address>0x56b</load_address>
         <run_address>0x56b</run_address>
         <size>0x27</size>
         <input_file_ref idref="fl-11"/>
      </object_component>
      <object_component id="oc-f5">
         <name>.debug_abbrev</name>
         <load_address>0x592</load_address>
         <run_address>0x592</run_address>
         <size>0xd6</size>
         <input_file_ref idref="fl-11"/>
      </object_component>
      <object_component id="oc-198">
         <name>.debug_abbrev</name>
         <load_address>0x668</load_address>
         <run_address>0x668</run_address>
         <size>0x92</size>
         <input_file_ref idref="fl-14"/>
      </object_component>
      <object_component id="oc-18c">
         <name>.debug_abbrev</name>
         <load_address>0x6fa</load_address>
         <run_address>0x6fa</run_address>
         <size>0x27</size>
         <input_file_ref idref="fl-14"/>
      </object_component>
      <object_component id="oc-18e">
         <name>.debug_abbrev</name>
         <load_address>0x721</load_address>
         <run_address>0x721</run_address>
         <size>0x27</size>
         <input_file_ref idref="fl-14"/>
      </object_component>
      <object_component id="oc-190">
         <name>.debug_abbrev</name>
         <load_address>0x748</load_address>
         <run_address>0x748</run_address>
         <size>0x27</size>
         <input_file_ref idref="fl-14"/>
      </object_component>
      <object_component id="oc-192">
         <name>.debug_abbrev</name>
         <load_address>0x76f</load_address>
         <run_address>0x76f</run_address>
         <size>0x27</size>
         <input_file_ref idref="fl-14"/>
      </object_component>
      <object_component id="oc-194">
         <name>.debug_abbrev</name>
         <load_address>0x796</load_address>
         <run_address>0x796</run_address>
         <size>0x27</size>
         <input_file_ref idref="fl-14"/>
      </object_component>
      <object_component id="oc-196">
         <name>.debug_abbrev</name>
         <load_address>0x7bd</load_address>
         <run_address>0x7bd</run_address>
         <size>0x27</size>
         <input_file_ref idref="fl-14"/>
      </object_component>
      <object_component id="oc-18a">
         <name>.debug_abbrev</name>
         <load_address>0x7e4</load_address>
         <run_address>0x7e4</run_address>
         <size>0x29</size>
         <input_file_ref idref="fl-14"/>
      </object_component>
      <object_component id="oc-10c">
         <name>.debug_abbrev</name>
         <load_address>0x80d</load_address>
         <run_address>0x80d</run_address>
         <size>0x101</size>
         <input_file_ref idref="fl-14"/>
      </object_component>
      <object_component id="oc-1a4">
         <name>.debug_abbrev</name>
         <load_address>0x90e</load_address>
         <run_address>0x90e</run_address>
         <size>0x76</size>
         <input_file_ref idref="fl-1b"/>
      </object_component>
      <object_component id="oc-1a0">
         <name>.debug_abbrev</name>
         <load_address>0x984</load_address>
         <run_address>0x984</run_address>
         <size>0x27</size>
         <input_file_ref idref="fl-1b"/>
      </object_component>
      <object_component id="oc-1a2">
         <name>.debug_abbrev</name>
         <load_address>0x9ab</load_address>
         <run_address>0x9ab</run_address>
         <size>0x27</size>
         <input_file_ref idref="fl-1b"/>
      </object_component>
      <object_component id="oc-11c">
         <name>.debug_abbrev</name>
         <load_address>0x9d2</load_address>
         <run_address>0x9d2</run_address>
         <size>0x103</size>
         <input_file_ref idref="fl-1b"/>
      </object_component>
      <object_component id="oc-17c">
         <name>.debug_abbrev</name>
         <load_address>0xad5</load_address>
         <run_address>0xad5</run_address>
         <size>0xb4</size>
         <input_file_ref idref="fl-1d"/>
      </object_component>
      <object_component id="oc-176">
         <name>.debug_abbrev</name>
         <load_address>0xb89</load_address>
         <run_address>0xb89</run_address>
         <size>0x27</size>
         <input_file_ref idref="fl-1d"/>
      </object_component>
      <object_component id="oc-17a">
         <name>.debug_abbrev</name>
         <load_address>0xbb0</load_address>
         <run_address>0xbb0</run_address>
         <size>0x27</size>
         <input_file_ref idref="fl-1d"/>
      </object_component>
      <object_component id="oc-173">
         <name>.debug_abbrev</name>
         <load_address>0xbd7</load_address>
         <run_address>0xbd7</run_address>
         <size>0x27</size>
         <input_file_ref idref="fl-1d"/>
      </object_component>
      <object_component id="oc-178">
         <name>.debug_abbrev</name>
         <load_address>0xbfe</load_address>
         <run_address>0xbfe</run_address>
         <size>0x27</size>
         <input_file_ref idref="fl-1d"/>
      </object_component>
      <object_component id="oc-e5">
         <name>.debug_abbrev</name>
         <load_address>0xc25</load_address>
         <run_address>0xc25</run_address>
         <size>0x12e</size>
         <input_file_ref idref="fl-1d"/>
      </object_component>
      <object_component id="oc-17f">
         <name>.debug_abbrev</name>
         <load_address>0xd53</load_address>
         <run_address>0xd53</run_address>
         <size>0x38</size>
         <input_file_ref idref="fl-1d"/>
      </object_component>
      <object_component id="oc-19e">
         <name>.debug_abbrev</name>
         <load_address>0xd8b</load_address>
         <run_address>0xd8b</run_address>
         <size>0x76</size>
         <input_file_ref idref="fl-21"/>
      </object_component>
      <object_component id="oc-19a">
         <name>.debug_abbrev</name>
         <load_address>0xe01</load_address>
         <run_address>0xe01</run_address>
         <size>0x27</size>
         <input_file_ref idref="fl-21"/>
      </object_component>
      <object_component id="oc-19c">
         <name>.debug_abbrev</name>
         <load_address>0xe28</load_address>
         <run_address>0xe28</run_address>
         <size>0x27</size>
         <input_file_ref idref="fl-21"/>
      </object_component>
      <object_component id="oc-114">
         <name>.debug_abbrev</name>
         <load_address>0xe4f</load_address>
         <run_address>0xe4f</run_address>
         <size>0x132</size>
         <input_file_ref idref="fl-21"/>
      </object_component>
      <object_component id="oc-131">
         <name>.debug_abbrev</name>
         <load_address>0xf81</load_address>
         <run_address>0xf81</run_address>
         <size>0x73</size>
         <input_file_ref idref="fl-e2"/>
      </object_component>
      <object_component id="oc-b4">
         <name>.debug_abbrev</name>
         <load_address>0xff4</load_address>
         <run_address>0xff4</run_address>
         <size>0x6f</size>
         <input_file_ref idref="fl-e2"/>
      </object_component>
      <object_component id="oc-b7">
         <name>.debug_abbrev</name>
         <load_address>0x1063</load_address>
         <run_address>0x1063</run_address>
         <size>0x24</size>
         <input_file_ref idref="fl-e2"/>
      </object_component>
      <object_component id="oc-12e">
         <name>.debug_abbrev</name>
         <load_address>0x1087</load_address>
         <run_address>0x1087</run_address>
         <size>0x24</size>
         <input_file_ref idref="fl-e2"/>
      </object_component>
      <object_component id="oc-6e">
         <name>.debug_abbrev</name>
         <load_address>0x10ab</load_address>
         <run_address>0x10ab</run_address>
         <size>0x29</size>
         <input_file_ref idref="fl-e5"/>
      </object_component>
      <object_component id="oc-ca">
         <name>.debug_abbrev</name>
         <load_address>0x10d4</load_address>
         <run_address>0x10d4</run_address>
         <size>0x61</size>
         <input_file_ref idref="fl-e5"/>
      </object_component>
      <object_component id="oc-1a6">
         <name>.debug_abbrev</name>
         <load_address>0x1135</load_address>
         <run_address>0x1135</run_address>
         <size>0x45</size>
         <input_file_ref idref="fl-e6"/>
      </object_component>
      <object_component id="oc-1d4">
         <name>.debug_abbrev</name>
         <load_address>0x117a</load_address>
         <run_address>0x117a</run_address>
         <size>0xdb</size>
         <input_file_ref idref="fl-eb"/>
      </object_component>
      <object_component id="oc-1b0">
         <name>.debug_abbrev</name>
         <load_address>0x1255</load_address>
         <run_address>0x1255</run_address>
         <size>0x7e</size>
         <input_file_ref idref="fl-eb"/>
      </object_component>
      <object_component id="oc-1d8">
         <name>.debug_abbrev</name>
         <load_address>0x12d3</load_address>
         <run_address>0x12d3</run_address>
         <size>0x24</size>
         <input_file_ref idref="fl-eb"/>
      </object_component>
      <object_component id="oc-1ec">
         <name>.debug_abbrev</name>
         <load_address>0x12f7</load_address>
         <run_address>0x12f7</run_address>
         <size>0x24</size>
         <input_file_ref idref="fl-eb"/>
      </object_component>
      <object_component id="oc-1dd">
         <name>.debug_abbrev</name>
         <load_address>0x131b</load_address>
         <run_address>0x131b</run_address>
         <size>0x24</size>
         <input_file_ref idref="fl-eb"/>
      </object_component>
      <object_component id="oc-1e2">
         <name>.debug_abbrev</name>
         <load_address>0x133f</load_address>
         <run_address>0x133f</run_address>
         <size>0x4b</size>
         <input_file_ref idref="fl-eb"/>
      </object_component>
      <object_component id="oc-134">
         <name>.debug_abbrev</name>
         <load_address>0x138a</load_address>
         <run_address>0x138a</run_address>
         <size>0x55</size>
         <input_file_ref idref="fl-ec"/>
      </object_component>
      <object_component id="oc-223">
         <name>.debug_abbrev</name>
         <load_address>0x13df</load_address>
         <run_address>0x13df</run_address>
         <size>0xf</size>
      </object_component>
      <object_component id="oc-a5">
         <name>.debug_str</name>
         <load_address>0x0</load_address>
         <run_address>0x0</run_address>
         <size>0x2bf</size>
         <input_file_ref idref="fl-2"/>
      </object_component>
      <object_component id="oc-99">
         <name>.debug_str</name>
         <load_address>0x2bf</load_address>
         <run_address>0x2bf</run_address>
         <size>0xfa</size>
         <input_file_ref idref="fl-2"/>
      </object_component>
      <object_component id="oc-124">
         <name>.debug_str</name>
         <load_address>0x3b9</load_address>
         <run_address>0x3b9</run_address>
         <size>0x34e</size>
         <input_file_ref idref="fl-2"/>
      </object_component>
      <object_component id="oc-ea">
         <name>.debug_str</name>
         <load_address>0x707</load_address>
         <run_address>0x707</run_address>
         <size>0x1ca</size>
         <input_file_ref idref="fl-2"/>
      </object_component>
      <object_component id="oc-9e">
         <name>.debug_str</name>
         <load_address>0x8d1</load_address>
         <run_address>0x8d1</run_address>
         <size>0x157</size>
         <input_file_ref idref="fl-2"/>
      </object_component>
      <object_component id="oc-3d">
         <name>.debug_str</name>
         <load_address>0xa28</load_address>
         <run_address>0xa28</run_address>
         <size>0xfa</size>
         <input_file_ref idref="fl-3"/>
      </object_component>
      <object_component id="oc-181">
         <name>.debug_str</name>
         <load_address>0xb22</load_address>
         <run_address>0xb22</run_address>
         <size>0xda</size>
         <input_file_ref idref="fl-1d"/>
      </object_component>
      <object_component id="oc-b9">
         <name>.debug_str</name>
         <load_address>0xbfc</load_address>
         <run_address>0xbfc</run_address>
         <size>0xfa</size>
         <input_file_ref idref="fl-e2"/>
      </object_component>
      <object_component id="oc-130">
         <name>.debug_str</name>
         <load_address>0xcf6</load_address>
         <run_address>0xcf6</run_address>
         <size>0x12d</size>
         <input_file_ref idref="fl-e2"/>
      </object_component>
      <object_component id="oc-1da">
         <name>.debug_str</name>
         <load_address>0xe23</load_address>
         <run_address>0xe23</run_address>
         <size>0xe2</size>
         <input_file_ref idref="fl-eb"/>
      </object_component>
      <object_component id="oc-1ee">
         <name>.debug_str</name>
         <load_address>0xf05</load_address>
         <run_address>0xf05</run_address>
         <size>0x144</size>
         <input_file_ref idref="fl-eb"/>
      </object_component>
      <object_component id="oc-1df">
         <name>.debug_str</name>
         <load_address>0x1049</load_address>
         <run_address>0x1049</run_address>
         <size>0x13d</size>
         <input_file_ref idref="fl-eb"/>
      </object_component>
      <object_component id="oc-1e4">
         <name>.debug_str</name>
         <load_address>0x1186</load_address>
         <run_address>0x1186</run_address>
         <size>0x184</size>
         <input_file_ref idref="fl-eb"/>
      </object_component>
      <object_component id="oc-2c">
         <name>.debug_aranges</name>
         <load_address>0x0</load_address>
         <run_address>0x0</run_address>
         <size>0x30</size>
         <input_file_ref idref="fl-2"/>
      </object_component>
      <object_component id="oc-26">
         <name>.debug_aranges</name>
         <load_address>0x30</load_address>
         <run_address>0x30</run_address>
         <size>0x38</size>
         <input_file_ref idref="fl-3"/>
      </object_component>
      <object_component id="oc-d8">
         <name>.debug_aranges</name>
         <load_address>0x68</load_address>
         <run_address>0x68</run_address>
         <size>0x48</size>
         <input_file_ref idref="fl-8"/>
      </object_component>
      <object_component id="oc-79">
         <name>.debug_aranges</name>
         <load_address>0xb0</load_address>
         <run_address>0xb0</run_address>
         <size>0x1a0</size>
         <input_file_ref idref="fl-11"/>
      </object_component>
      <object_component id="oc-7f">
         <name>.debug_aranges</name>
         <load_address>0x250</load_address>
         <run_address>0x250</run_address>
         <size>0xa0</size>
         <input_file_ref idref="fl-14"/>
      </object_component>
      <object_component id="oc-8b">
         <name>.debug_aranges</name>
         <load_address>0x2f0</load_address>
         <run_address>0x2f0</run_address>
         <size>0xd8</size>
         <input_file_ref idref="fl-1b"/>
      </object_component>
      <object_component id="oc-73">
         <name>.debug_aranges</name>
         <load_address>0x3c8</load_address>
         <run_address>0x3c8</run_address>
         <size>0x1e0</size>
         <input_file_ref idref="fl-1d"/>
      </object_component>
      <object_component id="oc-85">
         <name>.debug_aranges</name>
         <load_address>0x5a8</load_address>
         <run_address>0x5a8</run_address>
         <size>0x198</size>
         <input_file_ref idref="fl-21"/>
      </object_component>
      <object_component id="oc-4b">
         <name>.debug_aranges</name>
         <load_address>0x740</load_address>
         <run_address>0x740</run_address>
         <size>0x20</size>
         <input_file_ref idref="fl-e2"/>
      </object_component>
      <object_component id="oc-5d">
         <name>.debug_aranges</name>
         <load_address>0x760</load_address>
         <run_address>0x760</run_address>
         <size>0x20</size>
         <input_file_ref idref="fl-e5"/>
      </object_component>
      <object_component id="oc-136">
         <name>.debug_aranges</name>
         <load_address>0x780</load_address>
         <run_address>0x780</run_address>
         <size>0x20</size>
         <input_file_ref idref="fl-e6"/>
      </object_component>
      <object_component id="oc-145">
         <name>.debug_aranges</name>
         <load_address>0x7a0</load_address>
         <run_address>0x7a0</run_address>
         <size>0x20</size>
         <input_file_ref idref="fl-eb"/>
      </object_component>
      <object_component id="oc-c3">
         <name>.debug_aranges</name>
         <load_address>0x7c0</load_address>
         <run_address>0x7c0</run_address>
         <size>0x20</size>
         <input_file_ref idref="fl-ec"/>
      </object_component>
      <object_component id="oc-92">
         <name>.debug_pubnames</name>
         <load_address>0x0</load_address>
         <run_address>0x0</run_address>
         <size>0x42</size>
         <input_file_ref idref="fl-2"/>
      </object_component>
      <object_component id="oc-2d">
         <name>.debug_pubnames</name>
         <load_address>0x42</load_address>
         <run_address>0x42</run_address>
         <size>0x3b</size>
         <input_file_ref idref="fl-2"/>
      </object_component>
      <object_component id="oc-11">
         <name>.debug_pubnames</name>
         <load_address>0x7d</load_address>
         <run_address>0x7d</run_address>
         <size>0x23</size>
         <input_file_ref idref="fl-3"/>
      </object_component>
      <object_component id="oc-27">
         <name>.debug_pubnames</name>
         <load_address>0xa0</load_address>
         <run_address>0xa0</run_address>
         <size>0x4c</size>
         <input_file_ref idref="fl-3"/>
      </object_component>
      <object_component id="oc-d9">
         <name>.debug_pubnames</name>
         <load_address>0xec</load_address>
         <run_address>0xec</run_address>
         <size>0x6a</size>
         <input_file_ref idref="fl-8"/>
      </object_component>
      <object_component id="oc-ee">
         <name>.debug_pubnames</name>
         <load_address>0x156</load_address>
         <run_address>0x156</run_address>
         <size>0x31</size>
         <input_file_ref idref="fl-11"/>
      </object_component>
      <object_component id="oc-f1">
         <name>.debug_pubnames</name>
         <load_address>0x187</load_address>
         <run_address>0x187</run_address>
         <size>0x32</size>
         <input_file_ref idref="fl-11"/>
      </object_component>
      <object_component id="oc-f4">
         <name>.debug_pubnames</name>
         <load_address>0x1b9</load_address>
         <run_address>0x1b9</run_address>
         <size>0x2b</size>
         <input_file_ref idref="fl-11"/>
      </object_component>
      <object_component id="oc-7a">
         <name>.debug_pubnames</name>
         <load_address>0x1e4</load_address>
         <run_address>0x1e4</run_address>
         <size>0x44c</size>
         <input_file_ref idref="fl-11"/>
      </object_component>
      <object_component id="oc-fc">
         <name>.debug_pubnames</name>
         <load_address>0x630</load_address>
         <run_address>0x630</run_address>
         <size>0x26</size>
         <input_file_ref idref="fl-14"/>
      </object_component>
      <object_component id="oc-ff">
         <name>.debug_pubnames</name>
         <load_address>0x656</load_address>
         <run_address>0x656</run_address>
         <size>0x22</size>
         <input_file_ref idref="fl-14"/>
      </object_component>
      <object_component id="oc-102">
         <name>.debug_pubnames</name>
         <load_address>0x678</load_address>
         <run_address>0x678</run_address>
         <size>0x24</size>
         <input_file_ref idref="fl-14"/>
      </object_component>
      <object_component id="oc-105">
         <name>.debug_pubnames</name>
         <load_address>0x69c</load_address>
         <run_address>0x69c</run_address>
         <size>0x27</size>
         <input_file_ref idref="fl-14"/>
      </object_component>
      <object_component id="oc-108">
         <name>.debug_pubnames</name>
         <load_address>0x6c3</load_address>
         <run_address>0x6c3</run_address>
         <size>0x26</size>
         <input_file_ref idref="fl-14"/>
      </object_component>
      <object_component id="oc-10b">
         <name>.debug_pubnames</name>
         <load_address>0x6e9</load_address>
         <run_address>0x6e9</run_address>
         <size>0x28</size>
         <input_file_ref idref="fl-14"/>
      </object_component>
      <object_component id="oc-f9">
         <name>.debug_pubnames</name>
         <load_address>0x711</load_address>
         <run_address>0x711</run_address>
         <size>0x26</size>
         <input_file_ref idref="fl-14"/>
      </object_component>
      <object_component id="oc-80">
         <name>.debug_pubnames</name>
         <load_address>0x737</load_address>
         <run_address>0x737</run_address>
         <size>0x15b</size>
         <input_file_ref idref="fl-14"/>
      </object_component>
      <object_component id="oc-118">
         <name>.debug_pubnames</name>
         <load_address>0x892</load_address>
         <run_address>0x892</run_address>
         <size>0x28</size>
         <input_file_ref idref="fl-1b"/>
      </object_component>
      <object_component id="oc-11b">
         <name>.debug_pubnames</name>
         <load_address>0x8ba</load_address>
         <run_address>0x8ba</run_address>
         <size>0x31</size>
         <input_file_ref idref="fl-1b"/>
      </object_component>
      <object_component id="oc-8c">
         <name>.debug_pubnames</name>
         <load_address>0x8eb</load_address>
         <run_address>0x8eb</run_address>
         <size>0x1fa</size>
         <input_file_ref idref="fl-1b"/>
      </object_component>
      <object_component id="oc-de">
         <name>.debug_pubnames</name>
         <load_address>0xae5</load_address>
         <run_address>0xae5</run_address>
         <size>0x23</size>
         <input_file_ref idref="fl-1d"/>
      </object_component>
      <object_component id="oc-e4">
         <name>.debug_pubnames</name>
         <load_address>0xb08</load_address>
         <run_address>0xb08</run_address>
         <size>0x29</size>
         <input_file_ref idref="fl-1d"/>
      </object_component>
      <object_component id="oc-d5">
         <name>.debug_pubnames</name>
         <load_address>0xb31</load_address>
         <run_address>0xb31</run_address>
         <size>0x26</size>
         <input_file_ref idref="fl-1d"/>
      </object_component>
      <object_component id="oc-e1">
         <name>.debug_pubnames</name>
         <load_address>0xb57</load_address>
         <run_address>0xb57</run_address>
         <size>0x2c</size>
         <input_file_ref idref="fl-1d"/>
      </object_component>
      <object_component id="oc-74">
         <name>.debug_pubnames</name>
         <load_address>0xb83</load_address>
         <run_address>0xb83</run_address>
         <size>0x59a</size>
         <input_file_ref idref="fl-1d"/>
      </object_component>
      <object_component id="oc-110">
         <name>.debug_pubnames</name>
         <load_address>0x111d</load_address>
         <run_address>0x111d</run_address>
         <size>0x29</size>
         <input_file_ref idref="fl-21"/>
      </object_component>
      <object_component id="oc-113">
         <name>.debug_pubnames</name>
         <load_address>0x1146</load_address>
         <run_address>0x1146</run_address>
         <size>0x32</size>
         <input_file_ref idref="fl-21"/>
      </object_component>
      <object_component id="oc-86">
         <name>.debug_pubnames</name>
         <load_address>0x1178</load_address>
         <run_address>0x1178</run_address>
         <size>0x3f1</size>
         <input_file_ref idref="fl-21"/>
      </object_component>
      <object_component id="oc-4d">
         <name>.debug_pubnames</name>
         <load_address>0x1569</load_address>
         <run_address>0x1569</run_address>
         <size>0x2e</size>
         <input_file_ref idref="fl-e2"/>
      </object_component>
      <object_component id="oc-23">
         <name>.debug_pubnames</name>
         <load_address>0x1597</load_address>
         <run_address>0x1597</run_address>
         <size>0x1e</size>
         <input_file_ref idref="fl-e5"/>
      </object_component>
      <object_component id="oc-61">
         <name>.debug_pubnames</name>
         <load_address>0x15b5</load_address>
         <run_address>0x15b5</run_address>
         <size>0x26</size>
[...]
         <value>0x28b3</value>
         <object_component_ref idref="oc-89"/>
      </symbol>
      <symbol id="sm-274">
         <name>SSIIntClear</name>
         <value>0x291b</value>
         <object_component_ref idref="oc-89"/>
      </symbol>
      <symbol id="sm-275">
         <name>SSIDataPutNonBlocking</name>
         <value>0x2947</value>
         <object_component_ref idref="oc-89"/>
      </symbol>
      <symbol id="sm-276">
         <name>SSIIntStatus</name>
         <value>0x28fd</value>
         <object_component_ref idref="oc-89"/>
      </symbol>
      <symbol id="sm-277">
         <name>SSIConfigSetExpClk</name>
         <value>0x27ef</value>
         <object_component_ref idref="oc-89"/>
      </symbol>
      <symbol id="sm-278">
         <name>SSIIntEnable</name>
         <value>0x28cd</value>
         <object_component_ref idref="oc-89"/>
      </symbol>
      <symbol id="sm-279">
         <name>SSIEnable</name>
         <value>0x2869</value>
         <object_component_ref idref="oc-89"/>
      </symbol>
      <symbol id="sm-27a">
         <name>SSIClockSourceSet</name>
         <value>0x29f3</value>
         <object_component_ref idref="oc-89"/>
      </symbol>
      <symbol id="sm-27b">
         <name>SSIBusy</name>
         <value>0x29d5</value>
         <object_component_ref idref="oc-89"/>
      </symbol>
      <symbol id="sm-27c">
         <name>SSIDisable</name>
         <value>0x287f</value>
         <object_component_ref idref="oc-89"/>
      </symbol>
      <symbol id="sm-27d">
         <name>SSIAdvDataPutFrameEndNonBlocking</name>
         <value>0x2a6f</value>
         <object_component_ref idref="oc-89"/>
      </symbol>
      <symbol id="sm-27e">
         <name>SSIIntRegister</name>
         <value>0x2895</value>
         <object_component_ref idref="oc-89"/>
      </symbol>
      <symbol id="sm-3c0">
         <name>SysCtlGPIOAHBEnable</name>
         <value>0x1017</value>
         <object_component_ref idref="oc-71"/>
      </symbol>
      <symbol id="sm-3c1">
         <name>SysCtlIntRegister</name>
         <value>0x6f5</value>
         <object_component_ref idref="oc-71"/>
      </symbol>
      <symbol id="sm-3c2">
         <name>SysCtlFlashSizeGet</name>
         <value>0x337</value>
         <object_component_ref idref="oc-71"/>
      </symbol>
      <symbol id="sm-3c3">
         <name>SysCtlPeripheralDeepSleepEnable</name>
         <value>0x609</value>
         <object_component_ref idref="oc-71"/>
      </symbol>
      <symbol id="sm-3c4">
         <name>SysCtlLDODeepSleepGet</name>
         <value>0x79b</value>
         <object_component_ref idref="oc-71"/>
      </symbol>
      <symbol id="sm-3c5">
         <name>SysCtlFlashSectorSizeGet</name>
         <value>0x363</value>
         <object_component_ref idref="oc-71"/>
      </symbol>
      <symbol id="sm-3c6">
         <name>SysCtlIntDisable</name>
         <value>0x731</value>
         <object_component_ref idref="oc-71"/>
      </symbol>
      <symbol id="sm-3c7">
         <name>SysCtlResetBehaviorGet</name>
         <value>0x881</value>
         <object_component_ref idref="oc-71"/>
      </symbol>
      <symbol id="sm-3c8">
         <name>SysCtlPeripheralPresent</name>
         <value>0x389</value>
         <object_component_ref idref="oc-71"/>
      </symbol>
      <symbol id="sm-3c9">
         <name>SysCtlDeepSleepClockSet</name>
         <value>0xf3f</value>
         <object_component_ref idref="oc-71"/>
      </symbol>
      <symbol id="sm-3ca">
         <name>SysCtlClockSet</name>
         <value>0xbc9</value>
         <object_component_ref idref="oc-71"/>
      </symbol>
      <symbol id="sm-3cb">
         <name>SysCtlAltClkConfig</name>
         <value>0x11a9</value>
         <object_component_ref idref="oc-71"/>
      </symbol>
      <symbol id="sm-3cc">
         <name>SysCtlPeripheralClockGating</name>
         <value>0x6a1</value>
         <object_component_ref idref="oc-71"/>
      </symbol>
      <symbol id="sm-3cd">
         <name>SysCtlIntStatus</name>
         <value>0x759</value>
         <object_component_ref idref="oc-71"/>
      </symbol>
      <symbol id="sm-3ce">
         <name>SysCtlIntClear</name>
         <value>0x749</value>
         <object_component_ref idref="oc-71"/>
      </symbol>
      <symbol id="sm-3cf">
         <name>SysCtlVoltageEventStatus</name>
         <value>0x107d</value>
         <object_component_ref idref="oc-71"/>
      </symbol>
      <symbol id="sm-3d0">
         <name>SysCtlVoltageEventConfig</name>
         <value>0x106d</value>
         <object_component_ref idref="oc-71"/>
      </symbol>
      <symbol id="sm-3d1">
         <name>SysCtlResetCauseGet</name>
         <value>0x7f1</value>
         <object_component_ref idref="oc-71"/>
      </symbol>
      <symbol id="sm-3d2">
         <name>SysCtlSleep</name>
         <value>0x7cd</value>
         <object_component_ref idref="oc-71"/>
      </symbol>
      <symbol id="sm-3d3">
         <name>SysCtlPWMClockGet</name>
         <value>0x1001</value>
         <object_component_ref idref="oc-71"/>
      </symbol>
      <symbol id="sm-3d4">
         <name>SysCtlDeepSleepPowerSet</name>
         <value>0x7b5</value>
         <object_component_ref idref="oc-71"/>
      </symbol>
      <symbol id="sm-3d5">
         <name>SysCtlClockOutConfig</name>
         <value>0x118d</value>
         <object_component_ref idref="oc-71"/>
      </symbol>
      <symbol id="sm-3d6">
         <name>SysCtlNMIStatus</name>
         <value>0x115d</value>
         <object_component_ref idref="oc-71"/>
      </symbol>
      <symbol id="sm-3d7">
         <name>SysCtlDeepSleepClockConfigSet</name>
         <value>0xf5d</value>
         <object_component_ref idref="oc-71"/>
      </symbol>
      <symbol id="sm-3d8">
         <name>SysCtlDelay</name>
         <value>0x2d33</value>
         <object_component_ref idref="oc-8f"/>
      </symbol>
      <symbol id="sm-3d9">
         <name>SysCtlVoltageEventClear</name>
         <value>0x1089</value>
         <object_component_ref idref="oc-71"/>
      </symbol>
      <symbol id="sm-3da">
         <name>SysCtlLDOSleepSet</name>
         <value>0x775</value>
         <object_component_ref idref="oc-71"/>
      </symbol>
      <symbol id="sm-3db">
         <name>SysCtlMOSCConfigSet</name>
         <value>0x80b</value>
         <object_component_ref idref="oc-71"/>
      </symbol>
      <symbol id="sm-3dc">
         <name>SysCtlPeripheralEnable</name>
         <value>0x509</value>
         <object_component_ref idref="oc-71"/>
      </symbol>
      <symbol id="sm-3dd">
         <name>SysCtlIntEnable</name>
         <value>0x71d</value>
         <object_component_ref idref="oc-71"/>
      </symbol>
      <symbol id="sm-3de">
         <name>SysCtlNMIClear</name>
         <value>0x1171</value>
         <object_component_ref idref="oc-71"/>
      </symbol>
      <symbol id="sm-3df">
         <name>SysCtlPeripheralPowerOff</name>
         <value>0x445</value>
         <object_component_ref idref="oc-71"/>
      </symbol>
      <symbol id="sm-3e0">
         <name>SysCtlSleepPowerSet</name>
         <value>0x7a1</value>
         <object_component_ref idref="oc-71"/>
      </symbol>
      <symbol id="sm-3e1">
         <name>SysCtlDeepSleep</name>
         <value>0x7d5</value>
         <object_component_ref idref="oc-71"/>
      </symbol>
      <symbol id="sm-3e2">
         <name>SysCtlLDODeepSleepSet</name>
         <value>0x78b</value>
         <object_component_ref idref="oc-71"/>
      </symbol>
      <symbol id="sm-3e3">
         <name>SysCtlPeripheralPowerOn</name>
         <value>0x409</value>
         <object_component_ref idref="oc-71"/>
      </symbol>
      <symbol id="sm-3e4">
         <name>SysCtlPeripheralDeepSleepDisable</name>
         <value>0x659</value>
         <object_component_ref idref="oc-71"/>
      </symbol>
      <symbol id="sm-3e5">
         <name>SysCtlPeripheralSleepDisable</name>
         <value>0x5cd</value>
         <object_component_ref idref="oc-71"/>
      </symbol>
      <symbol id="sm-3e6">
         <name>SysCtlVCOGet</name>
         <value>0x10a1</value>
         <object_component_ref idref="oc-71"/>
      </symbol>
      <symbol id="sm-3e7">
         <name>SysCtlResetBehaviorSet</name>
         <value>0x871</value>
         <object_component_ref idref="oc-71"/>
      </symbol>
      <symbol id="sm-3e8">
         <name>SysCtlReset</name>
         <value>0x7c5</value>
         <object_component_ref idref="oc-71"/>
      </symbol>
      <symbol id="sm-3e9">
         <name>SysCtlGPIOAHBDisable</name>
         <value>0x1033</value>
         <object_component_ref idref="oc-71"/>
      </symbol>
      <symbol id="sm-3ea">
         <name>SysCtlSRAMSizeGet</name>
         <value>0x32d</value>
         <object_component_ref idref="oc-71"/>
      </symbol>
      <symbol id="sm-3eb">
         <name>SysCtlClockGet</name>
         <value>0xd99</value>
         <object_component_ref idref="oc-71"/>
      </symbol>
      <symbol id="sm-3ec">
         <name>SysCtlPeripheralDisable</name>
         <value>0x545</value>
         <object_component_ref idref="oc-71"/>
      </symbol>
      <symbol id="sm-3ed">
         <name>SysCtlPWMClockSet</name>
         <value>0xfe7</value>
         <object_component_ref idref="oc-71"/>
      </symbol>
      <symbol id="sm-3ee">
         <name>SysCtlUSBPLLEnable</name>
         <value>0x104f</value>
         <object_component_ref idref="oc-71"/>
      </symbol>
      <symbol id="sm-3ef">
         <name>SysCtlPeripheralSleepEnable</name>
         <value>0x589</value>
         <object_component_ref idref="oc-71"/>
      </symbol>
      <symbol id="sm-3f0">
         <name>SysCtlIntUnregister</name>
         <value>0x70d</value>
         <object_component_ref idref="oc-71"/>
      </symbol>
      <symbol id="sm-3f1">
         <name>SysCtlUSBPLLDisable</name>
         <value>0x105b</value>
         <object_component_ref idref="oc-71"/>
      </symbol>
      <symbol id="sm-3f2">
         <name>SysCtlPeripheralReady</name>
         <value>0x3c9</value>
         <object_component_ref idref="oc-71"/>
      </symbol>
      <symbol id="sm-3f3">
         <name>SysCtlPIOSCCalibrate</name>
         <value>0x821</value>
         <object_component_ref idref="oc-71"/>
      </symbol>
      <symbol id="sm-3f4">
         <name>SysCtlResetCauseClear</name>
         <value>0x7f7</value>
         <object_component_ref idref="oc-71"/>
      </symbol>
      <symbol id="sm-3f5">
         <name>SysCtlLDOSleepGet</name>
         <value>0x785</value>
         <object_component_ref idref="oc-71"/>
      </symbol>
      <symbol id="sm-3f6">
         <name>SysCtlClockFreqSet</name>
         <value>0x8d1</value>
         <object_component_ref idref="oc-71"/>
      </symbol>
      <symbol id="sm-3f7">
         <name>SysCtlPeripheralReset</name>
         <value>0x481</value>
         <object_component_ref idref="oc-71"/>
      </symbol>
      <symbol id="sm-46d">
         <name>UARTClockSourceGet</name>
         <value>0x230f</value>
         <object_component_ref idref="oc-83"/>
      </symbol>
      <symbol id="sm-46e">
         <name>UARTCharPutNonBlocking</name>
         <value>0x2181</value>
         <object_component_ref idref="oc-83"/>
      </symbol>
      <symbol id="sm-46f">
         <name>UARTDMAEnable</name>
         <value>0x22a9</value>
         <object_component_ref idref="oc-83"/>
      </symbol>
      <symbol id="sm-470">
         <name>UARTTxIntModeSet</name>
         <value>0x20e5</value>
         <object_component_ref idref="oc-83"/>
      </symbol>
      <symbol id="sm-471">
         <name>UARTFIFODisable</name>
         <value>0x1f93</value>
         <object_component_ref idref="oc-83"/>
      </symbol>
      <symbol id="sm-472">
         <name>UARTIntUnregister</name>
         <value>0x2229</value>
         <object_component_ref idref="oc-83"/>
      </symbol>
      <symbol id="sm-473">
         <name>UARTRxErrorClear</name>
         <value>0x22eb</value>
         <object_component_ref idref="oc-83"/>
      </symbol>
      <symbol id="sm-474">
         <name>UARTModemControlSet</name>
         <value>0x2035</value>
         <object_component_ref idref="oc-83"/>
      </symbol>
      <symbol id="sm-475">
         <name>UARTFlowControlSet</name>
         <value>0x20b7</value>
         <object_component_ref idref="oc-83"/>
      </symbol>
      <symbol id="sm-476">
         <name>UARTConfigSetExpClk</name>
         <value>0x1e6d</value>
         <object_component_ref idref="oc-83"/>
      </symbol>
      <symbol id="sm-477">
         <name>UARTSmartCardDisable</name>
         <value>0x201f</value>
         <object_component_ref idref="oc-83"/>
      </symbol>
      <symbol id="sm-478">
         <name>UARTDisable</name>
         <value>0x1f53</value>
         <object_component_ref idref="oc-83"/>
      </symbol>
      <symbol id="sm-479">
         <name>UART9BitDisable</name>
         <value>0x2335</value>
         <object_component_ref idref="oc-83"/>
      </symbol>
      <symbol id="sm-47a">
         <name>UARTFIFOLevelGet</name>
         <value>0x1e45</value>
         <object_component_ref idref="oc-83"/>
      </symbol>
      <symbol id="sm-47b">
         <name>UARTBusy</name>
         <value>0x21ed</value>
         <object_component_ref idref="oc-83"/>
      </symbol>
      <symbol id="sm-47c">
         <name>UARTDisableSIR</name>
         <value>0x1fd7</value>
         <object_component_ref idref="oc-83"/>
      </symbol>
      <symbol id="sm-47d">
         <name>UARTLoopbackEnable</name>
         <value>0x23b9</value>
         <object_component_ref idref="oc-83"/>
      </symbol>
      <symbol id="sm-47e">
         <name>UARTIntEnable</name>
         <value>0x2249</value>
         <object_component_ref idref="oc-83"/>
      </symbol>
      <symbol id="sm-47f">
         <name>UARTCharsAvail</name>
         <value>0x2113</value>
         <object_component_ref idref="oc-83"/>
      </symbol>
      <symbol id="sm-480">
         <name>UARTCharGetNonBlocking</name>
         <value>0x214f</value>
         <object_component_ref idref="oc-83"/>
      </symbol>
      <symbol id="sm-481">
         <name>UARTClockSourceSet</name>
         <value>0x22fb</value>
         <object_component_ref idref="oc-83"/>
      </symbol>
      <symbol id="sm-482">
         <name>UARTTxIntModeGet</name>
         <value>0x2101</value>
         <object_component_ref idref="oc-83"/>
      </symbol>
      <symbol id="sm-483">
         <name>UARTModemStatusGet</name>
         <value>0x20a3</value>
         <object_component_ref idref="oc-83"/>
      </symbol>
      <symbol id="sm-484">
         <name>UARTIntDisable</name>
         <value>0x2261</value>
         <object_component_ref idref="oc-83"/>
      </symbol>
      <symbol id="sm-485">
         <name>UARTCharPut</name>
         <value>0x21a5</value>
         <object_component_ref idref="oc-83"/>
      </symbol>
      <symbol id="sm-486">
         <name>UARTParityModeSet</name>
         <value>0x1dff</value>
         <object_component_ref idref="oc-83"/>
      </symbol>
      <symbol id="sm-487">
         <name>UARTRxErrorGet</name>
         <value>0x22d9</value>
         <object_component_ref idref="oc-83"/>
      </symbol>
      <symbol id="sm-488">
         <name>UARTConfigGetExpClk</name>
         <value>0x1ee3</value>
         <object_component_ref idref="oc-83"/>
      </symbol>
      <symbol id="sm-489">
         <name>UARTEnableSIR</name>
         <value>0x1fa9</value>
         <object_component_ref idref="oc-83"/>
      </symbol>
      <symbol id="sm-48a">
         <name>UARTEnable</name>
         <value>0x1f2f</value>
         <object_component_ref idref="oc-83"/>
      </symbol>
      <symbol id="sm-48b">
         <name>UART9BitAddrSend</name>
         <value>0x2371</value>
         <object_component_ref idref="oc-83"/>
      </symbol>
      <symbol id="sm-48c">
         <name>UARTModemControlGet</name>
         <value>0x2091</value>
         <object_component_ref idref="oc-83"/>
      </symbol>
      <symbol id="sm-48d">
         <name>UARTSmartCardEnable</name>
         <value>0x1fed</value>
         <object_component_ref idref="oc-83"/>
      </symbol>
      <symbol id="sm-48e">
         <name>UARTFlowControlGet</name>
         <value>0x20d3</value>
         <object_component_ref idref="oc-83"/>
      </symbol>
      <symbol id="sm-48f">
         <name>UARTFIFOEnable</name>
         <value>0x1f7d</value>
         <object_component_ref idref="oc-83"/>
      </symbol>
      <symbol id="sm-490">
         <name>UARTIntClear</name>
         <value>0x2297</value>
         <object_component_ref idref="oc-83"/>
      </symbol>
      <symbol id="sm-491">
         <name>UARTIntStatus</name>
         <value>0x2279</value>
         <object_component_ref idref="oc-83"/>
      </symbol>
      <symbol id="sm-492">
         <name>UARTDMADisable</name>
         <value>0x22c1</value>
         <object_component_ref idref="oc-83"/>
      </symbol>
      <symbol id="sm-493">
         <name>UART9BitEnable</name>
         <value>0x231f</value>
         <object_component_ref idref="oc-83"/>
      </symbol>
      <symbol id="sm-494">
         <name>UARTSpaceAvail</name>
         <value>0x2131</value>
         <object_component_ref idref="oc-83"/>
      </symbol>
      <symbol id="sm-495">
         <name>UARTCharGet</name>
         <value>0x216b</value>
         <object_component_ref idref="oc-83"/>
      </symbol>
      <symbol id="sm-496">
         <name>UARTFIFOLevelSet</name>
         <value>0x1e2d</value>
         <object_component_ref idref="oc-83"/>
      </symbol>
      <symbol id="sm-497">
         <name>UARTModemControlClear</name>
         <value>0x206d</value>
         <object_component_ref idref="oc-83"/>
      </symbol>
      <symbol id="sm-498">
         <name>UARTParityModeGet</name>
         <value>0x1e1b</value>
         <object_component_ref idref="oc-83"/>
      </symbol>
      <symbol id="sm-499">
         <name>UARTIntRegister</name>
         <value>0x220b</value>
         <object_component_ref idref="oc-83"/>
      </symbol>
      <symbol id="sm-49a">
         <name>UARTBreakCtl</name>
         <value>0x21c3</value>
         <object_component_ref idref="oc-83"/>
      </symbol>
      <symbol id="sm-49b">
         <name>UART9BitAddrSet</name>
         <value>0x234b</value>
         <object_component_ref idref="oc-83"/>
      </symbol>
      <symbol id="sm-4b7">
         <name>__TI_zero_init_nomemset</name>
         <value>0x2d15</value>
         <object_component_ref idref="oc-4a"/>
      </symbol>
      <symbol id="sm-4cc">
         <name>__stack</name>
         <value>0x20000270</value>
         <object_component_ref idref="oc-21"/>
      </symbol>
      <symbol id="sm-4cd">
         <name>_c_int00_noargs</name>
         <value>0x2cdd</value>
         <object_component_ref idref="oc-5c"/>
      </symbol>
      <symbol id="sm-4d8">
         <name>C$$EXIT</name>
         <value>0x2d3d</value>
         <object_component_ref idref="oc-135"/>
      </symbol>
      <symbol id="sm-4d9">
         <name>abort</name>
         <value>0x2d3d</value>
         <object_component_ref idref="oc-135"/>
      </symbol>
      <symbol id="sm-505">
         <name>__TI_auto_init_nobinit_nopinit</name>
         <value>0x2c59</value>
         <object_component_ref idref="oc-141"/>
      </symbol>
      <symbol id="sm-50f">
         <name>_system_pre_init</name>
         <value>0x2d39</value>
         <object_component_ref idref="oc-c1"/>
      </symbol>
      <symbol id="sm-511">
         <name>__TI_static_base__</name>
         <value>0x0</value>
      </symbol>
      <symbol id="sm-513">
         <name>__mpu_init</name>
         <value>0x0</value>
      </symbol>
      <symbol id="sm-514">
         <name>_system_post_cinit</name>
         <value>0x0</value>
      </symbol>
   </symbol_table>
   <title>Link successful</title>
</link_info>
