******************************************************************************
                  TI ARM Linker PC v20.2.7                     
******************************************************************************
>> Linked Fri Nov  3 13:58:34 2023

OUTPUT FILE NAME:   <Lab_6_UART_COM.out>
ENTRY POINT SYMBOL: "_c_int00_noargs"  address: 0000374d


MEMORY CONFIGURATION

         name            origin    length      used     unused   attr    fill
----------------------  --------  ---------  --------  --------  ----  --------
  FLASH                 00000000   00040000  00003f10  0003c0f0  R  X
  SRAM                  20000000   00008000  0000049d  00007b63  RW X


SEGMENT ALLOCATION MAP

run origin  load origin   length   init length attrs members
----------  ----------- ---------- ----------- ----- -------
00000000    00000000    00003f10   00003f10    r-x
  00000000    00000000    0000026c   0000026c    r-- .intvecs
  0000026c    0000026c    0000356c   0000356c    r-x .text
  000037d8    000037d8    000006e8   000006e8    r-- .const
  00003ec0    00003ec0    00000050   00000050    r-- .cinit
20000000    20000000    000004a4   00000000    rw-
  20000000    20000000    0000026c   00000000    rw- .vtable
  20000270    20000270    00000200   00000000    rw- .stack
  20000470    20000470    00000025   00000000    rw- .data
  20000498    20000498    0000000c   00000000    rw- .bss


SECTION ALLOCATION MAP

 output                                  attributes/
section   page    origin      length       input sections
--------  ----  ----------  ----------   ----------------
.intvecs   0    00000000    0000026c     
                  00000000    0000026c     tm4c123gh6pm_startup_ccs.obj (.intvecs)

.text      0    0000026c    0000356c     
                  0000026c    00000f80     sysctl.obj (.text)
                  000011ec    00000bb4     gpio.obj (.text)
                  00001da0    00000642     timer.obj (.text)
                  000023e2    00000002     --HOLE-- [fill = 0]
                  000023e4    0000062e     uart.obj (.text)
                  00002a12    00000002     --HOLE-- [fill = 0]
                  00002a14    000004b8     main.obj (.text)
                  00002ecc    000003c0     interrupt.obj (.text)
                  0000328c    00000336     ssi.obj (.text)
                  000035c2    0000009c     rtsv7M4_T_le_v4SPD16_eabi.lib : memcpy_t2.asm.obj (.text)
                  0000365e    00000068                                   : copy_decompress_lzss.c.obj (.text:decompress:lzss:__TI_decompress_lzss)
                  000036c6    00000002     --HOLE-- [fill = 0]
                  000036c8    00000044                                   : autoinit.c.obj (.text:__TI_auto_init_nobinit_nopinit:__TI_auto_init_nobinit_nopinit)
                  0000370c    0000003e     cpu.obj (.text)
                  0000374a    00000002     --HOLE-- [fill = 0]
                  0000374c    00000034     rtsv7M4_T_le_v4SPD16_eabi.lib : boot_cortex_m.c.obj (.text:_c_int00_noargs:_c_int00_noargs)
                  00003780    0000001c                                   : copy_zero_init.c.obj (.text:decompress:ZI:__TI_zero_init_nomemset:__TI_zero_init_nomemset)
                  0000379c    00000014                                   : strlen.c.obj (.text:strlen)
                  000037b0    0000000e                                   : copy_decompress_none.c.obj (.text:decompress:none:__TI_decompress_none)
                  000037be    0000000c     tm4c123gh6pm_startup_ccs.obj (.text)
                  000037ca    00000006     sysctl.obj (.text:SysCtlDelay)
                  000037d0    00000004     rtsv7M4_T_le_v4SPD16_eabi.lib : pre_init.c.obj (.text:_system_pre_init)
                  000037d4    00000004                                   : exit.c.obj (.text:abort:abort)

.const     0    000037d8    000006e8     
                  000037d8    000001b0     sysctl.obj (.const:g_pppui32XTALtoVCO)
                  00003988    000000d8     gpio.obj (.const:g_ppui32GPIOIntMapSnowflake)
                  00003a60    000000c0     gpio.obj (.const:g_ppui32GPIOIntMapBlizzard)
                  00003b20    0000009c     interrupt.obj (.const:g_pui32Regs)
                  00003bbc    00000090     gpio.obj (.const:g_pui32GPIOBaseAddrs)
                  00003c4c    0000006c     sysctl.obj (.const:g_pui32Xtals)
                  00003cb8    00000060     timer.obj (.const:g_ppui32TimerIntMap)
                  00003d18    00000040     timer.obj (.const:g_ppui32TimerIntMapSnowflake)
                  00003d58    00000040     uart.obj (.const:g_ppui32UARTIntMap)
                  00003d98    00000040     uart.obj (.const:g_ppui32UARTIntMapSnowflake)
                  00003dd8    00000030     sysctl.obj (.const:g_sXTALtoMEMTIM)
                  00003e08    00000020     ssi.obj (.const:g_ppui32SSIIntMap)
                  00003e28    00000020     ssi.obj (.const:g_ppui32SSIIntMapSnowflake)
                  00003e48    00000020     interrupt.obj (.const:g_pui32Priority)
                  00003e68    00000014     interrupt.obj (.const:g_pui32Dii16Regs)
                  00003e7c    00000014     interrupt.obj (.const:g_pui32EnRegs)
                  00003e90    00000014     interrupt.obj (.const:g_pui32PendRegs)
                  00003ea4    00000014     interrupt.obj (.const:g_pui32UnpendRegs)
                  00003eb8    00000008     sysctl.obj (.const:g_pui32VCOFrequencies)

.cinit     0    00003ec0    00000050     
                  00003ec0    00000018     (.cinit..data.load) [load image, compression = lzss]
                  00003ed8    0000000c     (__TI_handler_table)
                  00003ee4    00000004     --HOLE-- [fill = 0]
                  00003ee8    00000008     (.cinit..bss.load) [load image, compression = zero_init]
                  00003ef0    00000008     (.cinit..vtable.load) [load image, compression = zero_init]
                  00003ef8    00000018     (__TI_cinit_table)

.init_array 
*          0    00000000    00000000     UNINITIALIZED

.vtable    0    20000000    0000026c     UNINITIALIZED
                  20000000    0000026c     interrupt.obj (.vtable)

.data      0    20000470    00000025     UNINITIALIZED
                  20000470    00000025     main.obj (.data)

.bss       0    20000498    0000000c     UNINITIALIZED
                  20000498    00000004     (.common:SSI_ARD_Received_Char)
                  2000049c    00000004     (.common:TIMER_0_Period)
                  200004a0    00000004     (.common:UART_Received_Char)

.stack     0    20000270    00000200     UNINITIALIZED
                  20000270    00000004     rtsv7M4_T_le_v4SPD16_eabi.lib : boot_cortex_m.c.obj (.stack)
                  20000274    000001fc     --HOLE--

__llvm_prf_cnts 
*          0    20000000    00000000     UNINITIALIZED

MODULE SUMMARY

       Module                         code    ro data   rw data
       ------                         ----    -------   -------
    .\
       main.obj                       1208    0         49     
       tm4c123gh6pm_startup_ccs.obj   12      620       0      
    +--+------------------------------+-------+---------+---------+
       Total:                         1220    620       49     
                                                               
    .\driverlib\
       sysctl.obj                     3974    596       0      
       gpio.obj                       2996    552       0      
       interrupt.obj                  960     268       620    
       timer.obj                      1602    160       0      
       uart.obj                       1582    128       0      
       ssi.obj                        822     64        0      
       cpu.obj                        62      0         0      
    +--+------------------------------+-------+---------+---------+
       Total:                         11998   1768      620    
                                                               
    C:\ti\ccs1240\ccs\tools\compiler\ti-cgt-arm_20.2.7.LTS\lib\rtsv7M4_T_le_v4SPD16_eabi.lib
       memcpy_t2.asm.obj              156     0         0      
       copy_decompress_lzss.c.obj     104     0         0      
       autoinit.c.obj                 68      0         0      
       boot_cortex_m.c.obj            52      0         0      
       copy_zero_init.c.obj           28      0         0      
       strlen.c.obj                   20      0         0      
       copy_decompress_none.c.obj     14      0         0      
       exit.c.obj                     4       0         0      
       pre_init.c.obj                 4       0         0      
    +--+------------------------------+-------+---------+---------+
       Total:                         450     0         0      
                                                               
       Stack:                         0       0         512    
       Linker Generated:              0       76        0      
    +--+------------------------------+-------+---------+---------+
       Grand Total:                   13668   2464      1181   


LINKER GENERATED COPY TABLES

__TI_cinit_table @ 00003ef8 records: 3, size/record: 8, table size: 24
	.data: load addr=00003ec0, load size=00000018 bytes, run addr=20000470, run size=00000025 bytes, compression=lzss
	.bss: load addr=00003ee8, load size=00000008 bytes, run addr=20000498, run size=0000000c bytes, compression=zero_init
	.vtable: load addr=00003ef0, load size=00000008 bytes, run addr=20000000, run size=0000026c bytes, compression=zero_init


LINKER GENERATED HANDLER TABLE

__TI_handler_table @ 00003ed8 records: 3, size/record: 4, table size: 12
	index: 0, handler: __TI_zero_init
	index: 1, handler: __TI_decompress_lzss
	index: 2, handler: __TI_decompress_none


GLOBAL SYMBOLS: SORTED ALPHABETICALLY BY Name 

address   name                            
-------   ----                            
20000474  ButtonState_L                   
20000475  ButtonState_R                   
20000476  ButtonState_RL                  
20000479  ButtonStates                    
20000478  Button_Pressed_L                
20000477  Button_Pressed_R                
000037d5  C$$EXIT                         
00003741  CPUbasepriGet                   
00003733  CPUbasepriSet                   
0000370d  CPUcpsid                        
00003723  CPUcpsie                        
00003719  CPUprimask                      
0000372f  CPUwfi                          
20000494  Count                           
00001d7b  GPIOADCTriggerDisable           
00001d5d  GPIOADCTriggerEnable            
00001d33  GPIODMATriggerDisable           
00001d15  GPIODMATriggerEnable            
000012a7  GPIODirModeGet                  
0000124b  GPIODirModeSet                  
0000180f  GPIOIntClear                    
000017d3  GPIOIntDisable                  
000017b9  GPIOIntEnable                   
00001823  GPIOIntRegister                 
0000185b  GPIOIntRegisterPin              
000017ed  GPIOIntStatus                   
00001397  GPIOIntTypeGet                  
000012f3  GPIOIntTypeSet                  
00001841  GPIOIntUnregister               
00001889  GPIOIntUnregisterPin            
00001667  GPIOPadConfigGet                
0000142d  GPIOPadConfigSet                
00001cb7  GPIOPinConfigure                
000018ad  GPIOPinRead                     
000018e5  GPIOPinTypeADC                  
00001909  GPIOPinTypeCAN                  
0000192d  GPIOPinTypeComparator           
00001951  GPIOPinTypeComparatorOutput     
00001975  GPIOPinTypeDIVSCLK              
00001999  GPIOPinTypeEPI                  
000019bd  GPIOPinTypeEthernetLED          
000019e1  GPIOPinTypeEthernetMII          
00001a05  GPIOPinTypeGPIOInput            
00001a29  GPIOPinTypeGPIOOutput           
00001a63  GPIOPinTypeGPIOOutputOD         
00001a87  GPIOPinTypeHibernateRTCCLK      
00001aab  GPIOPinTypeI2C                  
00001acf  GPIOPinTypeI2CSCL               
00001af3  GPIOPinTypeLCD                  
00001b17  GPIOPinTypeOneWire              
00001b3b  GPIOPinTypePWM                  
00001b5f  GPIOPinTypeQEI                  
00001b83  GPIOPinTypeSSI                  
00001ba7  GPIOPinTypeTimer                
00001bcb  GPIOPinTypeTrace                
00001bef  GPIOPinTypeUART                 
00001c13  GPIOPinTypeUSBAnalog            
00001c37  GPIOPinTypeUSBDigital           
00001c5b  GPIOPinTypeWakeHigh             
00001c81  GPIOPinTypeWakeLow              
00001ca7  GPIOPinWakeStatus               
000018c5  GPIOPinWrite                    
00002d29  ISR_Timer0IntHandler            
00002d8d  ISR_UARTIntHandler              
0000308d  IntDisable                      
0000301b  IntEnable                       
000030ff  IntIsEnabled                    
00002edf  IntMasterDisable                
00002ecf  IntMasterEnable                 
000031f5  IntPendClear                    
00003185  IntPendSet                      
00002ff7  IntPriorityGet                  
00002f6f  IntPriorityGroupingGet          
00002f55  IntPriorityGroupingSet          
0000324f  IntPriorityMaskGet              
00003243  IntPriorityMaskSet              
00002fa7  IntPrioritySet                  
00002eef  IntRegister                     
00003257  IntTrigger                      
00002f41  IntUnregister                   
2000047a  LED_Command                     
20000472  LED_Command_B                   
20000471  LED_Command_G                   
20000473  LED_Command_GO                  
20000470  LED_Command_R                   
20000490  MaxDelay                        
000037bf  ResetISR                        
00003545  SSIAdvDataPutFrameEnd           
0000356b  SSIAdvDataPutFrameEndNonBlocking
000035ad  SSIAdvFrameHoldDisable          
00003597  SSIAdvFrameHoldEnable           
00003513  SSIAdvModeSet                   
000034d1  SSIBusy                         
00003503  SSIClockSourceGet               
000034ef  SSIClockSourceSet               
000032eb  SSIConfigSetExpClk              
000034b9  SSIDMADisable                   
000034a1  SSIDMAEnable                    
00003463  SSIDataGet                      
0000347f  SSIDataGetNonBlocking           
00003429  SSIDataPut                      
00003443  SSIDataPutNonBlocking           
0000337b  SSIDisable                      
00003365  SSIEnable                       
00003417  SSIIntClear                     
000033e1  SSIIntDisable                   
000033c9  SSIIntEnable                    
00003391  SSIIntRegister                  
000033f9  SSIIntStatus                    
000033af  SSIIntUnregister                
20000498  SSI_ARD_Received_Char           
000011a9  SysCtlAltClkConfig              
000008d1  SysCtlClockFreqSet              
00000d99  SysCtlClockGet                  
0000118d  SysCtlClockOutConfig            
00000bc9  SysCtlClockSet                  
000007d5  SysCtlDeepSleep                 
00000f5d  SysCtlDeepSleepClockConfigSet   
00000f3f  SysCtlDeepSleepClockSet         
000007b5  SysCtlDeepSleepPowerSet         
000037cb  SysCtlDelay                     
00000363  SysCtlFlashSectorSizeGet        
00000337  SysCtlFlashSizeGet              
00001033  SysCtlGPIOAHBDisable            
00001017  SysCtlGPIOAHBEnable             
00000749  SysCtlIntClear                  
00000731  SysCtlIntDisable                
0000071d  SysCtlIntEnable                 
000006f5  SysCtlIntRegister               
00000759  SysCtlIntStatus                 
0000070d  SysCtlIntUnregister             
0000079b  SysCtlLDODeepSleepGet           
0000078b  SysCtlLDODeepSleepSet           
00000785  SysCtlLDOSleepGet               
00000775  SysCtlLDOSleepSet               
0000080b  SysCtlMOSCConfigSet             
00001171  SysCtlNMIClear                  
0000115d  SysCtlNMIStatus                 
00000821  SysCtlPIOSCCalibrate            
00001001  SysCtlPWMClockGet               
00000fe7  SysCtlPWMClockSet               
000006a1  SysCtlPeripheralClockGating     
00000659  SysCtlPeripheralDeepSleepDisable
00000609  SysCtlPeripheralDeepSleepEnable 
00000545  SysCtlPeripheralDisable         
00000509  SysCtlPeripheralEnable          
00000445  SysCtlPeripheralPowerOff        
00000409  SysCtlPeripheralPowerOn         
00000389  SysCtlPeripheralPresent         
000003c9  SysCtlPeripheralReady           
00000481  SysCtlPeripheralReset           
000005cd  SysCtlPeripheralSleepDisable    
00000589  SysCtlPeripheralSleepEnable     
000007c5  SysCtlReset                     
00000881  SysCtlResetBehaviorGet          
00000871  SysCtlResetBehaviorSet          
000007f7  SysCtlResetCauseClear           
000007f1  SysCtlResetCauseGet             
0000032d  SysCtlSRAMSizeGet               
000007cd  SysCtlSleep                     
000007a1  SysCtlSleepPowerSet             
0000105b  SysCtlUSBPLLDisable             
0000104f  SysCtlUSBPLLEnable              
000010a1  SysCtlVCOGet                    
00001089  SysCtlVoltageEventClear         
0000106d  SysCtlVoltageEventConfig        
0000107d  SysCtlVoltageEventStatus        
20000484  TIMER_0_MAX_OCCURANCES          
2000049c  TIMER_0_Period                  
20000488  TIMER_1_MAX_OCCURANCES          
2000048c  TIMER_MULTIPLIER                
2000047c  Timer0_Occurances               
20000480  Timer1_Occurances               
00002361  TimerADCEventGet                
0000234f  TimerADCEventSet                
00002085  TimerClockSourceGet             
0000205b  TimerClockSourceSet             
00001e4f  TimerConfigure                  
00001f6f  TimerControlEvent               
00001ecb  TimerControlLevel               
00001f99  TimerControlStall               
00001f01  TimerControlTrigger             
00001fcf  TimerControlWaitOnTrigger       
00002381  TimerDMAEventGet                
0000236f  TimerDMAEventSet                
00001e31  TimerDisable                    
00001e13  TimerEnable                     
0000232b  TimerIntClear                   
000022f5  TimerIntDisable                 
000022dd  TimerIntEnable                  
00002297  TimerIntRegister                
0000230d  TimerIntStatus                  
000022bf  TimerIntUnregister              
0000214f  TimerLoadGet                    
00002185  TimerLoadGet64                  
00002125  TimerLoadSet                    
0000216b  TimerLoadSet64                  
0000222f  TimerMatchGet                   
00002265  TimerMatchGet64                 
00002205  TimerMatchSet                   
0000224b  TimerMatchSet64                 
000020bf  TimerPrescaleGet                
00002109  TimerPrescaleMatchGet           
000020db  TimerPrescaleMatchSet           
00002095  TimerPrescaleSet                
00002045  TimerRTCDisable                 
0000202f  TimerRTCEnable                  
0000233d  TimerSynchronize                
0000238f  TimerUpdateMode                 
000021b7  TimerValueGet                   
000021d3  TimerValueGet64                 
000029b5  UART9BitAddrSend                
0000298f  UART9BitAddrSet                 
00002979  UART9BitDisable                 
00002963  UART9BitEnable                  
00002807  UARTBreakCtl                    
00002831  UARTBusy                        
000027af  UARTCharGet                     
00002793  UARTCharGetNonBlocking          
000027e9  UARTCharPut                     
000027c5  UARTCharPutNonBlocking          
00002757  UARTCharsAvail                  
00002953  UARTClockSourceGet              
0000293f  UARTClockSourceSet              
00002527  UARTConfigGetExpClk             
000024b1  UARTConfigSetExpClk             
00002905  UARTDMADisable                  
000028ed  UARTDMAEnable                   
00002597  UARTDisable                     
0000261b  UARTDisableSIR                  
00002573  UARTEnable                      
000025ed  UARTEnableSIR                   
000025d7  UARTFIFODisable                 
000025c1  UARTFIFOEnable                  
00002489  UARTFIFOLevelGet                
00002471  UARTFIFOLevelSet                
00002717  UARTFlowControlGet              
000026fb  UARTFlowControlSet              
000028db  UARTIntClear                    
000028a5  UARTIntDisable                  
0000288d  UARTIntEnable                   
0000284f  UARTIntRegister                 
000028bd  UARTIntStatus                   
0000286d  UARTIntUnregister               
000029fd  UARTLoopbackEnable              
000026b1  UARTModemControlClear           
000026d5  UARTModemControlGet             
00002679  UARTModemControlSet             
000026e7  UARTModemStatusGet              
0000245f  UARTParityModeGet               
00002443  UARTParityModeSet               
0000292f  UARTRxErrorClear                
0000291d  UARTRxErrorGet                  
00002e11  UARTSend                        
00002663  UARTSmartCardDisable            
00002631  UARTSmartCardEnable             
00002775  UARTSpaceAvail                  
00002745  UARTTxIntModeGet                
00002729  UARTTxIntModeSet                
200004a0  UART_Received_Char              
20000470  __STACK_END                     
00000200  __STACK_SIZE                    
20000470  __STACK_TOP                     
00003ef8  __TI_CINIT_Base                 
00003f10  __TI_CINIT_Limit                
00003ed8  __TI_Handler_Table_Base         
00003ee4  __TI_Handler_Table_Limit        
000036c9  __TI_auto_init_nobinit_nopinit  
0000365f  __TI_decompress_lzss            
000037b1  __TI_decompress_none            
ffffffff  __TI_pprof_out_hndl             
ffffffff  __TI_prof_data_size             
ffffffff  __TI_prof_data_start            
00000000  __TI_static_base__              
00003781  __TI_zero_init_nomemset         
000035c3  __aeabi_memcpy                  
000035c3  __aeabi_memcpy4                 
000035c3  __aeabi_memcpy8                 
ffffffff  __binit__                       
ffffffff  __c_args__                      
UNDEFED   __mpu_init                      
20000270  __stack                         
20000000  __start___llvm_prf_cnts         
20000000  __stop___llvm_prf_cnts          
0000374d  _c_int00_noargs                 
UNDEFED   _system_post_cinit              
000037d1  _system_pre_init                
000037d5  abort                           
ffffffff  binit                           
00002e49  delay_1ms                       
20000000  g_pfnRAMVectors                 
00000000  g_pfnVectors                    
00002a15  main                            
000035c3  memcpy                          
0000379d  strlen                          


GLOBAL SYMBOLS: SORTED BY Symbol Address 

address   name                            
-------   ----                            
00000000  __TI_static_base__              
00000000  g_pfnVectors                    
00000200  __STACK_SIZE                    
0000032d  SysCtlSRAMSizeGet               
00000337  SysCtlFlashSizeGet              
00000363  SysCtlFlashSectorSizeGet        
00000389  SysCtlPeripheralPresent         
000003c9  SysCtlPeripheralReady           
00000409  SysCtlPeripheralPowerOn         
00000445  SysCtlPeripheralPowerOff        
00000481  SysCtlPeripheralReset           
00000509  SysCtlPeripheralEnable          
00000545  SysCtlPeripheralDisable         
00000589  SysCtlPeripheralSleepEnable     
000005cd  SysCtlPeripheralSleepDisable    
00000609  SysCtlPeripheralDeepSleepEnable 
00000659  SysCtlPeripheralDeepSleepDisable
000006a1  SysCtlPeripheralClockGating     
000006f5  SysCtlIntRegister               
0000070d  SysCtlIntUnregister             
0000071d  SysCtlIntEnable                 
00000731  SysCtlIntDisable                
00000749  SysCtlIntClear                  
00000759  SysCtlIntStatus                 
00000775  SysCtlLDOSleepSet               
00000785  SysCtlLDOSleepGet               
0000078b  SysCtlLDODeepSleepSet           
0000079b  SysCtlLDODeepSleepGet           
000007a1  SysCtlSleepPowerSet             
000007b5  SysCtlDeepSleepPowerSet         
000007c5  SysCtlReset                     
000007cd  SysCtlSleep                     
000007d5  SysCtlDeepSleep                 
000007f1  SysCtlResetCauseGet             
000007f7  SysCtlResetCauseClear           
0000080b  SysCtlMOSCConfigSet             
00000821  SysCtlPIOSCCalibrate            
00000871  SysCtlResetBehaviorSet          
00000881  SysCtlResetBehaviorGet          
000008d1  SysCtlClockFreqSet              
00000bc9  SysCtlClockSet                  
00000d99  SysCtlClockGet                  
00000f3f  SysCtlDeepSleepClockSet         
00000f5d  SysCtlDeepSleepClockConfigSet   
00000fe7  SysCtlPWMClockSet               
00001001  SysCtlPWMClockGet               
00001017  SysCtlGPIOAHBEnable             
00001033  SysCtlGPIOAHBDisable            
0000104f  SysCtlUSBPLLEnable              
0000105b  SysCtlUSBPLLDisable             
0000106d  SysCtlVoltageEventConfig        
0000107d  SysCtlVoltageEventStatus        
00001089  SysCtlVoltageEventClear         
000010a1  SysCtlVCOGet                    
0000115d  SysCtlNMIStatus                 
00001171  SysCtlNMIClear                  
0000118d  SysCtlClockOutConfig            
000011a9  SysCtlAltClkConfig              
0000124b  GPIODirModeSet                  
000012a7  GPIODirModeGet                  
000012f3  GPIOIntTypeSet                  
00001397  GPIOIntTypeGet                  
0000142d  GPIOPadConfigSet                
00001667  GPIOPadConfigGet                
000017b9  GPIOIntEnable                   
000017d3  GPIOIntDisable                  
000017ed  GPIOIntStatus                   
0000180f  GPIOIntClear                    
00001823  GPIOIntRegister                 
00001841  GPIOIntUnregister               
0000185b  GPIOIntRegisterPin              
00001889  GPIOIntUnregisterPin            
000018ad  GPIOPinRead                     
000018c5  GPIOPinWrite                    
000018e5  GPIOPinTypeADC                  
00001909  GPIOPinTypeCAN                  
0000192d  GPIOPinTypeComparator           
00001951  GPIOPinTypeComparatorOutput     
00001975  GPIOPinTypeDIVSCLK              
00001999  GPIOPinTypeEPI                  
000019bd  GPIOPinTypeEthernetLED          
000019e1  GPIOPinTypeEthernetMII          
00001a05  GPIOPinTypeGPIOInput            
00001a29  GPIOPinTypeGPIOOutput           
00001a63  GPIOPinTypeGPIOOutputOD         
00001a87  GPIOPinTypeHibernateRTCCLK      
00001aab  GPIOPinTypeI2C                  
00001acf  GPIOPinTypeI2CSCL               
00001af3  GPIOPinTypeLCD                  
00001b17  GPIOPinTypeOneWire              
00001b3b  GPIOPinTypePWM                  
00001b5f  GPIOPinTypeQEI                  
00001b83  GPIOPinTypeSSI                  
00001ba7  GPIOPinTypeTimer                
00001bcb  GPIOPinTypeTrace                
00001bef  GPIOPinTypeUART                 
00001c13  GPIOPinTypeUSBAnalog            
00001c37  GPIOPinTypeUSBDigital           
00001c5b  GPIOPinTypeWakeHigh             
00001c81  GPIOPinTypeWakeLow              
00001ca7  GPIOPinWakeStatus               
00001cb7  GPIOPinConfigure                
00001d15  GPIODMATriggerEnable            
00001d33  GPIODMATriggerDisable           
00001d5d  GPIOADCTriggerEnable            
00001d7b  GPIOADCTriggerDisable           
00001e13  TimerEnable                     
00001e31  TimerDisable                    
00001e4f  TimerConfigure                  
00001ecb  TimerControlLevel               
00001f01  TimerControlTrigger             
00001f6f  TimerControlEvent               
00001f99  TimerControlStall               
00001fcf  TimerControlWaitOnTrigger       
0000202f  TimerRTCEnable                  
00002045  TimerRTCDisable                 
0000205b  TimerClockSourceSet             
00002085  TimerClockSourceGet             
00002095  TimerPrescaleSet                
000020bf  TimerPrescaleGet                
000020db  TimerPrescaleMatchSet           
00002109  TimerPrescaleMatchGet           
00002125  TimerLoadSet                    
0000214f  TimerLoadGet                    
0000216b  TimerLoadSet64                  
00002185  TimerLoadGet64                  
000021b7  TimerValueGet                   
000021d3  TimerValueGet64                 
00002205  TimerMatchSet                   
0000222f  TimerMatchGet                   
0000224b  TimerMatchSet64                 
00002265  TimerMatchGet64                 
00002297  TimerIntRegister                
000022bf  TimerIntUnregister              
000022dd  TimerIntEnable                  
000022f5  TimerIntDisable                 
0000230d  TimerIntStatus                  
0000232b  TimerIntClear                   
0000233d  TimerSynchronize                
0000234f  TimerADCEventSet                
00002361  TimerADCEventGet                
0000236f  TimerDMAEventSet                
00002381  TimerDMAEventGet                
0000238f  TimerUpdateMode                 
00002443  UARTParityModeSet               
0000245f  UARTParityModeGet               
00002471  UARTFIFOLevelSet                
00002489  UARTFIFOLevelGet                
000024b1  UARTConfigSetExpClk             
00002527  UARTConfigGetExpClk             
00002573  UARTEnable                      
00002597  UARTDisable                     
000025c1  UARTFIFOEnable                  
000025d7  UARTFIFODisable                 
000025ed  UARTEnableSIR                   
0000261b  UARTDisableSIR                  
00002631  UARTSmartCardEnable             
00002663  UARTSmartCardDisable            
00002679  UARTModemControlSet             
000026b1  UARTModemControlClear           
000026d5  UARTModemControlGet             
000026e7  UARTModemStatusGet              
000026fb  UARTFlowControlSet              
00002717  UARTFlowControlGet              
00002729  UARTTxIntModeSet                
00002745  UARTTxIntModeGet                
00002757  UARTCharsAvail                  
00002775  UARTSpaceAvail                  
00002793  UARTCharGetNonBlocking          
000027af  UARTCharGet                     
000027c5  UARTCharPutNonBlocking          
000027e9  UARTCharPut                     
00002807  UARTBreakCtl                    
00002831  UARTBusy                        
0000284f  UARTIntRegister                 
0000286d  UARTIntUnregister               
0000288d  UARTIntEnable                   
000028a5  UARTIntDisable                  
000028bd  UARTIntStatus                   
000028db  UARTIntClear                    
000028ed  UARTDMAEnable                   
00002905  UARTDMADisable                  
0000291d  UARTRxErrorGet                  
0000292f  UARTRxErrorClear                
0000293f  UARTClockSourceSet              
00002953  UARTClockSourceGet              
00002963  UART9BitEnable                  
00002979  UART9BitDisable                 
0000298f  UART9BitAddrSet                 
000029b5  UART9BitAddrSend                
000029fd  UARTLoopbackEnable              
00002a15  main                            
00002d29  ISR_Timer0IntHandler            
00002d8d  ISR_UARTIntHandler              
00002e11  UARTSend                        
00002e49  delay_1ms                       
00002ecf  IntMasterEnable                 
00002edf  IntMasterDisable                
00002eef  IntRegister                     
00002f41  IntUnregister                   
00002f55  IntPriorityGroupingSet          
00002f6f  IntPriorityGroupingGet          
00002fa7  IntPrioritySet                  
00002ff7  IntPriorityGet                  
0000301b  IntEnable                       
0000308d  IntDisable                      
000030ff  IntIsEnabled                    
00003185  IntPendSet                      
000031f5  IntPendClear                    
00003243  IntPriorityMaskSet              
0000324f  IntPriorityMaskGet              
00003257  IntTrigger                      
000032eb  SSIConfigSetExpClk              
00003365  SSIEnable                       
0000337b  SSIDisable                      
00003391  SSIIntRegister                  
000033af  SSIIntUnregister                
000033c9  SSIIntEnable                    
000033e1  SSIIntDisable                   
000033f9  SSIIntStatus                    
00003417  SSIIntClear                     
00003429  SSIDataPut                      
00003443  SSIDataPutNonBlocking           
00003463  SSIDataGet                      
0000347f  SSIDataGetNonBlocking           
000034a1  SSIDMAEnable                    
000034b9  SSIDMADisable                   
000034d1  SSIBusy                         
000034ef  SSIClockSourceSet               
00003503  SSIClockSourceGet               
00003513  SSIAdvModeSet                   
00003545  SSIAdvDataPutFrameEnd           
0000356b  SSIAdvDataPutFrameEndNonBlocking
00003597  SSIAdvFrameHoldEnable           
000035ad  SSIAdvFrameHoldDisable          
000035c3  __aeabi_memcpy                  
000035c3  __aeabi_memcpy4                 
000035c3  __aeabi_memcpy8                 
000035c3  memcpy                          
0000365f  __TI_decompress_lzss            
000036c9  __TI_auto_init_nobinit_nopinit  
0000370d  CPUcpsid                        
00003719  CPUprimask                      
00003723  CPUcpsie                        
0000372f  CPUwfi                          
00003733  CPUbasepriSet                   
00003741  CPUbasepriGet                   
0000374d  _c_int00_noargs                 
00003781  __TI_zero_init_nomemset         
0000379d  strlen                          
000037b1  __TI_decompress_none            
000037bf  ResetISR                        
000037cb  SysCtlDelay                     
000037d1  _system_pre_init                
000037d5  C$$EXIT                         
000037d5  abort                           
00003ed8  __TI_Handler_Table_Base         
00003ee4  __TI_Handler_Table_Limit        
00003ef8  __TI_CINIT_Base                 
00003f10  __TI_CINIT_Limit                
20000000  __start___llvm_prf_cnts         
20000000  __stop___llvm_prf_cnts          
20000000  g_pfnRAMVectors                 
20000270  __stack                         
20000470  LED_Command_R                   
20000470  __STACK_END                     
20000470  __STACK_TOP                     
20000471  LED_Command_G                   
20000472  LED_Command_B                   
20000473  LED_Command_GO                  
20000474  ButtonState_L                   
20000475  ButtonState_R                   
20000476  ButtonState_RL                  
20000477  Button_Pressed_R                
20000478  Button_Pressed_L                
20000479  ButtonStates                    
2000047a  LED_Command                     
2000047c  Timer0_Occurances               
20000480  Timer1_Occurances               
20000484  TIMER_0_MAX_OCCURANCES          
20000488  TIMER_1_MAX_OCCURANCES          
2000048c  TIMER_MULTIPLIER                
20000490  MaxDelay                        
20000494  Count                           
20000498  SSI_ARD_Received_Char           
2000049c  TIMER_0_Period                  
200004a0  UART_Received_Char              
ffffffff  __TI_pprof_out_hndl             
ffffffff  __TI_prof_data_size             
ffffffff  __TI_prof_data_start            
ffffffff  __binit__                       
ffffffff  __c_args__                      
ffffffff  binit                           
UNDEFED   __mpu_init                      
UNDEFED   _system_post_cinit              

[295 symbols]
