<?xml version="1.0" encoding="ISO-8859-1" ?>
<link_info>
   <banner>TI ARM Linker PC v20.2.7.LTS</banner>
   <copyright>Copyright (c) 1996-2018 Texas Instruments Incorporated</copyright>
   <link_time>0x657a8549</link_time>
   <link_errors>0x0</link_errors>
   <output_file>PROJECT_PROSTHETICS.out</output_file>
   <entry_point>
      <name>_c_int00_noargs</name>
      <address>0x4e29</address>
   </entry_point>
   <input_file_list>
      <input_file id="fl-2">
         <path>.\</path>
         <kind>object</kind>
         <file>main.obj</file>
         <name>main.obj</name>
      </input_file>
      <input_file id="fl-3">
         <path>.\</path>
         <kind>object</kind>
         <file>tm4c123gh6pm_startup_ccs.obj</file>
         <name>tm4c123gh6pm_startup_ccs.obj</name>
      </input_file>
      <input_file id="fl-4">
         <path>.\driverlib\</path>
         <kind>object</kind>
         <file>adc.obj</file>
         <name>adc.obj</name>
      </input_file>
      <input_file id="fl-5">
         <path>.\driverlib\</path>
         <kind>object</kind>
         <file>aes.obj</file>
         <name>aes.obj</name>
      </input_file>
      <input_file id="fl-6">
         <path>.\driverlib\</path>
         <kind>object</kind>
         <file>can.obj</file>
         <name>can.obj</name>
      </input_file>
      <input_file id="fl-7">
         <path>.\driverlib\</path>
         <kind>object</kind>
         <file>comp.obj</file>
         <name>comp.obj</name>
      </input_file>
      <input_file id="fl-8">
         <path>.\driverlib\</path>
         <kind>object</kind>
         <file>cpu.obj</file>
         <name>cpu.obj</name>
      </input_file>
      <input_file id="fl-9">
         <path>.\driverlib\</path>
         <kind>object</kind>
         <file>crc.obj</file>
         <name>crc.obj</name>
      </input_file>
      <input_file id="fl-a">
         <path>.\driverlib\</path>
         <kind>object</kind>
         <file>des.obj</file>
         <name>des.obj</name>
      </input_file>
      <input_file id="fl-b">
         <path>.\driverlib\</path>
         <kind>object</kind>
         <file>eeprom.obj</file>
         <name>eeprom.obj</name>
      </input_file>
      <input_file id="fl-c">
         <path>.\driverlib\</path>
         <kind>object</kind>
         <file>emac.obj</file>
         <name>emac.obj</name>
      </input_file>
      <input_file id="fl-d">
         <path>.\driverlib\</path>
         <kind>object</kind>
         <file>epi.obj</file>
         <name>epi.obj</name>
      </input_file>
      <input_file id="fl-e">
         <path>.\driverlib\</path>
         <kind>object</kind>
         <file>epi_workaround_ccs.obj</file>
         <name>epi_workaround_ccs.obj</name>
      </input_file>
      <input_file id="fl-f">
         <path>.\driverlib\</path>
         <kind>object</kind>
         <file>flash.obj</file>
         <name>flash.obj</name>
      </input_file>
      <input_file id="fl-10">
         <path>.\driverlib\</path>
         <kind>object</kind>
         <file>fpu.obj</file>
         <name>fpu.obj</name>
      </input_file>
      <input_file id="fl-11">
         <path>.\driverlib\</path>
         <kind>object</kind>
         <file>gpio.obj</file>
         <name>gpio.obj</name>
      </input_file>
      <input_file id="fl-12">
         <path>.\driverlib\</path>
         <kind>object</kind>
         <file>hibernate.obj</file>
         <name>hibernate.obj</name>
      </input_file>
      <input_file id="fl-13">
         <path>.\driverlib\</path>
         <kind>object</kind>
         <file>i2c.obj</file>
         <name>i2c.obj</name>
      </input_file>
      <input_file id="fl-14">
         <path>.\driverlib\</path>
         <kind>object</kind>
         <file>interrupt.obj</file>
         <name>interrupt.obj</name>
      </input_file>
      <input_file id="fl-15">
         <path>.\driverlib\</path>
         <kind>object</kind>
         <file>lcd.obj</file>
         <name>lcd.obj</name>
      </input_file>
      <input_file id="fl-16">
         <path>.\driverlib\</path>
         <kind>object</kind>
         <file>mpu.obj</file>
         <name>mpu.obj</name>
      </input_file>
      <input_file id="fl-17">
         <path>.\driverlib\</path>
         <kind>object</kind>
         <file>onewire.obj</file>
         <name>onewire.obj</name>
      </input_file>
      <input_file id="fl-18">
         <path>.\driverlib\</path>
         <kind>object</kind>
         <file>pwm.obj</file>
         <name>pwm.obj</name>
      </input_file>
      <input_file id="fl-19">
         <path>.\driverlib\</path>
         <kind>object</kind>
         <file>qei.obj</file>
         <name>qei.obj</name>
      </input_file>
      <input_file id="fl-1a">
         <path>.\driverlib\</path>
         <kind>object</kind>
         <file>shamd5.obj</file>
         <name>shamd5.obj</name>
      </input_file>
      <input_file id="fl-1b">
         <path>.\driverlib\</path>
         <kind>object</kind>
         <file>ssi.obj</file>
         <name>ssi.obj</name>
      </input_file>
      <input_file id="fl-1c">
         <path>.\driverlib\</path>
         <kind>object</kind>
         <file>sw_crc.obj</file>
         <name>sw_crc.obj</name>
      </input_file>
      <input_file id="fl-1d">
         <path>.\driverlib\</path>
         <kind>object</kind>
         <file>sysctl.obj</file>
         <name>sysctl.obj</name>
      </input_file>
      <input_file id="fl-1e">
         <path>.\driverlib\</path>
         <kind>object</kind>
         <file>sysexc.obj</file>
         <name>sysexc.obj</name>
      </input_file>
      <input_file id="fl-1f">
         <path>.\driverlib\</path>
         <kind>object</kind>
         <file>systick.obj</file>
         <name>systick.obj</name>
      </input_file>
      <input_file id="fl-20">
         <path>.\driverlib\</path>
         <kind>object</kind>
         <file>timer.obj</file>
         <name>timer.obj</name>
      </input_file>
      <input_file id="fl-21">
         <path>.\driverlib\</path>
         <kind>object</kind>
         <file>uart.obj</file>
         <name>uart.obj</name>
      </input_file>
      <input_file id="fl-22">
         <path>.\driverlib\</path>
         <kind>object</kind>
         <file>udma.obj</file>
         <name>udma.obj</name>
      </input_file>
      <input_file id="fl-23">
         <path>.\driverlib\</path>
         <kind>object</kind>
         <file>usb.obj</file>
         <name>usb.obj</name>
      </input_file>
      <input_file id="fl-24">
         <path>.\driverlib\</path>
         <kind>object</kind>
         <file>watchdog.obj</file>
         <name>watchdog.obj</name>
      </input_file>
      <input_file id="fl-2c">
         <kind>object</kind>
         <file>&lt;internal&gt;</file>
         <name>&lt;internal&gt;</name>
      </input_file>
      <input_file id="fl-e2">
         <path>C:\ti\ccs1240\ccs\tools\compiler\ti-cgt-arm_20.2.7.LTS\lib\</path>
         <kind>archive</kind>
         <file>rtsv7M4_T_le_v4SPD16_eabi.lib</file>
         <name>copy_zero_init.c.obj</name>
      </input_file>
      <input_file id="fl-e3">
         <path>C:\ti\ccs1240\ccs\tools\compiler\ti-cgt-arm_20.2.7.LTS\lib\</path>
         <kind>archive</kind>
         <file>rtsv7M4_T_le_v4SPD16_eabi.lib</file>
         <name>copy_decompress_none.c.obj</name>
      </input_file>
      <input_file id="fl-e4">
         <path>C:\ti\ccs1240\ccs\tools\compiler\ti-cgt-arm_20.2.7.LTS\lib\</path>
         <kind>archive</kind>
         <file>rtsv7M4_T_le_v4SPD16_eabi.lib</file>
         <name>copy_decompress_lzss.c.obj</name>
      </input_file>
      <input_file id="fl-e5">
         <path>C:\ti\ccs1240\ccs\tools\compiler\ti-cgt-arm_20.2.7.LTS\lib\</path>
         <kind>archive</kind>
         <file>rtsv7M4_T_le_v4SPD16_eabi.lib</file>
         <name>strlen.c.obj</name>
      </input_file>
      <input_file id="fl-e6">
         <path>C:\ti\ccs1240\ccs\tools\compiler\ti-cgt-arm_20.2.7.LTS\lib\</path>
         <kind>archive</kind>
         <file>rtsv7M4_T_le_v4SPD16_eabi.lib</file>
         <name>boot_cortex_m.c.obj</name>
      </input_file>
      <input_file id="fl-e7">
         <path>C:\ti\ccs1240\ccs\tools\compiler\ti-cgt-arm_20.2.7.LTS\lib\</path>
         <kind>archive</kind>
         <file>rtsv7M4_T_le_v4SPD16_eabi.lib</file>
         <name>memcpy_t2.asm.obj</name>
      </input_file>
      <input_file id="fl-e8">
         <path>C:\ti\ccs1240\ccs\tools\compiler\ti-cgt-arm_20.2.7.LTS\lib\</path>
         <kind>archive</kind>
         <file>rtsv7M4_T_le_v4SPD16_eabi.lib</file>
         <name>memset_t2.asm.obj</name>
      </input_file>
      <input_file id="fl-e9">
         <path>C:\ti\ccs1240\ccs\tools\compiler\ti-cgt-arm_20.2.7.LTS\lib\</path>
         <kind>archive</kind>
         <file>rtsv7M4_T_le_v4SPD16_eabi.lib</file>
         <name>autoinit.c.obj</name>
      </input_file>
      <input_file id="fl-ea">
         <path>C:\ti\ccs1240\ccs\tools\compiler\ti-cgt-arm_20.2.7.LTS\lib\</path>
         <kind>archive</kind>
         <file>rtsv7M4_T_le_v4SPD16_eabi.lib</file>
         <name>pre_init.c.obj</name>
      </input_file>
      <input_file id="fl-eb">
         <path>C:\ti\ccs1240\ccs\tools\compiler\ti-cgt-arm_20.2.7.LTS\lib\</path>
         <kind>archive</kind>
         <file>rtsv7M4_T_le_v4SPD16_eabi.lib</file>
         <name>cpy_tbl.c.obj</name>
      </input_file>
      <input_file id="fl-ec">
         <path>C:\ti\ccs1240\ccs\tools\compiler\ti-cgt-arm_20.2.7.LTS\lib\</path>
         <kind>archive</kind>
         <file>rtsv7M4_T_le_v4SPD16_eabi.lib</file>
         <name>exit.c.obj</name>
      </input_file>
      <input_file id="fl-ed">
         <path>C:\ti\ccs1240\ccs\tools\compiler\ti-cgt-arm_20.2.7.LTS\lib\</path>
         <kind>archive</kind>
         <file>rtsv7M4_T_le_v4SPD16_eabi.lib</file>
         <name>_lock.c.obj</name>
      </input_file>
      <input_file id="fl-ee">
         <path>C:\ti\ccs1240\ccs\tools\compiler\ti-cgt-arm_20.2.7.LTS\lib\</path>
         <kind>archive</kind>
         <file>rtsv7M4_T_le_v4SPD16_eabi.lib</file>
         <name>args_main.c.obj</name>
      </input_file>
   </input_file_list>
   <object_component_list>
      <object_component id="oc-12">
         <name>.intvecs</name>
         <load_address>0x0</load_address>
         <run_address>0x0</run_address>
         <size>0x26c</size>
         <input_file_ref idref="fl-3"/>
      </object_component>
      <object_component id="oc-74">
         <name>.text</name>
         <load_address>0x26c</load_address>
         <run_address>0x26c</run_address>
         <size>0xf80</size>
         <input_file_ref idref="fl-1d"/>
      </object_component>
      <object_component id="oc-2d">
         <name>.text</name>
         <load_address>0x11ec</load_address>
         <run_address>0x11ec</run_address>
         <size>0xc40</size>
         <input_file_ref idref="fl-2"/>
      </object_component>
      <object_component id="oc-7a">
         <name>.text</name>
         <load_address>0x1e2c</load_address>
         <run_address>0x1e2c</run_address>
         <size>0xbb4</size>
         <input_file_ref idref="fl-11"/>
      </object_component>
      <object_component id="oc-80">
         <name>.text</name>
         <load_address>0x29e0</load_address>
         <run_address>0x29e0</run_address>
         <size>0x83a</size>
         <input_file_ref idref="fl-4"/>
      </object_component>
      <object_component id="oc-86">
         <name>.text</name>
         <load_address>0x321c</load_address>
         <run_address>0x321c</run_address>
         <size>0x718</size>
         <input_file_ref idref="fl-18"/>
      </object_component>
      <object_component id="oc-a4">
         <name>.text</name>
         <load_address>0x3934</load_address>
         <run_address>0x3934</run_address>
         <size>0x642</size>
         <input_file_ref idref="fl-20"/>
      </object_component>
      <object_component id="oc-92">
         <name>.text</name>
         <load_address>0x3f78</load_address>
         <run_address>0x3f78</run_address>
         <size>0x62e</size>
         <input_file_ref idref="fl-21"/>
      </object_component>
      <object_component id="oc-8c">
         <name>.text</name>
         <load_address>0x45a8</load_address>
         <run_address>0x45a8</run_address>
         <size>0x3c0</size>
         <input_file_ref idref="fl-14"/>
      </object_component>
      <object_component id="oc-98">
         <name>.text</name>
         <load_address>0x4968</load_address>
         <run_address>0x4968</run_address>
         <size>0x336</size>
         <input_file_ref idref="fl-1b"/>
      </object_component>
      <object_component id="oc-41">
         <name>.text</name>
         <load_address>0x4c9e</load_address>
         <run_address>0x4c9e</run_address>
         <size>0x9c</size>
         <input_file_ref idref="fl-e7"/>
      </object_component>
      <object_component id="oc-15">
         <name>.text:decompress:lzss:__TI_decompress_lzss</name>
         <load_address>0x4d3a</load_address>
         <run_address>0x4d3a</run_address>
         <size>0x68</size>
         <input_file_ref idref="fl-e4"/>
      </object_component>
      <object_component id="oc-173">
         <name>.text:__TI_auto_init_nobinit_nopinit:__TI_auto_init_nobinit_nopinit</name>
         <load_address>0x4da4</load_address>
         <run_address>0x4da4</run_address>
         <size>0x44</size>
         <input_file_ref idref="fl-e9"/>
      </object_component>
      <object_component id="oc-f5">
         <name>.text</name>
         <load_address>0x4de8</load_address>
         <run_address>0x4de8</run_address>
         <size>0x3e</size>
         <input_file_ref idref="fl-8"/>
      </object_component>
      <object_component id="oc-5f">
         <name>.text:_c_int00_noargs:_c_int00_noargs</name>
         <load_address>0x4e28</load_address>
         <run_address>0x4e28</run_address>
         <size>0x34</size>
         <input_file_ref idref="fl-e6"/>
      </object_component>
      <object_component id="oc-4d">
         <name>.text:decompress:ZI:__TI_zero_init_nomemset:__TI_zero_init_nomemset</name>
         <load_address>0x4e5c</load_address>
         <run_address>0x4e5c</run_address>
         <size>0x1c</size>
         <input_file_ref idref="fl-e2"/>
      </object_component>
      <object_component id="oc-9e">
         <name>.text:strlen</name>
         <load_address>0x4e78</load_address>
         <run_address>0x4e78</run_address>
         <size>0x14</size>
         <input_file_ref idref="fl-e5"/>
      </object_component>
      <object_component id="oc-1b">
         <name>.text:decompress:none:__TI_decompress_none</name>
         <load_address>0x4e8c</load_address>
         <run_address>0x4e8c</run_address>
         <size>0xe</size>
         <input_file_ref idref="fl-e3"/>
      </object_component>
      <object_component id="oc-27">
         <name>.text</name>
         <load_address>0x4e9a</load_address>
         <run_address>0x4e9a</run_address>
         <size>0xc</size>
         <input_file_ref idref="fl-3"/>
      </object_component>
      <object_component id="oc-b0">
         <name>.text:SysCtlDelay</name>
         <load_address>0x4ea6</load_address>
         <run_address>0x4ea6</run_address>
         <size>0x6</size>
         <input_file_ref idref="fl-1d"/>
      </object_component>
      <object_component id="oc-e0">
         <name>.text:_system_pre_init</name>
         <load_address>0x4eac</load_address>
         <run_address>0x4eac</run_address>
         <size>0x4</size>
         <input_file_ref idref="fl-ea"/>
      </object_component>
      <object_component id="oc-167">
         <name>.text:abort:abort</name>
         <load_address>0x4eb0</load_address>
         <run_address>0x4eb0</run_address>
         <size>0x4</size>
         <input_file_ref idref="fl-ec"/>
      </object_component>
      <object_component id="oc-101">
         <name>.const:g_pppui32XTALtoVCO</name>
         <load_address>0x4eb4</load_address>
         <run_address>0x4eb4</run_address>
         <size>0x1b0</size>
         <input_file_ref idref="fl-1d"/>
      </object_component>
      <object_component id="oc-10e">
         <name>.const:g_ppui32GPIOIntMapSnowflake</name>
         <load_address>0x5064</load_address>
         <run_address>0x5064</run_address>
         <size>0xd8</size>
         <input_file_ref idref="fl-11"/>
      </object_component>
      <object_component id="oc-10b">
         <name>.const:g_ppui32GPIOIntMapBlizzard</name>
         <load_address>0x513c</load_address>
         <run_address>0x513c</run_address>
         <size>0xc0</size>
         <input_file_ref idref="fl-11"/>
      </object_component>
      <object_component id="oc-123">
         <name>.const:g_pui32Regs</name>
         <load_address>0x51fc</load_address>
         <run_address>0x51fc</run_address>
         <size>0x9c</size>
         <input_file_ref idref="fl-14"/>
      </object_component>
      <object_component id="oc-111">
         <name>.const:g_pui32GPIOBaseAddrs</name>
         <load_address>0x5298</load_address>
         <run_address>0x5298</run_address>
         <size>0x90</size>
         <input_file_ref idref="fl-11"/>
      </object_component>
      <object_component id="oc-fb">
         <name>.const:g_pui32Xtals</name>
         <load_address>0x5328</load_address>
         <run_address>0x5328</run_address>
         <size>0x6c</size>
         <input_file_ref idref="fl-1d"/>
      </object_component>
      <object_component id="oc-14b">
         <name>.const:g_ppui32TimerIntMap</name>
         <load_address>0x5394</load_address>
         <run_address>0x5394</run_address>
         <size>0x60</size>
         <input_file_ref idref="fl-20"/>
      </object_component>
      <object_component id="oc-14e">
         <name>.const:g_ppui32TimerIntMapSnowflake</name>
         <load_address>0x53f4</load_address>
         <run_address>0x53f4</run_address>
         <size>0x40</size>
         <input_file_ref idref="fl-20"/>
      </object_component>
      <object_component id="oc-134">
         <name>.const:g_ppui32UARTIntMap</name>
         <load_address>0x5434</load_address>
         <run_address>0x5434</run_address>
         <size>0x40</size>
         <input_file_ref idref="fl-21"/>
      </object_component>
      <object_component id="oc-137">
         <name>.const:g_ppui32UARTIntMapSnowflake</name>
         <load_address>0x5474</load_address>
         <run_address>0x5474</run_address>
         <size>0x40</size>
         <input_file_ref idref="fl-21"/>
      </object_component>
      <object_component id="oc-f2">
         <name>.const:g_sXTALtoMEMTIM</name>
         <load_address>0x54b4</load_address>
         <run_address>0x54b4</run_address>
         <size>0x30</size>
         <input_file_ref idref="fl-1d"/>
      </object_component>
      <object_component id="oc-13c">
         <name>.const:g_ppui32SSIIntMap</name>
         <load_address>0x54e4</load_address>
         <run_address>0x54e4</run_address>
         <size>0x20</size>
         <input_file_ref idref="fl-1b"/>
      </object_component>
      <object_component id="oc-13f">
         <name>.const:g_ppui32SSIIntMapSnowflake</name>
         <load_address>0x5504</load_address>
         <run_address>0x5504</run_address>
         <size>0x20</size>
         <input_file_ref idref="fl-1b"/>
      </object_component>
      <object_component id="oc-120">
         <name>.const:g_pui32Priority</name>
         <load_address>0x5524</load_address>
         <run_address>0x5524</run_address>
         <size>0x20</size>
         <input_file_ref idref="fl-14"/>
      </object_component>
      <object_component id="oc-129">
         <name>.const:g_pui32Dii16Regs</name>
         <load_address>0x5544</load_address>
         <run_address>0x5544</run_address>
         <size>0x14</size>
         <input_file_ref idref="fl-14"/>
      </object_component>
      <object_component id="oc-126">
         <name>.const:g_pui32EnRegs</name>
         <load_address>0x5558</load_address>
         <run_address>0x5558</run_address>
         <size>0x14</size>
         <input_file_ref idref="fl-14"/>
      </object_component>
      <object_component id="oc-12c">
         <name>.const:g_pui32PendRegs</name>
         <load_address>0x556c</load_address>
         <run_address>0x556c</run_address>
         <size>0x14</size>
         <input_file_ref idref="fl-14"/>
      </object_component>
      <object_component id="oc-12f">
         <name>.const:g_pui32UnpendRegs</name>
         <load_address>0x5580</load_address>
         <run_address>0x5580</run_address>
         <size>0x14</size>
         <input_file_ref idref="fl-14"/>
      </object_component>
      <object_component id="oc-fe">
         <name>.const:g_pui32VCOFrequencies</name>
         <load_address>0x5594</load_address>
         <run_address>0x5594</run_address>
         <size>0x8</size>
         <input_file_ref idref="fl-1d"/>
      </object_component>
      <object_component id="oc-262">
         <name>.cinit..data.load</name>
         <load_address>0x55a0</load_address>
         <run_address>0x55a0</run_address>
         <size>0x17</size>
      </object_component>
      <object_component id="oc-25f">
         <name>__TI_handler_table</name>
         <load_address>0x55b8</load_address>
         <run_address>0x55b8</run_address>
         <size>0xc</size>
      </object_component>
      <object_component id="oc-263">
         <name>.cinit..bss.load</name>
         <load_address>0x55c8</load_address>
         <run_address>0x55c8</run_address>
         <size>0x8</size>
      </object_component>
      <object_component id="oc-261">
         <name>.cinit..vtable.load</name>
         <load_address>0x55d0</load_address>
         <run_address>0x55d0</run_address>
         <size>0x8</size>
      </object_component>
      <object_component id="oc-260">
         <name>__TI_cinit_table</name>
         <load_address>0x55d8</load_address>
         <run_address>0x55d8</run_address>
         <size>0x18</size>
      </object_component>
      <object_component id="oc-11d">
         <name>.vtable</name>
         <uninitialized>true</uninitialized>
         <run_address>0x20000000</run_address>
         <size>0x26c</size>
         <input_file_ref idref="fl-14"/>
      </object_component>
      <object_component id="oc-aa">
         <name>.data</name>
         <load_address>0x20000470</load_address>
         <run_address>0x20000470</run_address>
         <size>0x4c</size>
         <input_file_ref idref="fl-2"/>
      </object_component>
      <object_component id="oc-116">
         <name>.bss:g_pui8OversampleFactor</name>
         <uninitialized>true</uninitialized>
         <run_address>0x200004bc</run_address>
         <size>0x8</size>
         <input_file_ref idref="fl-4"/>
      </object_component>
      <object_component id="oc-b1">
         <name>.common:UART_Received_Char</name>
         <uninitialized>true</uninitialized>
         <run_address>0x200004cc</run_address>
         <size>0x4</size>
      </object_component>
      <object_component id="oc-b2">
         <name>.common:SSI_ARD_Received_Char</name>
         <uninitialized>true</uninitialized>
         <run_address>0x200004c4</run_address>
         <size>0x4</size>
      </object_component>
      <object_component id="oc-ad">
         <name>.common:TIMER_0_Period</name>
         <uninitialized>true</uninitialized>
         <run_address>0x200004c8</run_address>
         <size>0x4</size>
      </object_component>
      <object_component id="oc-24">
         <name>.stack</name>
         <uninitialized>true</uninitialized>
         <run_address>0x20000270</run_address>
         <size>0x4</size>
         <input_file_ref idref="fl-e6"/>
      </object_component>
      <object_component id="oc-265">
         <name>.stack</name>
         <uninitialized>true</uninitialized>
         <run_address>0x20000270</run_address>
         <size>0x0</size>
      </object_component>
      <object_component id="oc-ae">
         <name>.debug_info</name>
         <load_address>0x0</load_address>
         <run_address>0x0</run_address>
         <size>0xc81</size>
         <input_file_ref idref="fl-2"/>
      </object_component>
      <object_component id="oc-ab">
         <name>.debug_info</name>
         <load_address>0xc81</load_address>
         <run_address>0xc81</run_address>
         <size>0x46f</size>
         <input_file_ref idref="fl-2"/>
      </object_component>
      <object_component id="oc-31">
         <name>.debug_info</name>
         <load_address>0x10f0</load_address>
         <run_address>0x10f0</run_address>
         <size>0x10d7</size>
         <input_file_ref idref="fl-2"/>
      </object_component>
      <object_component id="oc-c0">
         <name>.debug_info</name>
         <load_address>0x21c7</load_address>
         <run_address>0x21c7</run_address>
         <size>0x26b</size>
         <input_file_ref idref="fl-2"/>
      </object_component>
      <object_component id="oc-b4">
         <name>.debug_info</name>
         <load_address>0x2432</load_address>
         <run_address>0x2432</run_address>
         <size>0x8b</size>
         <input_file_ref idref="fl-2"/>
      </object_component>
      <object_component id="oc-157">
         <name>.debug_info</name>
         <load_address>0x24bd</load_address>
         <run_address>0x24bd</run_address>
         <size>0x2a4</size>
         <input_file_ref idref="fl-2"/>
      </object_component>
      <object_component id="oc-105">
         <name>.debug_info</name>
         <load_address>0x2761</load_address>
         <run_address>0x2761</run_address>
         <size>0xef</size>
         <input_file_ref idref="fl-2"/>
      </object_component>
      <object_component id="oc-b9">
         <name>.debug_info</name>
         <load_address>0x2850</load_address>
         <run_address>0x2850</run_address>
         <size>0xbb</size>
         <input_file_ref idref="fl-2"/>
      </object_component>
      <object_component id="oc-35">
         <name>.debug_info</name>
         <load_address>0x290b</load_address>
         <run_address>0x290b</run_address>
         <size>0x31a</size>
         <input_file_ref idref="fl-3"/>
      </object_component>
      <object_component id="oc-13">
         <name>.debug_info</name>
         <load_address>0x2c25</load_address>
         <run_address>0x2c25</run_address>
         <size>0xfd</size>
         <input_file_ref idref="fl-3"/>
      </object_component>
      <object_component id="oc-29">
         <name>.debug_info</name>
         <load_address>0x2d22</load_address>
         <run_address>0x2d22</run_address>
         <size>0x279</size>
         <input_file_ref idref="fl-3"/>
      </object_component>
      <object_component id="oc-3c">
         <name>.debug_info</name>
         <load_address>0x2f9b</load_address>
         <run_address>0x2f9b</run_address>
         <size>0x84</size>
         <input_file_ref idref="fl-3"/>
      </object_component>
      <object_component id="oc-11a">
         <name>.debug_info</name>
         <load_address>0x301f</load_address>
         <run_address>0x301f</run_address>
         <size>0x344</size>
         <input_file_ref idref="fl-4"/>
      </object_component>
      <object_component id="oc-117">
         <name>.debug_info</name>
         <load_address>0x3363</load_address>
         <run_address>0x3363</run_address>
         <size>0x105</size>
         <input_file_ref idref="fl-4"/>
      </object_component>
      <object_component id="oc-82">
         <name>.debug_info</name>
         <load_address>0x3468</load_address>
         <run_address>0x3468</run_address>
         <size>0x2b59</size>
         <input_file_ref idref="fl-4"/>
      </object_component>
      <object_component id="oc-f6">
         <name>.debug_info</name>
         <load_address>0x5fc1</load_address>
         <run_address>0x5fc1</run_address>
         <size>0x34a</size>
         <input_file_ref idref="fl-8"/>
      </object_component>
      <object_component id="oc-115">
         <name>.debug_info</name>
         <load_address>0x630b</load_address>
         <run_address>0x630b</run_address>
         <size>0x36e</size>
         <input_file_ref idref="fl-11"/>
      </object_component>
      <object_component id="oc-10c">
         <name>.debug_info</name>
         <load_address>0x6679</load_address>
         <run_address>0x6679</run_address>
         <size>0x10e</size>
         <input_file_ref idref="fl-11"/>
      </object_component>
      <object_component id="oc-10f">
         <name>.debug_info</name>
         <load_address>0x6787</load_address>
         <run_address>0x6787</run_address>
         <size>0x110</size>
         <input_file_ref idref="fl-11"/>
      </object_component>
      <object_component id="oc-112">
         <name>.debug_info</name>
         <load_address>0x6897</load_address>
         <run_address>0x6897</run_address>
         <size>0x102</size>
         <input_file_ref idref="fl-11"/>
      </object_component>
      <object_component id="oc-7e">
         <name>.debug_info</name>
         <load_address>0x6999</load_address>
         <run_address>0x6999</run_address>
         <size>0x3131</size>
         <input_file_ref idref="fl-11"/>
      </object_component>
      <object_component id="oc-133">
         <name>.debug_info</name>
         <load_address>0x9aca</load_address>
         <run_address>0x9aca</run_address>
         <size>0x34b</size>
         <input_file_ref idref="fl-14"/>
      </object_component>
      <object_component id="oc-121">
         <name>.debug_info</name>
         <load_address>0x9e15</load_address>
         <run_address>0x9e15</run_address>
         <size>0xfd</size>
         <input_file_ref idref="fl-14"/>
      </object_component>
      <object_component id="oc-124">
         <name>.debug_info</name>
         <load_address>0x9f12</load_address>
         <run_address>0x9f12</run_address>
         <size>0xf5</size>
         <input_file_ref idref="fl-14"/>
      </object_component>
      <object_component id="oc-127">
         <name>.debug_info</name>
         <load_address>0xa007</load_address>
         <run_address>0xa007</run_address>
         <size>0xf9</size>
         <input_file_ref idref="fl-14"/>
      </object_component>
      <object_component id="oc-12a">
         <name>.debug_info</name>
         <load_address>0xa100</load_address>
         <run_address>0xa100</run_address>
         <size>0xff</size>
         <input_file_ref idref="fl-14"/>
      </object_component>
      <object_component id="oc-12d">
         <name>.debug_info</name>
         <load_address>0xa1ff</load_address>
         <run_address>0xa1ff</run_address>
         <size>0xfd</size>
         <input_file_ref idref="fl-14"/>
      </object_component>
      <object_component id="oc-130">
         <name>.debug_info</name>
         <load_address>0xa2fc</load_address>
         <run_address>0xa2fc</run_address>
         <size>0x101</size>
         <input_file_ref idref="fl-14"/>
      </object_component>
      <object_component id="oc-11e">
         <name>.debug_info</name>
         <load_address>0xa3fd</load_address>
         <run_address>0xa3fd</run_address>
         <size>0xfe</size>
         <input_file_ref idref="fl-14"/>
      </object_component>
      <object_component id="oc-90">
         <name>.debug_info</name>
         <load_address>0xa4fb</load_address>
         <run_address>0xa4fb</run_address>
         <size>0xcfe</size>
         <input_file_ref idref="fl-14"/>
      </object_component>
      <object_component id="oc-11c">
         <name>.debug_info</name>
         <load_address>0xb1f9</load_address>
         <run_address>0xb1f9</run_address>
         <size>0x320</size>
         <input_file_ref idref="fl-18"/>
      </object_component>
      <object_component id="oc-89">
         <name>.debug_info</name>
         <load_address>0xb519</load_address>
         <run_address>0xb519</run_address>
         <size>0x278f</size>
         <input_file_ref idref="fl-18"/>
      </object_component>
      <object_component id="oc-143">
         <name>.debug_info</name>
         <load_address>0xdca8</load_address>
         <run_address>0xdca8</run_address>
         <size>0x34f</size>
         <input_file_ref idref="fl-1b"/>
      </object_component>
      <object_component id="oc-13d">
         <name>.debug_info</name>
         <load_address>0xdff7</load_address>
         <run_address>0xdff7</run_address>
         <size>0xfb</size>
         <input_file_ref idref="fl-1b"/>
      </object_component>
      <object_component id="oc-140">
         <name>.debug_info</name>
         <load_address>0xe0f2</load_address>
         <run_address>0xe0f2</run_address>
         <size>0x10d</size>
         <input_file_ref idref="fl-1b"/>
      </object_component>
      <object_component id="oc-9b">
         <name>.debug_info</name>
         <load_address>0xe1ff</load_address>
         <run_address>0xe1ff</run_address>
         <size>0x153a</size>
         <input_file_ref idref="fl-1b"/>
      </object_component>
      <object_component id="oc-10a">
         <name>.debug_info</name>
         <load_address>0xf739</load_address>
         <run_address>0xf739</run_address>
         <size>0x3d0</size>
         <input_file_ref idref="fl-1d"/>
      </object_component>
      <object_component id="oc-fc">
         <name>.debug_info</name>
         <load_address>0xfb09</load_address>
         <run_address>0xfb09</run_address>
         <size>0xf4</size>
         <input_file_ref idref="fl-1d"/>
      </object_component>
      <object_component id="oc-102">
         <name>.debug_info</name>
         <load_address>0xfbfd</load_address>
         <run_address>0xfbfd</run_address>
         <size>0x100</size>
         <input_file_ref idref="fl-1d"/>
      </object_component>
      <object_component id="oc-f3">
         <name>.debug_info</name>
         <load_address>0xfcfd</load_address>
         <run_address>0xfcfd</run_address>
         <size>0xfa</size>
         <input_file_ref idref="fl-1d"/>
      </object_component>
      <object_component id="oc-ff">
         <name>.debug_info</name>
         <load_address>0xfdf7</load_address>
         <run_address>0xfdf7</run_address>
         <size>0x107</size>
         <input_file_ref idref="fl-1d"/>
      </object_component>
      <object_component id="oc-76">
         <name>.debug_info</name>
         <load_address>0xfefe</load_address>
         <run_address>0xfefe</run_address>
         <size>0x2b44</size>
         <input_file_ref idref="fl-1d"/>
      </object_component>
      <object_component id="oc-1b0">
         <name>.debug_info</name>
         <load_address>0x12a42</load_address>
         <run_address>0x12a42</run_address>
         <size>0x51</size>
         <input_file_ref idref="fl-1d"/>
      </object_component>
      <object_component id="oc-152">
         <name>.debug_info</name>
         <load_address>0x12a93</load_address>
         <run_address>0x12a93</run_address>
         <size>0x35b</size>
         <input_file_ref idref="fl-20"/>
      </object_component>
      <object_component id="oc-14c">
         <name>.debug_info</name>
         <load_address>0x12dee</load_address>
         <run_address>0x12dee</run_address>
         <size>0x101</size>
         <input_file_ref idref="fl-20"/>
      </object_component>
      <object_component id="oc-14f">
         <name>.debug_info</name>
         <load_address>0x12eef</load_address>
         <run_address>0x12eef</run_address>
         <size>0x113</size>
         <input_file_ref idref="fl-20"/>
      </object_component>
      <object_component id="oc-a5">
         <name>.debug_info</name>
         <load_address>0x13002</load_address>
         <run_address>0x13002</run_address>
         <size>0x2489</size>
         <input_file_ref idref="fl-20"/>
      </object_component>
      <object_component id="oc-13b">
         <name>.debug_info</name>
         <load_address>0x1548b</load_address>
         <run_address>0x1548b</run_address>
         <size>0x350</size>
         <input_file_ref idref="fl-21"/>
      </object_component>
      <object_component id="oc-135">
         <name>.debug_info</name>
         <load_address>0x157db</load_address>
         <run_address>0x157db</run_address>
         <size>0xfe</size>
         <input_file_ref idref="fl-21"/>
      </object_component>
      <object_component id="oc-138">
         <name>.debug_info</name>
         <load_address>0x158d9</load_address>
         <run_address>0x158d9</run_address>
         <size>0x110</size>
         <input_file_ref idref="fl-21"/>
      </object_component>
      <object_component id="oc-93">
         <name>.debug_info</name>
         <load_address>0x159e9</load_address>
         <run_address>0x159e9</run_address>
         <size>0x2710</size>
         <input_file_ref idref="fl-21"/>
      </object_component>
      <object_component id="oc-d9">
         <name>.debug_info</name>
         <load_address>0x180f9</load_address>
         <run_address>0x180f9</run_address>
         <size>0x2d4</size>
         <input_file_ref idref="fl-e2"/>
      </object_component>
      <object_component id="oc-4e">
         <name>.debug_info</name>
         <load_address>0x183cd</load_address>
         <run_address>0x183cd</run_address>
         <size>0x1d2</size>
         <input_file_ref idref="fl-e2"/>
      </object_component>
      <object_component id="oc-d4">
         <name>.debug_info</name>
         <load_address>0x1859f</load_address>
         <run_address>0x1859f</run_address>
         <size>0x46</size>
         <input_file_ref idref="fl-e2"/>
      </object_component>
      <object_component id="oc-145">
         <name>.debug_info</name>
         <load_address>0x185e5</load_address>
         <run_address>0x185e5</run_address>
         <size>0x2c</size>
         <input_file_ref idref="fl-e2"/>
      </object_component>
      <object_component id="oc-4c">
         <name>.debug_info</name>
         <load_address>0x18611</load_address>
         <run_address>0x18611</run_address>
         <size>0x2a8</size>
         <input_file_ref idref="fl-e3"/>
      </object_component>
      <object_component id="oc-1d">
         <name>.debug_info</name>
         <load_address>0x188b9</load_address>
         <run_address>0x188b9</run_address>
         <size>0x1ea</size>
         <input_file_ref idref="fl-e3"/>
      </object_component>
      <object_component id="oc-47">
         <name>.debug_info</name>
         <load_address>0x18aa3</load_address>
         <run_address>0x18aa3</run_address>
         <size>0x46</size>
         <input_file_ref idref="fl-e3"/>
      </object_component>
      <object_component id="oc-cc">
         <name>.debug_info</name>
         <load_address>0x18ae9</load_address>
         <run_address>0x18ae9</run_address>
         <size>0x2c</size>
         <input_file_ref idref="fl-e3"/>
      </object_component>
      <object_component id="oc-ca">
         <name>.debug_info</name>
         <load_address>0x18b15</load_address>
         <run_address>0x18b15</run_address>
         <size>0x29e</size>
         <input_file_ref idref="fl-e4"/>
      </object_component>
      <object_component id="oc-19">
         <name>.debug_info</name>
         <load_address>0x18db3</load_address>
         <run_address>0x18db3</run_address>
         <size>0x250</size>
         <input_file_ref idref="fl-e4"/>
      </object_component>
      <object_component id="oc-37">
         <name>.debug_info</name>
         <load_address>0x19003</load_address>
         <run_address>0x19003</run_address>
         <size>0x60</size>
         <input_file_ref idref="fl-e4"/>
      </object_component>
      <object_component id="oc-15c">
         <name>.debug_info</name>
         <load_address>0x19063</load_address>
         <run_address>0x19063</run_address>
         <size>0x46</size>
         <input_file_ref idref="fl-e4"/>
      </object_component>
      <object_component id="oc-c5">
         <name>.debug_info</name>
         <load_address>0x190a9</load_address>
         <run_address>0x190a9</run_address>
         <size>0x39</size>
         <input_file_ref idref="fl-e4"/>
      </object_component>
      <object_component id="oc-14a">
         <name>.debug_info</name>
         <load_address>0x190e2</load_address>
         <run_address>0x190e2</run_address>
         <size>0x28f</size>
         <input_file_ref idref="fl-e5"/>
      </object_component>
      <object_component id="oc-9f">
         <name>.debug_info</name>
         <load_address>0x19371</load_address>
         <run_address>0x19371</run_address>
         <size>0x245</size>
         <input_file_ref idref="fl-e5"/>
      </object_component>
      <object_component id="oc-25">
         <name>.debug_info</name>
         <load_address>0x195b6</load_address>
         <run_address>0x195b6</run_address>
         <size>0x10b</size>
         <input_file_ref idref="fl-e6"/>
      </object_component>
      <object_component id="oc-60">
         <name>.debug_info</name>
         <load_address>0x196c1</load_address>
         <run_address>0x196c1</run_address>
         <size>0x1a9</size>
         <input_file_ref idref="fl-e6"/>
      </object_component>
      <object_component id="oc-42">
         <name>.debug_info</name>
         <load_address>0x1986a</load_address>
         <run_address>0x1986a</run_address>
         <size>0x119</size>
         <input_file_ref idref="fl-e7"/>
      </object_component>
      <object_component id="oc-1f1">
         <name>.debug_info</name>
         <load_address>0x19983</load_address>
         <run_address>0x19983</run_address>
         <size>0x4b3</size>
         <input_file_ref idref="fl-e9"/>
      </object_component>
      <object_component id="oc-175">
         <name>.debug_info</name>
         <load_address>0x19e36</load_address>
         <run_address>0x19e36</run_address>
         <size>0x1a6</size>
         <input_file_ref idref="fl-e9"/>
      </object_component>
      <object_component id="oc-216">
         <name>.debug_info</name>
         <load_address>0x19fdc</load_address>
         <run_address>0x19fdc</run_address>
         <size>0x39</size>
         <input_file_ref idref="fl-e9"/>
      </object_component>
      <object_component id="oc-22a">
         <name>.debug_info</name>
         <load_address>0x1a015</load_address>
         <run_address>0x1a015</run_address>
         <size>0x39</size>
         <input_file_ref idref="fl-e9"/>
      </object_component>
      <object_component id="oc-21b">
         <name>.debug_info</name>
         <load_address>0x1a04e</load_address>
         <run_address>0x1a04e</run_address>
         <size>0x39</size>
         <input_file_ref idref="fl-e9"/>
      </object_component>
      <object_component id="oc-220">
         <name>.debug_info</name>
         <load_address>0x1a087</load_address>
         <run_address>0x1a087</run_address>
         <size>0xcd</size>
         <input_file_ref idref="fl-e9"/>
      </object_component>
      <object_component id="oc-e1">
         <name>.debug_info</name>
         <load_address>0x1a154</load_address>
         <run_address>0x1a154</run_address>
         <size>0x153</size>
         <input_file_ref idref="fl-ea"/>
      </object_component>
      <object_component id="oc-16a">
         <name>.debug_info</name>
         <load_address>0x1a2a7</load_address>
         <run_address>0x1a2a7</run_address>
         <size>0x122</size>
         <input_file_ref idref="fl-ec"/>
      </object_component>
      <object_component id="oc-266">
         <name>.debug_info</name>
         <load_address>0x1a3c9</load_address>
         <run_address>0x1a3c9</run_address>
         <size>0xb0</size>
      </object_component>
      <object_component id="oc-156">
         <name>.debug_line</name>
         <load_address>0x0</load_address>
         <run_address>0x0</run_address>
         <size>0xea</size>
         <input_file_ref idref="fl-2"/>
      </object_component>
      <object_component id="oc-154">
         <name>.debug_line</name>
         <load_address>0xea</load_address>
         <run_address>0xea</run_address>
         <size>0x2d</size>
         <input_file_ref idref="fl-2"/>
      </object_component>
      <object_component id="oc-2e">
         <name>.debug_line</name>
         <load_address>0x117</load_address>
         <run_address>0x117</run_address>
         <size>0x316</size>
         <input_file_ref idref="fl-2"/>
      </object_component>
      <object_component id="oc-c3">
         <name>.debug_line</name>
         <load_address>0x42d</load_address>
         <run_address>0x42d</run_address>
         <size>0x6f</size>
         <input_file_ref idref="fl-2"/>
      </object_component>
      <object_component id="oc-b7">
         <name>.debug_line</name>
         <load_address>0x49c</load_address>
         <run_address>0x49c</run_address>
         <size>0x20</size>
         <input_file_ref idref="fl-2"/>
      </object_component>
      <object_component id="oc-15a">
         <name>.debug_line</name>
         <load_address>0x4bc</load_address>
         <run_address>0x4bc</run_address>
         <size>0x73</size>
         <input_file_ref idref="fl-2"/>
      </object_component>
      <object_component id="oc-108">
         <name>.debug_line</name>
         <load_address>0x52f</load_address>
         <run_address>0x52f</run_address>
         <size>0x6f</size>
         <input_file_ref idref="fl-2"/>
      </object_component>
      <object_component id="oc-bc">
         <name>.debug_line</name>
         <load_address>0x59e</load_address>
         <run_address>0x59e</run_address>
         <size>0x70</size>
         <input_file_ref idref="fl-2"/>
      </object_component>
      <object_component id="oc-bf">
         <name>.debug_line</name>
         <load_address>0x60e</load_address>
         <run_address>0x60e</run_address>
         <size>0x41</size>
         <input_file_ref idref="fl-3"/>
      </object_component>
      <object_component id="oc-34">
         <name>.debug_line</name>
         <load_address>0x64f</load_address>
         <run_address>0x64f</run_address>
         <size>0x41</size>
         <input_file_ref idref="fl-3"/>
      </object_component>
      <object_component id="oc-28">
         <name>.debug_line</name>
         <load_address>0x690</load_address>
         <run_address>0x690</run_address>
         <size>0xa1</size>
         <input_file_ref idref="fl-3"/>
      </object_component>
      <object_component id="oc-3f">
         <name>.debug_line</name>
         <load_address>0x731</load_address>
         <run_address>0x731</run_address>
         <size>0x20</size>
         <input_file_ref idref="fl-3"/>
      </object_component>
      <object_component id="oc-1bf">
         <name>.debug_line</name>
         <load_address>0x751</load_address>
         <run_address>0x751</run_address>
         <size>0x75</size>
         <input_file_ref idref="fl-4"/>
      </object_component>
      <object_component id="oc-1bd">
         <name>.debug_line</name>
         <load_address>0x7c6</load_address>
         <run_address>0x7c6</run_address>
         <size>0x36</size>
         <input_file_ref idref="fl-4"/>
      </object_component>
      <object_component id="oc-85">
         <name>.debug_line</name>
         <load_address>0x7fc</load_address>
         <run_address>0x7fc</run_address>
         <size>0x5bf</size>
         <input_file_ref idref="fl-4"/>
      </object_component>
      <object_component id="oc-f9">
         <name>.debug_line</name>
         <load_address>0xdbb</load_address>
         <run_address>0xdbb</run_address>
         <size>0xd9</size>
         <input_file_ref idref="fl-8"/>
      </object_component>
      <object_component id="oc-1bb">
         <name>.debug_line</name>
         <load_address>0xe94</load_address>
         <run_address>0xe94</run_address>
         <size>0x75</size>
         <input_file_ref idref="fl-11"/>
      </object_component>
      <object_component id="oc-1b5">
         <name>.debug_line</name>
         <load_address>0xf09</load_address>
         <run_address>0xf09</run_address>
         <size>0x37</size>
         <input_file_ref idref="fl-11"/>
      </object_component>
      <object_component id="oc-1b7">
         <name>.debug_line</name>
         <load_address>0xf40</load_address>
         <run_address>0xf40</run_address>
         <size>0x37</size>
         <input_file_ref idref="fl-11"/>
      </object_component>
      <object_component id="oc-1b9">
         <name>.debug_line</name>
         <load_address>0xf77</load_address>
         <run_address>0xf77</run_address>
         <size>0x37</size>
         <input_file_ref idref="fl-11"/>
      </object_component>
      <object_component id="oc-7d">
         <name>.debug_line</name>
         <load_address>0xfae</load_address>
         <run_address>0xfae</run_address>
         <size>0x630</size>
         <input_file_ref idref="fl-11"/>
      </object_component>
      <object_component id="oc-1d1">
         <name>.debug_line</name>
         <load_address>0x15de</load_address>
         <run_address>0x15de</run_address>
         <size>0x6f</size>
         <input_file_ref idref="fl-14"/>
      </object_component>
      <object_component id="oc-1c5">
         <name>.debug_line</name>
         <load_address>0x164d</load_address>
         <run_address>0x164d</run_address>
         <size>0x3c</size>
         <input_file_ref idref="fl-14"/>
      </object_component>
      <object_component id="oc-1c7">
         <name>.debug_line</name>
         <load_address>0x1689</load_address>
         <run_address>0x1689</run_address>
         <size>0x3c</size>
         <input_file_ref idref="fl-14"/>
      </object_component>
      <object_component id="oc-1c9">
         <name>.debug_line</name>
         <load_address>0x16c5</load_address>
         <run_address>0x16c5</run_address>
         <size>0x3c</size>
         <input_file_ref idref="fl-14"/>
      </object_component>
      <object_component id="oc-1cb">
         <name>.debug_line</name>
         <load_address>0x1701</load_address>
         <run_address>0x1701</run_address>
         <size>0x3c</size>
         <input_file_ref idref="fl-14"/>
      </object_component>
      <object_component id="oc-1cd">
         <name>.debug_line</name>
         <load_address>0x173d</load_address>
         <run_address>0x173d</run_address>
         <size>0x3c</size>
         <input_file_ref idref="fl-14"/>
      </object_component>
      <object_component id="oc-1cf">
         <name>.debug_line</name>
         <load_address>0x1779</load_address>
         <run_address>0x1779</run_address>
         <size>0x3c</size>
         <input_file_ref idref="fl-14"/>
      </object_component>
      <object_component id="oc-1c3">
         <name>.debug_line</name>
         <load_address>0x17b5</load_address>
         <run_address>0x17b5</run_address>
         <size>0x3c</size>
         <input_file_ref idref="fl-14"/>
      </object_component>
      <object_component id="oc-8f">
         <name>.debug_line</name>
         <load_address>0x17f1</load_address>
         <run_address>0x17f1</run_address>
         <size>0x2ba</size>
         <input_file_ref idref="fl-14"/>
      </object_component>
      <object_component id="oc-1c1">
         <name>.debug_line</name>
         <load_address>0x1aab</load_address>
         <run_address>0x1aab</run_address>
         <size>0x75</size>
         <input_file_ref idref="fl-18"/>
      </object_component>
      <object_component id="oc-87">
         <name>.debug_line</name>
         <load_address>0x1b20</load_address>
         <run_address>0x1b20</run_address>
         <size>0x525</size>
         <input_file_ref idref="fl-18"/>
      </object_component>
      <object_component id="oc-1dd">
         <name>.debug_line</name>
         <load_address>0x2045</load_address>
         <run_address>0x2045</run_address>
         <size>0x75</size>
         <input_file_ref idref="fl-1b"/>
      </object_component>
      <object_component id="oc-1d9">
         <name>.debug_line</name>
         <load_address>0x20ba</load_address>
         <run_address>0x20ba</run_address>
         <size>0x36</size>
         <input_file_ref idref="fl-1b"/>
      </object_component>
      <object_component id="oc-1db">
         <name>.debug_line</name>
         <load_address>0x20f0</load_address>
         <run_address>0x20f0</run_address>
         <size>0x36</size>
         <input_file_ref idref="fl-1b"/>
      </object_component>
      <object_component id="oc-9a">
         <name>.debug_line</name>
         <load_address>0x2126</load_address>
         <run_address>0x2126</run_address>
         <size>0x318</size>
         <input_file_ref idref="fl-1b"/>
      </object_component>
      <object_component id="oc-1af">
         <name>.debug_line</name>
         <load_address>0x243e</load_address>
         <run_address>0x243e</run_address>
         <size>0x116</size>
         <input_file_ref idref="fl-1d"/>
      </object_component>
      <object_component id="oc-1a9">
         <name>.debug_line</name>
         <load_address>0x2554</load_address>
         <run_address>0x2554</run_address>
         <size>0x39</size>
         <input_file_ref idref="fl-1d"/>
      </object_component>
      <object_component id="oc-1ad">
         <name>.debug_line</name>
         <load_address>0x258d</load_address>
         <run_address>0x258d</run_address>
         <size>0x39</size>
         <input_file_ref idref="fl-1d"/>
      </object_component>
      <object_component id="oc-1a6">
         <name>.debug_line</name>
         <load_address>0x25c6</load_address>
         <run_address>0x25c6</run_address>
         <size>0x39</size>
         <input_file_ref idref="fl-1d"/>
      </object_component>
      <object_component id="oc-1ab">
         <name>.debug_line</name>
         <load_address>0x25ff</load_address>
         <run_address>0x25ff</run_address>
         <size>0x39</size>
         <input_file_ref idref="fl-1d"/>
      </object_component>
      <object_component id="oc-78">
         <name>.debug_line</name>
         <load_address>0x2638</load_address>
         <run_address>0x2638</run_address>
         <size>0x977</size>
         <input_file_ref idref="fl-1d"/>
      </object_component>
      <object_component id="oc-1b2">
         <name>.debug_line</name>
         <load_address>0x2faf</load_address>
         <run_address>0x2faf</run_address>
         <size>0x39</size>
         <input_file_ref idref="fl-1d"/>
      </object_component>
      <object_component id="oc-1e5">
         <name>.debug_line</name>
         <load_address>0x2fe8</load_address>
         <run_address>0x2fe8</run_address>
         <size>0x75</size>
         <input_file_ref idref="fl-20"/>
      </object_component>
      <object_component id="oc-1e1">
         <name>.debug_line</name>
         <load_address>0x305d</load_address>
         <run_address>0x305d</run_address>
         <size>0x38</size>
         <input_file_ref idref="fl-20"/>
      </object_component>
      <object_component id="oc-1e3">
         <name>.debug_line</name>
         <load_address>0x3095</load_address>
         <run_address>0x3095</run_address>
         <size>0x38</size>
         <input_file_ref idref="fl-20"/>
      </object_component>
      <object_component id="oc-a9">
         <name>.debug_line</name>
         <load_address>0x30cd</load_address>
         <run_address>0x30cd</run_address>
         <size>0x50a</size>
         <input_file_ref idref="fl-20"/>
      </object_component>
      <object_component id="oc-1d7">
         <name>.debug_line</name>
         <load_address>0x35d7</load_address>
         <run_address>0x35d7</run_address>
         <size>0x75</size>
         <input_file_ref idref="fl-21"/>
      </object_component>
      <object_component id="oc-1d3">
         <name>.debug_line</name>
         <load_address>0x364c</load_address>
         <run_address>0x364c</run_address>
         <size>0x37</size>
         <input_file_ref idref="fl-21"/>
      </object_component>
      <object_component id="oc-1d5">
         <name>.debug_line</name>
         <load_address>0x3683</load_address>
         <run_address>0x3683</run_address>
         <size>0x37</size>
         <input_file_ref idref="fl-21"/>
      </object_component>
      <object_component id="oc-96">
         <name>.debug_line</name>
         <load_address>0x36ba</load_address>
         <run_address>0x36ba</run_address>
         <size>0x5af</size>
         <input_file_ref idref="fl-21"/>
      </object_component>
      <object_component id="oc-164">
         <name>.debug_line</name>
         <load_address>0x3c69</load_address>
         <run_address>0x3c69</run_address>
         <size>0x92</size>
         <input_file_ref idref="fl-e2"/>
      </object_component>
      <object_component id="oc-52">
         <name>.debug_line</name>
         <load_address>0x3cfb</load_address>
         <run_address>0x3cfb</run_address>
         <size>0x4c</size>
         <input_file_ref idref="fl-e2"/>
      </object_component>
      <object_component id="oc-d7">
         <name>.debug_line</name>
         <load_address>0x3d47</load_address>
         <run_address>0x3d47</run_address>
         <size>0x34</size>
         <input_file_ref idref="fl-e2"/>
      </object_component>
      <object_component id="oc-148">
         <name>.debug_line</name>
         <load_address>0x3d7b</load_address>
         <run_address>0x3d7b</run_address>
         <size>0x92</size>
         <input_file_ref idref="fl-e2"/>
      </object_component>
      <object_component id="oc-d2">
         <name>.debug_line</name>
         <load_address>0x3e0d</load_address>
         <run_address>0x3e0d</run_address>
         <size>0x20</size>
         <input_file_ref idref="fl-e3"/>
      </object_component>
      <object_component id="oc-20">
         <name>.debug_line</name>
         <load_address>0x3e2d</load_address>
         <run_address>0x3e2d</run_address>
         <size>0x55</size>
         <input_file_ref idref="fl-e3"/>
      </object_component>
      <object_component id="oc-4a">
         <name>.debug_line</name>
         <load_address>0x3e82</load_address>
         <run_address>0x3e82</run_address>
         <size>0x3a</size>
         <input_file_ref idref="fl-e3"/>
      </object_component>
      <object_component id="oc-cf">
         <name>.debug_line</name>
         <load_address>0x3ebc</load_address>
         <run_address>0x3ebc</run_address>
         <size>0x92</size>
         <input_file_ref idref="fl-e3"/>
      </object_component>
      <object_component id="oc-162">
         <name>.debug_line</name>
         <load_address>0x3f4e</load_address>
         <run_address>0x3f4e</run_address>
         <size>0x20</size>
         <input_file_ref idref="fl-e4"/>
      </object_component>
      <object_component id="oc-17">
         <name>.debug_line</name>
         <load_address>0x3f6e</load_address>
         <run_address>0x3f6e</run_address>
         <size>0xa9</size>
         <input_file_ref idref="fl-e4"/>
      </object_component>
      <object_component id="oc-3a">
         <name>.debug_line</name>
         <load_address>0x4017</load_address>
         <run_address>0x4017</run_address>
         <size>0x3a</size>
         <input_file_ref idref="fl-e4"/>
      </object_component>
      <object_component id="oc-15f">
         <name>.debug_line</name>
         <load_address>0x4051</load_address>
         <run_address>0x4051</run_address>
         <size>0x9a</size>
         <input_file_ref idref="fl-e4"/>
      </object_component>
      <object_component id="oc-c8">
         <name>.debug_line</name>
         <load_address>0x40eb</load_address>
         <run_address>0x40eb</run_address>
         <size>0x96</size>
         <input_file_ref idref="fl-e4"/>
      </object_component>
      <object_component id="oc-1df">
         <name>.debug_line</name>
         <load_address>0x4181</load_address>
         <run_address>0x4181</run_address>
         <size>0x20</size>
         <input_file_ref idref="fl-e5"/>
      </object_component>
      <object_component id="oc-a3">
         <name>.debug_line</name>
         <load_address>0x41a1</load_address>
         <run_address>0x41a1</run_address>
         <size>0xae</size>
         <input_file_ref idref="fl-e5"/>
      </object_component>
      <object_component id="oc-72">
         <name>.debug_line</name>
         <load_address>0x424f</load_address>
         <run_address>0x424f</run_address>
         <size>0x33</size>
         <input_file_ref idref="fl-e6"/>
      </object_component>
      <object_component id="oc-63">
         <name>.debug_line</name>
         <load_address>0x4282</load_address>
         <run_address>0x4282</run_address>
         <size>0x45</size>
         <input_file_ref idref="fl-e6"/>
      </object_component>
      <object_component id="oc-45">
         <name>.debug_line</name>
         <load_address>0x42c7</load_address>
         <run_address>0x42c7</run_address>
         <size>0x88</size>
         <input_file_ref idref="fl-e7"/>
      </object_component>
      <object_component id="oc-215">
         <name>.debug_line</name>
         <load_address>0x434f</load_address>
         <run_address>0x434f</run_address>
         <size>0xbf</size>
         <input_file_ref idref="fl-e9"/>
      </object_component>
      <object_component id="oc-177">
         <name>.debug_line</name>
         <load_address>0x440e</load_address>
         <run_address>0x440e</run_address>
         <size>0x6f</size>
         <input_file_ref idref="fl-e9"/>
      </object_component>
      <object_component id="oc-219">
         <name>.debug_line</name>
         <load_address>0x447d</load_address>
         <run_address>0x447d</run_address>
         <size>0x2e</size>
         <input_file_ref idref="fl-e9"/>
      </object_component>
      <object_component id="oc-22d">
         <name>.debug_line</name>
         <load_address>0x44ab</load_address>
         <run_address>0x44ab</run_address>
         <size>0x9a</size>
         <input_file_ref idref="fl-e9"/>
      </object_component>
      <object_component id="oc-21e">
         <name>.debug_line</name>
         <load_address>0x4545</load_address>
         <run_address>0x4545</run_address>
         <size>0x97</size>
         <input_file_ref idref="fl-e9"/>
      </object_component>
      <object_component id="oc-223">
         <name>.debug_line</name>
         <load_address>0x45dc</load_address>
         <run_address>0x45dc</run_address>
         <size>0x93</size>
         <input_file_ref idref="fl-e9"/>
      </object_component>
      <object_component id="oc-e5">
         <name>.debug_line</name>
         <load_address>0x466f</load_address>
         <run_address>0x466f</run_address>
         <size>0x40</size>
         <input_file_ref idref="fl-ea"/>
      </object_component>
      <object_component id="oc-168">
         <name>.debug_line</name>
         <load_address>0x46af</load_address>
         <run_address>0x46af</run_address>
         <size>0x3c</size>
         <input_file_ref idref="fl-ec"/>
      </object_component>
      <object_component id="oc-30">
         <name>.debug_frame</name>
         <load_address>0x0</load_address>
         <run_address>0x0</run_address>
         <size>0xe8</size>
         <input_file_ref idref="fl-2"/>
      </object_component>
      <object_component id="oc-2c">
         <name>.debug_frame</name>
         <load_address>0xe8</load_address>
         <run_address>0xe8</run_address>
         <size>0x90</size>
         <input_file_ref idref="fl-3"/>
      </object_component>
      <object_component id="oc-81">
         <name>.debug_frame</name>
         <load_address>0x178</load_address>
         <run_address>0x178</run_address>
         <size>0x450</size>
         <input_file_ref idref="fl-4"/>
      </object_component>
      <object_component id="oc-fa">
         <name>.debug_frame</name>
         <load_address>0x5c8</load_address>
         <run_address>0x5c8</run_address>
         <size>0xbc</size>
         <input_file_ref idref="fl-8"/>
      </object_component>
      <object_component id="oc-7c">
         <name>.debug_frame</name>
         <load_address>0x684</load_address>
         <run_address>0x684</run_address>
         <size>0x564</size>
         <input_file_ref idref="fl-11"/>
      </object_component>
      <object_component id="oc-8d">
         <name>.debug_frame</name>
         <load_address>0xbe8</load_address>
         <run_address>0xbe8</run_address>
         <size>0x1d4</size>
         <input_file_ref idref="fl-14"/>
      </object_component>
      <object_component id="oc-8b">
         <name>.debug_frame</name>
         <load_address>0xdbc</load_address>
         <run_address>0xdbc</run_address>
         <size>0x3e0</size>
         <input_file_ref idref="fl-18"/>
      </object_component>
      <object_component id="oc-9d">
         <name>.debug_frame</name>
         <load_address>0x119c</load_address>
         <run_address>0x119c</run_address>
         <size>0x288</size>
         <input_file_ref idref="fl-1b"/>
      </object_component>
      <object_component id="oc-79">
         <name>.debug_frame</name>
         <load_address>0x1424</load_address>
         <run_address>0x1424</run_address>
         <size>0x5a8</size>
         <input_file_ref idref="fl-1d"/>
      </object_component>
      <object_component id="oc-a8">
         <name>.debug_frame</name>
         <load_address>0x19cc</load_address>
         <run_address>0x19cc</run_address>
         <size>0x3f8</size>
         <input_file_ref idref="fl-20"/>
      </object_component>
      <object_component id="oc-97">
         <name>.debug_frame</name>
         <load_address>0x1dc4</load_address>
         <run_address>0x1dc4</run_address>
         <size>0x4cc</size>
         <input_file_ref idref="fl-21"/>
      </object_component>
      <object_component id="oc-51">
         <name>.debug_frame</name>
         <load_address>0x2290</load_address>
         <run_address>0x2290</run_address>
         <size>0x54</size>
         <input_file_ref idref="fl-e2"/>
      </object_component>
      <object_component id="oc-1c">
         <name>.debug_frame</name>
         <load_address>0x22e4</load_address>
         <run_address>0x22e4</run_address>
         <size>0x54</size>
         <input_file_ref idref="fl-e3"/>
      </object_component>
      <object_component id="oc-18">
         <name>.debug_frame</name>
         <load_address>0x2338</load_address>
         <run_address>0x2338</run_address>
         <size>0x60</size>
         <input_file_ref idref="fl-e4"/>
      </object_component>
      <object_component id="oc-a2">
         <name>.debug_frame</name>
         <load_address>0x2398</load_address>
         <run_address>0x2398</run_address>
         <size>0x54</size>
         <input_file_ref idref="fl-e5"/>
      </object_component>
      <object_component id="oc-64">
         <name>.debug_frame</name>
         <load_address>0x23ec</load_address>
         <run_address>0x23ec</run_address>
         <size>0x50</size>
         <input_file_ref idref="fl-e6"/>
      </object_component>
      <object_component id="oc-178">
         <name>.debug_frame</name>
         <load_address>0x243c</load_address>
         <run_address>0x243c</run_address>
         <size>0x5c</size>
         <input_file_ref idref="fl-e9"/>
      </object_component>
      <object_component id="oc-e4">
         <name>.debug_frame</name>
         <load_address>0x2498</load_address>
         <run_address>0x2498</run_address>
         <size>0x54</size>
         <input_file_ref idref="fl-ea"/>
      </object_component>
      <object_component id="oc-169">
         <name>.debug_frame</name>
         <load_address>0x24ec</load_address>
         <run_address>0x24ec</run_address>
         <size>0x54</size>
         <input_file_ref idref="fl-ec"/>
      </object_component>
      <object_component id="oc-155">
         <name>.debug_abbrev</name>
         <load_address>0x0</load_address>
         <run_address>0x0</run_address>
         <size>0xe3</size>
         <input_file_ref idref="fl-2"/>
      </object_component>
      <object_component id="oc-153">
         <name>.debug_abbrev</name>
         <load_address>0xe3</load_address>
         <run_address>0xe3</run_address>
         <size>0x29</size>
         <input_file_ref idref="fl-2"/>
      </object_component>
      <object_component id="oc-b3">
         <name>.debug_abbrev</name>
         <load_address>0x10c</load_address>
         <run_address>0x10c</run_address>
         <size>0xa9</size>
         <input_file_ref idref="fl-2"/>
      </object_component>
      <object_component id="oc-c2">
         <name>.debug_abbrev</name>
         <load_address>0x1b5</load_address>
         <run_address>0x1b5</run_address>
         <size>0x69</size>
         <input_file_ref idref="fl-2"/>
      </object_component>
      <object_component id="oc-b6">
         <name>.debug_abbrev</name>
         <load_address>0x21e</load_address>
         <run_address>0x21e</run_address>
         <size>0x1f</size>
         <input_file_ref idref="fl-2"/>
      </object_component>
      <object_component id="oc-159">
         <name>.debug_abbrev</name>
         <load_address>0x23d</load_address>
         <run_address>0x23d</run_address>
         <size>0x5c</size>
         <input_file_ref idref="fl-2"/>
      </object_component>
      <object_component id="oc-107">
         <name>.debug_abbrev</name>
         <load_address>0x299</load_address>
         <run_address>0x299</run_address>
         <size>0x24</size>
         <input_file_ref idref="fl-2"/>
      </object_component>
      <object_component id="oc-bb">
         <name>.debug_abbrev</name>
         <load_address>0x2bd</load_address>
         <run_address>0x2bd</run_address>
         <size>0x24</size>
         <input_file_ref idref="fl-2"/>
      </object_component>
      <object_component id="oc-be">
         <name>.debug_abbrev</name>
         <load_address>0x2e1</load_address>
         <run_address>0x2e1</run_address>
         <size>0x7c</size>
         <input_file_ref idref="fl-3"/>
      </object_component>
      <object_component id="oc-33">
         <name>.debug_abbrev</name>
         <load_address>0x35d</load_address>
         <run_address>0x35d</run_address>
         <size>0x29</size>
         <input_file_ref idref="fl-3"/>
      </object_component>
      <object_component id="oc-73">
         <name>.debug_abbrev</name>
         <load_address>0x386</load_address>
         <run_address>0x386</run_address>
         <size>0x79</size>
         <input_file_ref idref="fl-3"/>
      </object_component>
      <object_component id="oc-3e">
         <name>.debug_abbrev</name>
         <load_address>0x3ff</load_address>
         <run_address>0x3ff</run_address>
         <size>0x1f</size>
         <input_file_ref idref="fl-3"/>
      </object_component>
      <object_component id="oc-1be">
         <name>.debug_abbrev</name>
         <load_address>0x41e</load_address>
         <run_address>0x41e</run_address>
         <size>0x6f</size>
         <input_file_ref idref="fl-4"/>
      </object_component>
      <object_component id="oc-1bc">
         <name>.debug_abbrev</name>
         <load_address>0x48d</load_address>
         <run_address>0x48d</run_address>
         <size>0x27</size>
         <input_file_ref idref="fl-4"/>
      </object_component>
      <object_component id="oc-119">
         <name>.debug_abbrev</name>
         <load_address>0x4b4</load_address>
         <run_address>0x4b4</run_address>
         <size>0x103</size>
         <input_file_ref idref="fl-4"/>
      </object_component>
      <object_component id="oc-1a7">
         <name>.debug_abbrev</name>
         <load_address>0x5b7</load_address>
         <run_address>0x5b7</run_address>
         <size>0xca</size>
         <input_file_ref idref="fl-8"/>
      </object_component>
      <object_component id="oc-1ba">
         <name>.debug_abbrev</name>
         <load_address>0x681</load_address>
         <run_address>0x681</run_address>
         <size>0x76</size>
         <input_file_ref idref="fl-11"/>
      </object_component>
      <object_component id="oc-1b4">
         <name>.debug_abbrev</name>
         <load_address>0x6f7</load_address>
         <run_address>0x6f7</run_address>
         <size>0x27</size>
         <input_file_ref idref="fl-11"/>
      </object_component>
      <object_component id="oc-1b6">
         <name>.debug_abbrev</name>
         <load_address>0x71e</load_address>
         <run_address>0x71e</run_address>
         <size>0x27</size>
         <input_file_ref idref="fl-11"/>
      </object_component>
      <object_component id="oc-1b8">
         <name>.debug_abbrev</name>
         <load_address>0x745</load_address>
         <run_address>0x745</run_address>
         <size>0x27</size>
         <input_file_ref idref="fl-11"/>
      </object_component>
      <object_component id="oc-114">
         <name>.debug_abbrev</name>
         <load_address>0x76c</load_address>
         <run_address>0x76c</run_address>
         <size>0xd6</size>
         <input_file_ref idref="fl-11"/>
      </object_component>
      <object_component id="oc-1d0">
         <name>.debug_abbrev</name>
         <load_address>0x842</load_address>
         <run_address>0x842</run_address>
         <size>0x92</size>
         <input_file_ref idref="fl-14"/>
      </object_component>
      <object_component id="oc-1c4">
         <name>.debug_abbrev</name>
         <load_address>0x8d4</load_address>
         <run_address>0x8d4</run_address>
         <size>0x27</size>
         <input_file_ref idref="fl-14"/>
      </object_component>
      <object_component id="oc-1c6">
         <name>.debug_abbrev</name>
         <load_address>0x8fb</load_address>
         <run_address>0x8fb</run_address>
         <size>0x27</size>
         <input_file_ref idref="fl-14"/>
      </object_component>
      <object_component id="oc-1c8">
         <name>.debug_abbrev</name>
         <load_address>0x922</load_address>
         <run_address>0x922</run_address>
         <size>0x27</size>
         <input_file_ref idref="fl-14"/>
      </object_component>
      <object_component id="oc-1ca">
         <name>.debug_abbrev</name>
         <load_address>0x949</load_address>
         <run_address>0x949</run_address>
         <size>0x27</size>
         <input_file_ref idref="fl-14"/>
      </object_component>
      <object_component id="oc-1cc">
         <name>.debug_abbrev</name>
         <load_address>0x970</load_address>
         <run_address>0x970</run_address>
         <size>0x27</size>
         <input_file_ref idref="fl-14"/>
      </object_component>
      <object_component id="oc-1ce">
         <name>.debug_abbrev</name>
         <load_address>0x997</load_address>
         <run_address>0x997</run_address>
         <size>0x27</size>
         <input_file_ref idref="fl-14"/>
      </object_component>
      <object_component id="oc-1c2">
         <name>.debug_abbrev</name>
         <load_address>0x9be</load_address>
         <run_address>0x9be</run_address>
         <size>0x29</size>
         <input_file_ref idref="fl-14"/>
      </object_component>
      <object_component id="oc-132">
         <name>.debug_abbrev</name>
         <load_address>0x9e7</load_address>
         <run_address>0x9e7</run_address>
         <size>0x101</size>
         <input_file_ref idref="fl-14"/>
      </object_component>
      <object_component id="oc-1c0">
         <name>.debug_abbrev</name>
         <load_address>0xae8</load_address>
         <run_address>0xae8</run_address>
         <size>0x5b</size>
         <input_file_ref idref="fl-18"/>
      </object_component>
      <object_component id="oc-11b">
         <name>.debug_abbrev</name>
         <load_address>0xb43</load_address>
         <run_address>0xb43</run_address>
         <size>0x103</size>
         <input_file_ref idref="fl-18"/>
      </object_component>
      <object_component id="oc-1dc">
         <name>.debug_abbrev</name>
         <load_address>0xc46</load_address>
         <run_address>0xc46</run_address>
         <size>0x76</size>
         <input_file_ref idref="fl-1b"/>
      </object_component>
      <object_component id="oc-1d8">
         <name>.debug_abbrev</name>
         <load_address>0xcbc</load_address>
         <run_address>0xcbc</run_address>
         <size>0x27</size>
         <input_file_ref idref="fl-1b"/>
      </object_component>
      <object_component id="oc-1da">
         <name>.debug_abbrev</name>
         <load_address>0xce3</load_address>
         <run_address>0xce3</run_address>
         <size>0x27</size>
         <input_file_ref idref="fl-1b"/>
      </object_component>
      <object_component id="oc-142">
         <name>.debug_abbrev</name>
         <load_address>0xd0a</load_address>
         <run_address>0xd0a</run_address>
         <size>0x103</size>
         <input_file_ref idref="fl-1b"/>
      </object_component>
      <object_component id="oc-1ae">
         <name>.debug_abbrev</name>
         <load_address>0xe0d</load_address>
         <run_address>0xe0d</run_address>
         <size>0xb4</size>
         <input_file_ref idref="fl-1d"/>
      </object_component>
      <object_component id="oc-1a8">
         <name>.debug_abbrev</name>
         <load_address>0xec1</load_address>
         <run_address>0xec1</run_address>
         <size>0x27</size>
         <input_file_ref idref="fl-1d"/>
      </object_component>
      <object_component id="oc-1ac">
         <name>.debug_abbrev</name>
         <load_address>0xee8</load_address>
         <run_address>0xee8</run_address>
         <size>0x27</size>
         <input_file_ref idref="fl-1d"/>
      </object_component>
      <object_component id="oc-1a5">
         <name>.debug_abbrev</name>
         <load_address>0xf0f</load_address>
         <run_address>0xf0f</run_address>
         <size>0x27</size>
         <input_file_ref idref="fl-1d"/>
      </object_component>
      <object_component id="oc-1aa">
         <name>.debug_abbrev</name>
         <load_address>0xf36</load_address>
         <run_address>0xf36</run_address>
         <size>0x27</size>
         <input_file_ref idref="fl-1d"/>
      </object_component>
      <object_component id="oc-104">
         <name>.debug_abbrev</name>
         <load_address>0xf5d</load_address>
         <run_address>0xf5d</run_address>
         <size>0x12e</size>
         <input_file_ref idref="fl-1d"/>
      </object_component>
      <object_component id="oc-1b1">
         <name>.debug_abbrev</name>
         <load_address>0x108b</load_address>
         <run_address>0x108b</run_address>
         <size>0x38</size>
         <input_file_ref idref="fl-1d"/>
      </object_component>
      <object_component id="oc-1e4">
         <name>.debug_abbrev</name>
         <load_address>0x10c3</load_address>
         <run_address>0x10c3</run_address>
         <size>0x76</size>
         <input_file_ref idref="fl-20"/>
      </object_component>
      <object_component id="oc-1e0">
         <name>.debug_abbrev</name>
         <load_address>0x1139</load_address>
         <run_address>0x1139</run_address>
         <size>0x27</size>
         <input_file_ref idref="fl-20"/>
      </object_component>
      <object_component id="oc-1e2">
         <name>.debug_abbrev</name>
         <load_address>0x1160</load_address>
         <run_address>0x1160</run_address>
         <size>0x27</size>
         <input_file_ref idref="fl-20"/>
      </object_component>
      <object_component id="oc-151">
         <name>.debug_abbrev</name>
         <load_address>0x1187</load_address>
         <run_address>0x1187</run_address>
         <size>0x10e</size>
         <input_file_ref idref="fl-20"/>
      </object_component>
      <object_component id="oc-1d6">
         <name>.debug_abbrev</name>
         <load_address>0x1295</load_address>
         <run_address>0x1295</run_address>
         <size>0x76</size>
[...]
         <object_component_ref idref="oc-74"/>
      </symbol>
      <symbol id="sm-5e0">
         <name>SysCtlDeepSleep</name>
         <value>0x7d5</value>
         <object_component_ref idref="oc-74"/>
      </symbol>
      <symbol id="sm-5e1">
         <name>SysCtlLDODeepSleepSet</name>
         <value>0x78b</value>
         <object_component_ref idref="oc-74"/>
      </symbol>
      <symbol id="sm-5e2">
         <name>SysCtlPeripheralPowerOn</name>
         <value>0x409</value>
         <object_component_ref idref="oc-74"/>
      </symbol>
      <symbol id="sm-5e3">
         <name>SysCtlPeripheralDeepSleepDisable</name>
         <value>0x659</value>
         <object_component_ref idref="oc-74"/>
      </symbol>
      <symbol id="sm-5e4">
         <name>SysCtlPeripheralSleepDisable</name>
         <value>0x5cd</value>
         <object_component_ref idref="oc-74"/>
      </symbol>
      <symbol id="sm-5e5">
         <name>SysCtlVCOGet</name>
         <value>0x10a1</value>
         <object_component_ref idref="oc-74"/>
      </symbol>
      <symbol id="sm-5e6">
         <name>SysCtlResetBehaviorSet</name>
         <value>0x871</value>
         <object_component_ref idref="oc-74"/>
      </symbol>
      <symbol id="sm-5e7">
         <name>SysCtlReset</name>
         <value>0x7c5</value>
         <object_component_ref idref="oc-74"/>
      </symbol>
      <symbol id="sm-5e8">
         <name>SysCtlGPIOAHBDisable</name>
         <value>0x1033</value>
         <object_component_ref idref="oc-74"/>
      </symbol>
      <symbol id="sm-5e9">
         <name>SysCtlSRAMSizeGet</name>
         <value>0x32d</value>
         <object_component_ref idref="oc-74"/>
      </symbol>
      <symbol id="sm-5ea">
         <name>SysCtlClockGet</name>
         <value>0xd99</value>
         <object_component_ref idref="oc-74"/>
      </symbol>
      <symbol id="sm-5eb">
         <name>SysCtlPeripheralDisable</name>
         <value>0x545</value>
         <object_component_ref idref="oc-74"/>
      </symbol>
      <symbol id="sm-5ec">
         <name>SysCtlPWMClockSet</name>
         <value>0xfe7</value>
         <object_component_ref idref="oc-74"/>
      </symbol>
      <symbol id="sm-5ed">
         <name>SysCtlUSBPLLEnable</name>
         <value>0x104f</value>
         <object_component_ref idref="oc-74"/>
      </symbol>
      <symbol id="sm-5ee">
         <name>SysCtlPeripheralSleepEnable</name>
         <value>0x589</value>
         <object_component_ref idref="oc-74"/>
      </symbol>
      <symbol id="sm-5ef">
         <name>SysCtlIntUnregister</name>
         <value>0x70d</value>
         <object_component_ref idref="oc-74"/>
      </symbol>
      <symbol id="sm-5f0">
         <name>SysCtlUSBPLLDisable</name>
         <value>0x105b</value>
         <object_component_ref idref="oc-74"/>
      </symbol>
      <symbol id="sm-5f1">
         <name>SysCtlPeripheralReady</name>
         <value>0x3c9</value>
         <object_component_ref idref="oc-74"/>
      </symbol>
      <symbol id="sm-5f2">
         <name>SysCtlPIOSCCalibrate</name>
         <value>0x821</value>
         <object_component_ref idref="oc-74"/>
      </symbol>
      <symbol id="sm-5f3">
         <name>SysCtlResetCauseClear</name>
         <value>0x7f7</value>
         <object_component_ref idref="oc-74"/>
      </symbol>
      <symbol id="sm-5f4">
         <name>SysCtlLDOSleepGet</name>
         <value>0x785</value>
         <object_component_ref idref="oc-74"/>
      </symbol>
      <symbol id="sm-5f5">
         <name>SysCtlClockFreqSet</name>
         <value>0x8d1</value>
         <object_component_ref idref="oc-74"/>
      </symbol>
      <symbol id="sm-5f6">
         <name>SysCtlPeripheralReset</name>
         <value>0x481</value>
         <object_component_ref idref="oc-74"/>
      </symbol>
      <symbol id="sm-670">
         <name>TimerMatchSet</name>
         <value>0x3d99</value>
         <object_component_ref idref="oc-a4"/>
      </symbol>
      <symbol id="sm-671">
         <name>TimerLoadSet</name>
         <value>0x3cb9</value>
         <object_component_ref idref="oc-a4"/>
      </symbol>
      <symbol id="sm-672">
         <name>TimerDMAEventSet</name>
         <value>0x3f03</value>
         <object_component_ref idref="oc-a4"/>
      </symbol>
      <symbol id="sm-673">
         <name>TimerADCEventSet</name>
         <value>0x3ee3</value>
         <object_component_ref idref="oc-a4"/>
      </symbol>
      <symbol id="sm-674">
         <name>TimerPrescaleMatchGet</name>
         <value>0x3c9d</value>
         <object_component_ref idref="oc-a4"/>
      </symbol>
      <symbol id="sm-675">
         <name>TimerPrescaleGet</name>
         <value>0x3c53</value>
         <object_component_ref idref="oc-a4"/>
      </symbol>
      <symbol id="sm-676">
         <name>TimerControlLevel</name>
         <value>0x3a5f</value>
         <object_component_ref idref="oc-a4"/>
      </symbol>
      <symbol id="sm-677">
         <name>TimerDisable</name>
         <value>0x39c5</value>
         <object_component_ref idref="oc-a4"/>
      </symbol>
      <symbol id="sm-678">
         <name>TimerUpdateMode</name>
         <value>0x3f23</value>
         <object_component_ref idref="oc-a4"/>
      </symbol>
      <symbol id="sm-679">
         <name>TimerIntRegister</name>
         <value>0x3e2b</value>
         <object_component_ref idref="oc-a4"/>
      </symbol>
      <symbol id="sm-67a">
         <name>TimerMatchSet64</name>
         <value>0x3ddf</value>
         <object_component_ref idref="oc-a4"/>
      </symbol>
      <symbol id="sm-67b">
         <name>TimerEnable</name>
         <value>0x39a7</value>
         <object_component_ref idref="oc-a4"/>
      </symbol>
      <symbol id="sm-67c">
         <name>TimerLoadGet64</name>
         <value>0x3d19</value>
         <object_component_ref idref="oc-a4"/>
      </symbol>
      <symbol id="sm-67d">
         <name>TimerIntUnregister</name>
         <value>0x3e53</value>
         <object_component_ref idref="oc-a4"/>
      </symbol>
      <symbol id="sm-67e">
         <name>TimerValueGet64</name>
         <value>0x3d67</value>
         <object_component_ref idref="oc-a4"/>
      </symbol>
      <symbol id="sm-67f">
         <name>TimerMatchGet</name>
         <value>0x3dc3</value>
         <object_component_ref idref="oc-a4"/>
      </symbol>
      <symbol id="sm-680">
         <name>TimerIntStatus</name>
         <value>0x3ea1</value>
         <object_component_ref idref="oc-a4"/>
      </symbol>
      <symbol id="sm-681">
         <name>TimerClockSourceGet</name>
         <value>0x3c19</value>
         <object_component_ref idref="oc-a4"/>
      </symbol>
      <symbol id="sm-682">
         <name>TimerIntDisable</name>
         <value>0x3e89</value>
         <object_component_ref idref="oc-a4"/>
      </symbol>
      <symbol id="sm-683">
         <name>TimerValueGet</name>
         <value>0x3d4b</value>
         <object_component_ref idref="oc-a4"/>
      </symbol>
      <symbol id="sm-684">
         <name>TimerControlTrigger</name>
         <value>0x3a95</value>
         <object_component_ref idref="oc-a4"/>
      </symbol>
      <symbol id="sm-685">
         <name>TimerPrescaleSet</name>
         <value>0x3c29</value>
         <object_component_ref idref="oc-a4"/>
      </symbol>
      <symbol id="sm-686">
         <name>TimerControlStall</name>
         <value>0x3b2d</value>
         <object_component_ref idref="oc-a4"/>
      </symbol>
      <symbol id="sm-687">
         <name>TimerMatchGet64</name>
         <value>0x3df9</value>
         <object_component_ref idref="oc-a4"/>
      </symbol>
      <symbol id="sm-688">
         <name>TimerRTCEnable</name>
         <value>0x3bc3</value>
         <object_component_ref idref="oc-a4"/>
      </symbol>
      <symbol id="sm-689">
         <name>TimerLoadGet</name>
         <value>0x3ce3</value>
         <object_component_ref idref="oc-a4"/>
      </symbol>
      <symbol id="sm-68a">
         <name>TimerIntEnable</name>
         <value>0x3e71</value>
         <object_component_ref idref="oc-a4"/>
      </symbol>
      <symbol id="sm-68b">
         <name>TimerClockSourceSet</name>
         <value>0x3bef</value>
         <object_component_ref idref="oc-a4"/>
      </symbol>
      <symbol id="sm-68c">
         <name>TimerLoadSet64</name>
         <value>0x3cff</value>
         <object_component_ref idref="oc-a4"/>
      </symbol>
      <symbol id="sm-68d">
         <name>TimerDMAEventGet</name>
         <value>0x3f15</value>
         <object_component_ref idref="oc-a4"/>
      </symbol>
      <symbol id="sm-68e">
         <name>TimerRTCDisable</name>
         <value>0x3bd9</value>
         <object_component_ref idref="oc-a4"/>
      </symbol>
      <symbol id="sm-68f">
         <name>TimerADCEventGet</name>
         <value>0x3ef5</value>
         <object_component_ref idref="oc-a4"/>
      </symbol>
      <symbol id="sm-690">
         <name>TimerPrescaleMatchSet</name>
         <value>0x3c6f</value>
         <object_component_ref idref="oc-a4"/>
      </symbol>
      <symbol id="sm-691">
         <name>TimerControlWaitOnTrigger</name>
         <value>0x3b63</value>
         <object_component_ref idref="oc-a4"/>
      </symbol>
      <symbol id="sm-692">
         <name>TimerConfigure</name>
         <value>0x39e3</value>
         <object_component_ref idref="oc-a4"/>
      </symbol>
      <symbol id="sm-693">
         <name>TimerControlEvent</name>
         <value>0x3b03</value>
         <object_component_ref idref="oc-a4"/>
      </symbol>
      <symbol id="sm-694">
         <name>TimerIntClear</name>
         <value>0x3ebf</value>
         <object_component_ref idref="oc-a4"/>
      </symbol>
      <symbol id="sm-695">
         <name>TimerSynchronize</name>
         <value>0x3ed1</value>
         <object_component_ref idref="oc-a4"/>
      </symbol>
      <symbol id="sm-708">
         <name>UARTClockSourceGet</name>
         <value>0x44e7</value>
         <object_component_ref idref="oc-92"/>
      </symbol>
      <symbol id="sm-709">
         <name>UARTCharPutNonBlocking</name>
         <value>0x4359</value>
         <object_component_ref idref="oc-92"/>
      </symbol>
      <symbol id="sm-70a">
         <name>UARTDMAEnable</name>
         <value>0x4481</value>
         <object_component_ref idref="oc-92"/>
      </symbol>
      <symbol id="sm-70b">
         <name>UARTTxIntModeSet</name>
         <value>0x42bd</value>
         <object_component_ref idref="oc-92"/>
      </symbol>
      <symbol id="sm-70c">
         <name>UARTFIFODisable</name>
         <value>0x416b</value>
         <object_component_ref idref="oc-92"/>
      </symbol>
      <symbol id="sm-70d">
         <name>UARTIntUnregister</name>
         <value>0x4401</value>
         <object_component_ref idref="oc-92"/>
      </symbol>
      <symbol id="sm-70e">
         <name>UARTRxErrorClear</name>
         <value>0x44c3</value>
         <object_component_ref idref="oc-92"/>
      </symbol>
      <symbol id="sm-70f">
         <name>UARTModemControlSet</name>
         <value>0x420d</value>
         <object_component_ref idref="oc-92"/>
      </symbol>
      <symbol id="sm-710">
         <name>UARTFlowControlSet</name>
         <value>0x428f</value>
         <object_component_ref idref="oc-92"/>
      </symbol>
      <symbol id="sm-711">
         <name>UARTConfigSetExpClk</name>
         <value>0x4045</value>
         <object_component_ref idref="oc-92"/>
      </symbol>
      <symbol id="sm-712">
         <name>UARTSmartCardDisable</name>
         <value>0x41f7</value>
         <object_component_ref idref="oc-92"/>
      </symbol>
      <symbol id="sm-713">
         <name>UARTDisable</name>
         <value>0x412b</value>
         <object_component_ref idref="oc-92"/>
      </symbol>
      <symbol id="sm-714">
         <name>UART9BitDisable</name>
         <value>0x450d</value>
         <object_component_ref idref="oc-92"/>
      </symbol>
      <symbol id="sm-715">
         <name>UARTFIFOLevelGet</name>
         <value>0x401d</value>
         <object_component_ref idref="oc-92"/>
      </symbol>
      <symbol id="sm-716">
         <name>UARTBusy</name>
         <value>0x43c5</value>
         <object_component_ref idref="oc-92"/>
      </symbol>
      <symbol id="sm-717">
         <name>UARTDisableSIR</name>
         <value>0x41af</value>
         <object_component_ref idref="oc-92"/>
      </symbol>
      <symbol id="sm-718">
         <name>UARTLoopbackEnable</name>
         <value>0x4591</value>
         <object_component_ref idref="oc-92"/>
      </symbol>
      <symbol id="sm-719">
         <name>UARTIntEnable</name>
         <value>0x4421</value>
         <object_component_ref idref="oc-92"/>
      </symbol>
      <symbol id="sm-71a">
         <name>UARTCharsAvail</name>
         <value>0x42eb</value>
         <object_component_ref idref="oc-92"/>
      </symbol>
      <symbol id="sm-71b">
         <name>UARTCharGetNonBlocking</name>
         <value>0x4327</value>
         <object_component_ref idref="oc-92"/>
      </symbol>
      <symbol id="sm-71c">
         <name>UARTClockSourceSet</name>
         <value>0x44d3</value>
         <object_component_ref idref="oc-92"/>
      </symbol>
      <symbol id="sm-71d">
         <name>UARTTxIntModeGet</name>
         <value>0x42d9</value>
         <object_component_ref idref="oc-92"/>
      </symbol>
      <symbol id="sm-71e">
         <name>UARTModemStatusGet</name>
         <value>0x427b</value>
         <object_component_ref idref="oc-92"/>
      </symbol>
      <symbol id="sm-71f">
         <name>UARTIntDisable</name>
         <value>0x4439</value>
         <object_component_ref idref="oc-92"/>
      </symbol>
      <symbol id="sm-720">
         <name>UARTCharPut</name>
         <value>0x437d</value>
         <object_component_ref idref="oc-92"/>
      </symbol>
      <symbol id="sm-721">
         <name>UARTParityModeSet</name>
         <value>0x3fd7</value>
         <object_component_ref idref="oc-92"/>
      </symbol>
      <symbol id="sm-722">
         <name>UARTRxErrorGet</name>
         <value>0x44b1</value>
         <object_component_ref idref="oc-92"/>
      </symbol>
      <symbol id="sm-723">
         <name>UARTConfigGetExpClk</name>
         <value>0x40bb</value>
         <object_component_ref idref="oc-92"/>
      </symbol>
      <symbol id="sm-724">
         <name>UARTEnableSIR</name>
         <value>0x4181</value>
         <object_component_ref idref="oc-92"/>
      </symbol>
      <symbol id="sm-725">
         <name>UARTEnable</name>
         <value>0x4107</value>
         <object_component_ref idref="oc-92"/>
      </symbol>
      <symbol id="sm-726">
         <name>UART9BitAddrSend</name>
         <value>0x4549</value>
         <object_component_ref idref="oc-92"/>
      </symbol>
      <symbol id="sm-727">
         <name>UARTModemControlGet</name>
         <value>0x4269</value>
         <object_component_ref idref="oc-92"/>
      </symbol>
      <symbol id="sm-728">
         <name>UARTSmartCardEnable</name>
         <value>0x41c5</value>
         <object_component_ref idref="oc-92"/>
      </symbol>
      <symbol id="sm-729">
         <name>UARTFlowControlGet</name>
         <value>0x42ab</value>
         <object_component_ref idref="oc-92"/>
      </symbol>
      <symbol id="sm-72a">
         <name>UARTFIFOEnable</name>
         <value>0x4155</value>
         <object_component_ref idref="oc-92"/>
      </symbol>
      <symbol id="sm-72b">
         <name>UARTIntClear</name>
         <value>0x446f</value>
         <object_component_ref idref="oc-92"/>
      </symbol>
      <symbol id="sm-72c">
         <name>UARTIntStatus</name>
         <value>0x4451</value>
         <object_component_ref idref="oc-92"/>
      </symbol>
      <symbol id="sm-72d">
         <name>UARTDMADisable</name>
         <value>0x4499</value>
         <object_component_ref idref="oc-92"/>
      </symbol>
      <symbol id="sm-72e">
         <name>UART9BitEnable</name>
         <value>0x44f7</value>
         <object_component_ref idref="oc-92"/>
      </symbol>
      <symbol id="sm-72f">
         <name>UARTSpaceAvail</name>
         <value>0x4309</value>
         <object_component_ref idref="oc-92"/>
      </symbol>
      <symbol id="sm-730">
         <name>UARTCharGet</name>
         <value>0x4343</value>
         <object_component_ref idref="oc-92"/>
      </symbol>
      <symbol id="sm-731">
         <name>UARTFIFOLevelSet</name>
         <value>0x4005</value>
         <object_component_ref idref="oc-92"/>
      </symbol>
      <symbol id="sm-732">
         <name>UARTModemControlClear</name>
         <value>0x4245</value>
         <object_component_ref idref="oc-92"/>
      </symbol>
      <symbol id="sm-733">
         <name>UARTParityModeGet</name>
         <value>0x3ff3</value>
         <object_component_ref idref="oc-92"/>
      </symbol>
      <symbol id="sm-734">
         <name>UARTIntRegister</name>
         <value>0x43e3</value>
         <object_component_ref idref="oc-92"/>
      </symbol>
      <symbol id="sm-735">
         <name>UARTBreakCtl</name>
         <value>0x439b</value>
         <object_component_ref idref="oc-92"/>
      </symbol>
      <symbol id="sm-736">
         <name>UART9BitAddrSet</name>
         <value>0x4523</value>
         <object_component_ref idref="oc-92"/>
      </symbol>
      <symbol id="sm-752">
         <name>__TI_zero_init_nomemset</name>
         <value>0x4e5d</value>
         <object_component_ref idref="oc-4d"/>
      </symbol>
      <symbol id="sm-769">
         <name>__TI_decompress_none</name>
         <value>0x4e8d</value>
         <object_component_ref idref="oc-1b"/>
      </symbol>
      <symbol id="sm-78c">
         <name>__TI_decompress_lzss</name>
         <value>0x4d3b</value>
         <object_component_ref idref="oc-15"/>
      </symbol>
      <symbol id="sm-79a">
         <name>strlen</name>
         <value>0x4e79</value>
         <object_component_ref idref="oc-9e"/>
      </symbol>
      <symbol id="sm-7ad">
         <name>__stack</name>
         <value>0x20000270</value>
         <object_component_ref idref="oc-24"/>
      </symbol>
      <symbol id="sm-7ae">
         <name>_c_int00_noargs</name>
         <value>0x4e29</value>
         <object_component_ref idref="oc-5f"/>
      </symbol>
      <symbol id="sm-7c9">
         <name>memcpy</name>
         <value>0x4c9f</value>
         <object_component_ref idref="oc-41"/>
      </symbol>
      <symbol id="sm-7ca">
         <name>__aeabi_memcpy</name>
         <value>0x4c9f</value>
         <object_component_ref idref="oc-41"/>
      </symbol>
      <symbol id="sm-7cb">
         <name>__aeabi_memcpy8</name>
         <value>0x4c9f</value>
         <object_component_ref idref="oc-41"/>
      </symbol>
      <symbol id="sm-7cc">
         <name>__aeabi_memcpy4</name>
         <value>0x4c9f</value>
         <object_component_ref idref="oc-41"/>
      </symbol>
      <symbol id="sm-7f5">
         <name>__TI_auto_init_nobinit_nopinit</name>
         <value>0x4da5</value>
         <object_component_ref idref="oc-173"/>
      </symbol>
      <symbol id="sm-7ff">
         <name>_system_pre_init</name>
         <value>0x4ead</value>
         <object_component_ref idref="oc-e0"/>
      </symbol>
      <symbol id="sm-80b">
         <name>C$$EXIT</name>
         <value>0x4eb1</value>
         <object_component_ref idref="oc-167"/>
      </symbol>
      <symbol id="sm-80c">
         <name>abort</name>
         <value>0x4eb1</value>
         <object_component_ref idref="oc-167"/>
      </symbol>
      <symbol id="sm-80f">
         <name>__TI_static_base__</name>
         <value>0x0</value>
      </symbol>
      <symbol id="sm-812">
         <name>__mpu_init</name>
         <value>0x0</value>
      </symbol>
      <symbol id="sm-813">
         <name>_system_post_cinit</name>
         <value>0x0</value>
      </symbol>
   </symbol_table>
   <title>Link successful</title>
</link_info>
