******************************************************************************
                  TI ARM Linker PC v20.2.0                     
******************************************************************************
>> Linked Sat Jul 18 19:27:25 2020

OUTPUT FILE NAME:   <Lab_6_7_COM.out>
ENTRY POINT SYMBOL: "_c_int00_noargs"  address: 00002fb1


MEMORY CONFIGURATION

         name            origin    length      used     unused   attr    fill
----------------------  --------  ---------  --------  --------  ----  --------
  FLASH                 00000000   00040000  000036c4  0003c93c  R  X
  SRAM                  20000000   00008000  0000047d  00007b83  RW X


SEGMENT ALLOCATION MAP

run origin  load origin   length   init length attrs members
----------  ----------- ---------- ----------- ----- -------
00000000    00000000    000036c8   000036c8    r-x
  00000000    00000000    0000026c   0000026c    r-- .intvecs
  0000026c    0000026c    00002dd0   00002dd0    r-x .text
  0000303c    0000303c    00000648   00000648    r-- .const
  00003688    00003688    00000040   00000040    r-- .cinit
20000000    20000000    00000484   00000000    rw-
  20000000    20000000    0000026c   00000000    rw- .vtable
  20000270    20000270    00000200   00000000    rw- .stack
  20000470    20000470    00000009   00000000    rw- .data
  2000047c    2000047c    00000008   00000000    rw- .bss


SECTION ALLOCATION MAP

 output                                  attributes/
section   page    origin      length       input sections
--------  ----  ----------  ----------   ----------------
.intvecs   0    00000000    0000026c     
                  00000000    0000026c     tm4c123gh6pm_startup_ccs.obj (.intvecs)

.text      0    0000026c    00002dd0     
                  0000026c    00000f80     sysctl.obj (.text)
                  000011ec    00000bb4     gpio.obj (.text)
                  00001da0    0000062e     uart.obj (.text)
                  000023ce    00000002     --HOLE-- [fill = 0]
                  000023d0    000003c0     interrupt.obj (.text)
                  00002790    00000360     main.obj (.text)
                  00002af0    00000336     ssi.obj (.text)
                  00002e26    0000009c     rtsv7M4_T_le_v4SPD16_eabi.lib : memcpy_t2.asm.obj (.text)
                  00002ec2    00000068                                   : copy_decompress_lzss.c.obj (.text:decompress:lzss:__TI_decompress_lzss)
                  00002f2a    00000002     --HOLE-- [fill = 0]
                  00002f2c    00000044                                   : autoinit.c.obj (.text:__TI_auto_init_nobinit_nopinit:__TI_auto_init_nobinit_nopinit)
                  00002f70    0000003e     cpu.obj (.text)
                  00002fae    00000002     --HOLE-- [fill = 0]
                  00002fb0    00000034     rtsv7M4_T_le_v4SPD16_eabi.lib : boot_cortex_m.c.obj (.text:_c_int00_noargs:_c_int00_noargs)
                  00002fe4    0000001c                                   : copy_zero_init.c.obj (.text:decompress:ZI:__TI_zero_init_nomemset:__TI_zero_init_nomemset)
                  00003000    00000014                                   : strlen.c.obj (.text:strlen)
                  00003014    0000000e                                   : copy_decompress_none.c.obj (.text:decompress:none:__TI_decompress_none)
                  00003022    0000000c     tm4c123gh6pm_startup_ccs.obj (.text)
                  0000302e    00000006     sysctl.obj (.text:SysCtlDelay)
                  00003034    00000004     rtsv7M4_T_le_v4SPD16_eabi.lib : pre_init.c.obj (.text:_system_pre_init)
                  00003038    00000004                                   : exit.c.obj (.text:abort:abort)

.const     0    0000303c    00000648     
                  0000303c    000001b0     sysctl.obj (.const:g_pppui32XTALtoVCO)
                  000031ec    000000d8     gpio.obj (.const:g_ppui32GPIOIntMapSnowflake)
                  000032c4    000000c0     gpio.obj (.const:g_ppui32GPIOIntMapBlizzard)
                  00003384    0000009c     interrupt.obj (.const:g_pui32Regs)
                  00003420    00000090     gpio.obj (.const:g_pui32GPIOBaseAddrs)
                  000034b0    0000006c     sysctl.obj (.const:g_pui32Xtals)
                  0000351c    00000040     uart.obj (.const:g_ppui32UARTIntMap)
                  0000355c    00000040     uart.obj (.const:g_ppui32UARTIntMapSnowflake)
                  0000359c    00000030     sysctl.obj (.const:g_sXTALtoMEMTIM)
                  000035cc    00000020     ssi.obj (.const:g_ppui32SSIIntMap)
                  000035ec    00000020     ssi.obj (.const:g_ppui32SSIIntMapSnowflake)
                  0000360c    00000020     interrupt.obj (.const:g_pui32Priority)
                  0000362c    00000014     interrupt.obj (.const:g_pui32Dii16Regs)
                  00003640    00000014     interrupt.obj (.const:g_pui32EnRegs)
                  00003654    00000014     interrupt.obj (.const:g_pui32PendRegs)
                  00003668    00000014     interrupt.obj (.const:g_pui32UnpendRegs)
                  0000367c    00000008     sysctl.obj (.const:g_pui32VCOFrequencies)

.cinit     0    00003688    00000040     
                  00003688    0000000c     (__TI_handler_table)
                  00003694    00000004     --HOLE-- [fill = 0]
                  00003698    00000008     (.cinit..bss.load) [load image, compression = zero_init]
                  000036a0    00000008     (.cinit..vtable.load) [load image, compression = zero_init]
                  000036a8    00000007     (.cinit..data.load) [load image, compression = lzss]
                  000036af    00000001     --HOLE-- [fill = 0]
                  000036b0    00000018     (__TI_cinit_table)

.init_array 
*          0    00000000    00000000     UNINITIALIZED

.vtable    0    20000000    0000026c     UNINITIALIZED
                  20000000    0000026c     interrupt.obj (.vtable)

.data      0    20000470    00000009     UNINITIALIZED
                  20000470    00000009     main.obj (.data)

.bss       0    2000047c    00000008     UNINITIALIZED
                  2000047c    00000004     (.common:SSI_ARD_Received_Char)
                  20000480    00000004     (.common:UART_Received_Char)

.stack     0    20000270    00000200     UNINITIALIZED
                  20000270    00000004     rtsv7M4_T_le_v4SPD16_eabi.lib : boot_cortex_m.c.obj (.stack)
                  20000274    000001fc     --HOLE--

__llvm_prf_cnts 
*          0    20000000    00000000     UNINITIALIZED

MODULE SUMMARY

       Module                         code    ro data   rw data
       ------                         ----    -------   -------
    .\
       main.obj                       864     0         17     
       tm4c123gh6pm_startup_ccs.obj   12      620       0      
    +--+------------------------------+-------+---------+---------+
       Total:                         876     620       17     
                                                               
    .\driverlib\
       sysctl.obj                     3974    596       0      
       gpio.obj                       2996    552       0      
       interrupt.obj                  960     268       620    
       uart.obj                       1582    128       0      
       ssi.obj                        822     64        0      
       cpu.obj                        62      0         0      
    +--+------------------------------+-------+---------+---------+
       Total:                         10396   1608      620    
                                                               
    C:\ti\ccs1000\ccs\tools\compiler\ti-cgt-arm_20.2.0.LTS\lib\rtsv7M4_T_le_v4SPD16_eabi.lib
       memcpy_t2.asm.obj              156     0         0      
       copy_decompress_lzss.c.obj     104     0         0      
       autoinit.c.obj                 68      0         0      
       boot_cortex_m.c.obj            52      0         0      
       copy_zero_init.c.obj           28      0         0      
       strlen.c.obj                   20      0         0      
       copy_decompress_none.c.obj     14      0         0      
       exit.c.obj                     4       0         0      
       pre_init.c.obj                 4       0         0      
    +--+------------------------------+-------+---------+---------+
       Total:                         450     0         0      
                                                               
       Stack:                         0       0         512    
       Linker Generated:              0       59        0      
    +--+------------------------------+-------+---------+---------+
       Grand Total:                   11722   2287      1149   


LINKER GENERATED COPY TABLES

__TI_cinit_table @ 000036b0 records: 3, size/record: 8, table size: 24
	.bss: load addr=00003698, load size=00000008 bytes, run addr=2000047c, run size=00000008 bytes, compression=zero_init
	.vtable: load addr=000036a0, load size=00000008 bytes, run addr=20000000, run size=0000026c bytes, compression=zero_init
	.data: load addr=000036a8, load size=00000007 bytes, run addr=20000470, run size=00000009 bytes, compression=lzss


LINKER GENERATED HANDLER TABLE

__TI_handler_table @ 00003688 records: 3, size/record: 4, table size: 12
	index: 0, handler: __TI_zero_init
	index: 1, handler: __TI_decompress_lzss
	index: 2, handler: __TI_decompress_none


GLOBAL SYMBOLS: SORTED ALPHABETICALLY BY Name 

address   name                            
-------   ----                            
20000473  ButtonState_L                   
20000474  ButtonState_R                   
20000475  ButtonState_RL                  
20000478  ButtonStates                    
20000477  Button_Pressed_L                
20000476  Button_Pressed_R                
00003039  C$$EXIT                         
00002fa5  CPUbasepriGet                   
00002f97  CPUbasepriSet                   
00002f71  CPUcpsid                        
00002f87  CPUcpsie                        
00002f7d  CPUprimask                      
00002f93  CPUwfi                          
00001d7b  GPIOADCTriggerDisable           
00001d5d  GPIOADCTriggerEnable            
00001d33  GPIODMATriggerDisable           
00001d15  GPIODMATriggerEnable            
000012a7  GPIODirModeGet                  
0000124b  GPIODirModeSet                  
0000180f  GPIOIntClear                    
000017d3  GPIOIntDisable                  
000017b9  GPIOIntEnable                   
00001823  GPIOIntRegister                 
0000185b  GPIOIntRegisterPin              
000017ed  GPIOIntStatus                   
00001397  GPIOIntTypeGet                  
000012f3  GPIOIntTypeSet                  
00001841  GPIOIntUnregister               
00001889  GPIOIntUnregisterPin            
00001667  GPIOPadConfigGet                
0000142d  GPIOPadConfigSet                
00001cb7  GPIOPinConfigure                
000018ad  GPIOPinRead                     
000018e5  GPIOPinTypeADC                  
00001909  GPIOPinTypeCAN                  
0000192d  GPIOPinTypeComparator           
00001951  GPIOPinTypeComparatorOutput     
00001975  GPIOPinTypeDIVSCLK              
00001999  GPIOPinTypeEPI                  
000019bd  GPIOPinTypeEthernetLED          
000019e1  GPIOPinTypeEthernetMII          
00001a05  GPIOPinTypeGPIOInput            
00001a29  GPIOPinTypeGPIOOutput           
00001a63  GPIOPinTypeGPIOOutputOD         
00001a87  GPIOPinTypeHibernateRTCCLK      
00001aab  GPIOPinTypeI2C                  
00001acf  GPIOPinTypeI2CSCL               
00001af3  GPIOPinTypeLCD                  
00001b17  GPIOPinTypeOneWire              
00001b3b  GPIOPinTypePWM                  
00001b5f  GPIOPinTypeQEI                  
00001b83  GPIOPinTypeSSI                  
00001ba7  GPIOPinTypeTimer                
00001bcb  GPIOPinTypeTrace                
00001bef  GPIOPinTypeUART                 
00001c13  GPIOPinTypeUSBAnalog            
00001c37  GPIOPinTypeUSBDigital           
00001c5b  GPIOPinTypeWakeHigh             
00001c81  GPIOPinTypeWakeLow              
00001ca7  GPIOPinWakeStatus               
000018c5  GPIOPinWrite                    
000029d5  ISR_UARTIntHandler              
00002591  IntDisable                      
0000251f  IntEnable                       
00002603  IntIsEnabled                    
000023e3  IntMasterDisable                
000023d3  IntMasterEnable                 
000026f9  IntPendClear                    
00002689  IntPendSet                      
000024fb  IntPriorityGet                  
00002473  IntPriorityGroupingGet          
00002459  IntPriorityGroupingSet          
00002753  IntPriorityMaskGet              
00002747  IntPriorityMaskSet              
000024ab  IntPrioritySet                  
000023f3  IntRegister                     
0000275b  IntTrigger                      
00002445  IntUnregister                   
20000472  LED_Command_B                   
20000471  LED_Command_G                   
20000470  LED_Command_R                   
00003023  ResetISR                        
00002da9  SSIAdvDataPutFrameEnd           
00002dcf  SSIAdvDataPutFrameEndNonBlocking
00002e11  SSIAdvFrameHoldDisable          
00002dfb  SSIAdvFrameHoldEnable           
00002d77  SSIAdvModeSet                   
00002d35  SSIBusy                         
00002d67  SSIClockSourceGet               
00002d53  SSIClockSourceSet               
00002b4f  SSIConfigSetExpClk              
00002d1d  SSIDMADisable                   
00002d05  SSIDMAEnable                    
00002cc7  SSIDataGet                      
00002ce3  SSIDataGetNonBlocking           
00002c8d  SSIDataPut                      
00002ca7  SSIDataPutNonBlocking           
00002bdf  SSIDisable                      
00002bc9  SSIEnable                       
00002c7b  SSIIntClear                     
00002c45  SSIIntDisable                   
00002c2d  SSIIntEnable                    
00002bf5  SSIIntRegister                  
00002c5d  SSIIntStatus                    
00002c13  SSIIntUnregister                
2000047c  SSI_ARD_Received_Char           
000011a9  SysCtlAltClkConfig              
000008d1  SysCtlClockFreqSet              
00000d99  SysCtlClockGet                  
0000118d  SysCtlClockOutConfig            
00000bc9  SysCtlClockSet                  
000007d5  SysCtlDeepSleep                 
00000f5d  SysCtlDeepSleepClockConfigSet   
00000f3f  SysCtlDeepSleepClockSet         
000007b5  SysCtlDeepSleepPowerSet         
0000302f  SysCtlDelay                     
00000363  SysCtlFlashSectorSizeGet        
00000337  SysCtlFlashSizeGet              
00001033  SysCtlGPIOAHBDisable            
00001017  SysCtlGPIOAHBEnable             
00000749  SysCtlIntClear                  
00000731  SysCtlIntDisable                
0000071d  SysCtlIntEnable                 
000006f5  SysCtlIntRegister               
00000759  SysCtlIntStatus                 
0000070d  SysCtlIntUnregister             
0000079b  SysCtlLDODeepSleepGet           
0000078b  SysCtlLDODeepSleepSet           
00000785  SysCtlLDOSleepGet               
00000775  SysCtlLDOSleepSet               
0000080b  SysCtlMOSCConfigSet             
00001171  SysCtlNMIClear                  
0000115d  SysCtlNMIStatus                 
00000821  SysCtlPIOSCCalibrate            
00001001  SysCtlPWMClockGet               
00000fe7  SysCtlPWMClockSet               
000006a1  SysCtlPeripheralClockGating     
00000659  SysCtlPeripheralDeepSleepDisable
00000609  SysCtlPeripheralDeepSleepEnable 
00000545  SysCtlPeripheralDisable         
00000509  SysCtlPeripheralEnable          
00000445  SysCtlPeripheralPowerOff        
00000409  SysCtlPeripheralPowerOn         
00000389  SysCtlPeripheralPresent         
000003c9  SysCtlPeripheralReady           
00000481  SysCtlPeripheralReset           
000005cd  SysCtlPeripheralSleepDisable    
00000589  SysCtlPeripheralSleepEnable     
000007c5  SysCtlReset                     
00000881  SysCtlResetBehaviorGet          
00000871  SysCtlResetBehaviorSet          
000007f7  SysCtlResetCauseClear           
000007f1  SysCtlResetCauseGet             
0000032d  SysCtlSRAMSizeGet               
000007cd  SysCtlSleep                     
000007a1  SysCtlSleepPowerSet             
0000105b  SysCtlUSBPLLDisable             
0000104f  SysCtlUSBPLLEnable              
000010a1  SysCtlVCOGet                    
00001089  SysCtlVoltageEventClear         
0000106d  SysCtlVoltageEventConfig        
0000107d  SysCtlVoltageEventStatus        
00002371  UART9BitAddrSend                
0000234b  UART9BitAddrSet                 
00002335  UART9BitDisable                 
0000231f  UART9BitEnable                  
000021c3  UARTBreakCtl                    
000021ed  UARTBusy                        
0000216b  UARTCharGet                     
0000214f  UARTCharGetNonBlocking          
000021a5  UARTCharPut                     
00002181  UARTCharPutNonBlocking          
00002113  UARTCharsAvail                  
0000230f  UARTClockSourceGet              
000022fb  UARTClockSourceSet              
00001ee3  UARTConfigGetExpClk             
00001e6d  UARTConfigSetExpClk             
000022c1  UARTDMADisable                  
000022a9  UARTDMAEnable                   
00001f53  UARTDisable                     
00001fd7  UARTDisableSIR                  
00001f2f  UARTEnable                      
00001fa9  UARTEnableSIR                   
00001f93  UARTFIFODisable                 
00001f7d  UARTFIFOEnable                  
00001e45  UARTFIFOLevelGet                
00001e2d  UARTFIFOLevelSet                
000020d3  UARTFlowControlGet              
000020b7  UARTFlowControlSet              
00002297  UARTIntClear                    
00002261  UARTIntDisable                  
00002249  UARTIntEnable                   
0000220b  UARTIntRegister                 
00002279  UARTIntStatus                   
00002229  UARTIntUnregister               
000023b9  UARTLoopbackEnable              
0000206d  UARTModemControlClear           
00002091  UARTModemControlGet             
00002035  UARTModemControlSet             
000020a3  UARTModemStatusGet              
00001e1b  UARTParityModeGet               
00001dff  UARTParityModeSet               
000022eb  UARTRxErrorClear                
000022d9  UARTRxErrorGet                  
00002a4b  UARTSend                        
0000201f  UARTSmartCardDisable            
00001fed  UARTSmartCardEnable             
00002131  UARTSpaceAvail                  
00002101  UARTTxIntModeGet                
000020e5  UARTTxIntModeSet                
20000480  UART_Received_Char              
20000470  __STACK_END                     
00000200  __STACK_SIZE                    
20000470  __STACK_TOP                     
000036b0  __TI_CINIT_Base                 
000036c8  __TI_CINIT_Limit                
00003688  __TI_Handler_Table_Base         
00003694  __TI_Handler_Table_Limit        
00002f2d  __TI_auto_init_nobinit_nopinit  
00002ec3  __TI_decompress_lzss            
00003015  __TI_decompress_none            
ffffffff  __TI_pprof_out_hndl             
ffffffff  __TI_prof_data_size             
ffffffff  __TI_prof_data_start            
00000000  __TI_static_base__              
00002fe5  __TI_zero_init_nomemset         
00002e27  __aeabi_memcpy                  
00002e27  __aeabi_memcpy4                 
00002e27  __aeabi_memcpy8                 
ffffffff  __binit__                       
ffffffff  __c_args__                      
UNDEFED   __mpu_init                      
20000270  __stack                         
20000000  __start___llvm_prf_cnts         
20000000  __stop___llvm_prf_cnts          
00002fb1  _c_int00_noargs                 
UNDEFED   _system_post_cinit              
00003035  _system_pre_init                
00003039  abort                           
ffffffff  binit                           
20000000  g_pfnRAMVectors                 
00000000  g_pfnVectors                    
00002791  main                            
00002e27  memcpy                          
00003001  strlen                          


GLOBAL SYMBOLS: SORTED BY Symbol Address 

address   name                            
-------   ----                            
00000000  __TI_static_base__              
00000000  g_pfnVectors                    
00000200  __STACK_SIZE                    
0000032d  SysCtlSRAMSizeGet               
00000337  SysCtlFlashSizeGet              
00000363  SysCtlFlashSectorSizeGet        
00000389  SysCtlPeripheralPresent         
000003c9  SysCtlPeripheralReady           
00000409  SysCtlPeripheralPowerOn         
00000445  SysCtlPeripheralPowerOff        
00000481  SysCtlPeripheralReset           
00000509  SysCtlPeripheralEnable          
00000545  SysCtlPeripheralDisable         
00000589  SysCtlPeripheralSleepEnable     
000005cd  SysCtlPeripheralSleepDisable    
00000609  SysCtlPeripheralDeepSleepEnable 
00000659  SysCtlPeripheralDeepSleepDisable
000006a1  SysCtlPeripheralClockGating     
000006f5  SysCtlIntRegister               
0000070d  SysCtlIntUnregister             
0000071d  SysCtlIntEnable                 
00000731  SysCtlIntDisable                
00000749  SysCtlIntClear                  
00000759  SysCtlIntStatus                 
00000775  SysCtlLDOSleepSet               
00000785  SysCtlLDOSleepGet               
0000078b  SysCtlLDODeepSleepSet           
0000079b  SysCtlLDODeepSleepGet           
000007a1  SysCtlSleepPowerSet             
000007b5  SysCtlDeepSleepPowerSet         
000007c5  SysCtlReset                     
000007cd  SysCtlSleep                     
000007d5  SysCtlDeepSleep                 
000007f1  SysCtlResetCauseGet             
000007f7  SysCtlResetCauseClear           
0000080b  SysCtlMOSCConfigSet             
00000821  SysCtlPIOSCCalibrate            
00000871  SysCtlResetBehaviorSet          
00000881  SysCtlResetBehaviorGet          
000008d1  SysCtlClockFreqSet              
00000bc9  SysCtlClockSet                  
00000d99  SysCtlClockGet                  
00000f3f  SysCtlDeepSleepClockSet         
00000f5d  SysCtlDeepSleepClockConfigSet   
00000fe7  SysCtlPWMClockSet               
00001001  SysCtlPWMClockGet               
00001017  SysCtlGPIOAHBEnable             
00001033  SysCtlGPIOAHBDisable            
0000104f  SysCtlUSBPLLEnable              
0000105b  SysCtlUSBPLLDisable             
0000106d  SysCtlVoltageEventConfig        
0000107d  SysCtlVoltageEventStatus        
00001089  SysCtlVoltageEventClear         
000010a1  SysCtlVCOGet                    
0000115d  SysCtlNMIStatus                 
00001171  SysCtlNMIClear                  
0000118d  SysCtlClockOutConfig            
000011a9  SysCtlAltClkConfig              
0000124b  GPIODirModeSet                  
000012a7  GPIODirModeGet                  
000012f3  GPIOIntTypeSet                  
00001397  GPIOIntTypeGet                  
0000142d  GPIOPadConfigSet                
00001667  GPIOPadConfigGet                
000017b9  GPIOIntEnable                   
000017d3  GPIOIntDisable                  
000017ed  GPIOIntStatus                   
0000180f  GPIOIntClear                    
00001823  GPIOIntRegister                 
00001841  GPIOIntUnregister               
0000185b  GPIOIntRegisterPin              
00001889  GPIOIntUnregisterPin            
000018ad  GPIOPinRead                     
000018c5  GPIOPinWrite                    
000018e5  GPIOPinTypeADC                  
00001909  GPIOPinTypeCAN                  
0000192d  GPIOPinTypeComparator           
00001951  GPIOPinTypeComparatorOutput     
00001975  GPIOPinTypeDIVSCLK              
00001999  GPIOPinTypeEPI                  
000019bd  GPIOPinTypeEthernetLED          
000019e1  GPIOPinTypeEthernetMII          
00001a05  GPIOPinTypeGPIOInput            
00001a29  GPIOPinTypeGPIOOutput           
00001a63  GPIOPinTypeGPIOOutputOD         
00001a87  GPIOPinTypeHibernateRTCCLK      
00001aab  GPIOPinTypeI2C                  
00001acf  GPIOPinTypeI2CSCL               
00001af3  GPIOPinTypeLCD                  
00001b17  GPIOPinTypeOneWire              
00001b3b  GPIOPinTypePWM                  
00001b5f  GPIOPinTypeQEI                  
00001b83  GPIOPinTypeSSI                  
00001ba7  GPIOPinTypeTimer                
00001bcb  GPIOPinTypeTrace                
00001bef  GPIOPinTypeUART                 
00001c13  GPIOPinTypeUSBAnalog            
00001c37  GPIOPinTypeUSBDigital           
00001c5b  GPIOPinTypeWakeHigh             
00001c81  GPIOPinTypeWakeLow              
00001ca7  GPIOPinWakeStatus               
00001cb7  GPIOPinConfigure                
00001d15  GPIODMATriggerEnable            
00001d33  GPIODMATriggerDisable           
00001d5d  GPIOADCTriggerEnable            
00001d7b  GPIOADCTriggerDisable           
00001dff  UARTParityModeSet               
00001e1b  UARTParityModeGet               
00001e2d  UARTFIFOLevelSet                
00001e45  UARTFIFOLevelGet                
00001e6d  UARTConfigSetExpClk             
00001ee3  UARTConfigGetExpClk             
00001f2f  UARTEnable                      
00001f53  UARTDisable                     
00001f7d  UARTFIFOEnable                  
00001f93  UARTFIFODisable                 
00001fa9  UARTEnableSIR                   
00001fd7  UARTDisableSIR                  
00001fed  UARTSmartCardEnable             
0000201f  UARTSmartCardDisable            
00002035  UARTModemControlSet             
0000206d  UARTModemControlClear           
00002091  UARTModemControlGet             
000020a3  UARTModemStatusGet              
000020b7  UARTFlowControlSet              
000020d3  UARTFlowControlGet              
000020e5  UARTTxIntModeSet                
00002101  UARTTxIntModeGet                
00002113  UARTCharsAvail                  
00002131  UARTSpaceAvail                  
0000214f  UARTCharGetNonBlocking          
0000216b  UARTCharGet                     
00002181  UARTCharPutNonBlocking          
000021a5  UARTCharPut                     
000021c3  UARTBreakCtl                    
000021ed  UARTBusy                        
0000220b  UARTIntRegister                 
00002229  UARTIntUnregister               
00002249  UARTIntEnable                   
00002261  UARTIntDisable                  
00002279  UARTIntStatus                   
00002297  UARTIntClear                    
000022a9  UARTDMAEnable                   
000022c1  UARTDMADisable                  
000022d9  UARTRxErrorGet                  
000022eb  UARTRxErrorClear                
000022fb  UARTClockSourceSet              
0000230f  UARTClockSourceGet              
0000231f  UART9BitEnable                  
00002335  UART9BitDisable                 
0000234b  UART9BitAddrSet                 
00002371  UART9BitAddrSend                
000023b9  UARTLoopbackEnable              
000023d3  IntMasterEnable                 
000023e3  IntMasterDisable                
000023f3  IntRegister                     
00002445  IntUnregister                   
00002459  IntPriorityGroupingSet          
00002473  IntPriorityGroupingGet          
000024ab  IntPrioritySet                  
000024fb  IntPriorityGet                  
0000251f  IntEnable                       
00002591  IntDisable                      
00002603  IntIsEnabled                    
00002689  IntPendSet                      
000026f9  IntPendClear                    
00002747  IntPriorityMaskSet              
00002753  IntPriorityMaskGet              
0000275b  IntTrigger                      
00002791  main                            
000029d5  ISR_UARTIntHandler              
00002a4b  UARTSend                        
00002b4f  SSIConfigSetExpClk              
00002bc9  SSIEnable                       
00002bdf  SSIDisable                      
00002bf5  SSIIntRegister                  
00002c13  SSIIntUnregister                
00002c2d  SSIIntEnable                    
00002c45  SSIIntDisable                   
00002c5d  SSIIntStatus                    
00002c7b  SSIIntClear                     
00002c8d  SSIDataPut                      
00002ca7  SSIDataPutNonBlocking           
00002cc7  SSIDataGet                      
00002ce3  SSIDataGetNonBlocking           
00002d05  SSIDMAEnable                    
00002d1d  SSIDMADisable                   
00002d35  SSIBusy                         
00002d53  SSIClockSourceSet               
00002d67  SSIClockSourceGet               
00002d77  SSIAdvModeSet                   
00002da9  SSIAdvDataPutFrameEnd           
00002dcf  SSIAdvDataPutFrameEndNonBlocking
00002dfb  SSIAdvFrameHoldEnable           
00002e11  SSIAdvFrameHoldDisable          
00002e27  __aeabi_memcpy                  
00002e27  __aeabi_memcpy4                 
00002e27  __aeabi_memcpy8                 
00002e27  memcpy                          
00002ec3  __TI_decompress_lzss            
00002f2d  __TI_auto_init_nobinit_nopinit  
00002f71  CPUcpsid                        
00002f7d  CPUprimask                      
00002f87  CPUcpsie                        
00002f93  CPUwfi                          
00002f97  CPUbasepriSet                   
00002fa5  CPUbasepriGet                   
00002fb1  _c_int00_noargs                 
00002fe5  __TI_zero_init_nomemset         
00003001  strlen                          
00003015  __TI_decompress_none            
00003023  ResetISR                        
0000302f  SysCtlDelay                     
00003035  _system_pre_init                
00003039  C$$EXIT                         
00003039  abort                           
00003688  __TI_Handler_Table_Base         
00003694  __TI_Handler_Table_Limit        
000036b0  __TI_CINIT_Base                 
000036c8  __TI_CINIT_Limit                
20000000  __start___llvm_prf_cnts         
20000000  __stop___llvm_prf_cnts          
20000000  g_pfnRAMVectors                 
20000270  __stack                         
20000470  LED_Command_R                   
20000470  __STACK_END                     
20000470  __STACK_TOP                     
20000471  LED_Command_G                   
20000472  LED_Command_B                   
20000473  ButtonState_L                   
20000474  ButtonState_R                   
20000475  ButtonState_RL                  
20000476  Button_Pressed_R                
20000477  Button_Pressed_L                
20000478  ButtonStates                    
2000047c  SSI_ARD_Received_Char           
20000480  UART_Received_Char              
ffffffff  __TI_pprof_out_hndl             
ffffffff  __TI_prof_data_size             
ffffffff  __TI_prof_data_start            
ffffffff  __binit__                       
ffffffff  __c_args__                      
ffffffff  binit                           
UNDEFED   __mpu_init                      
UNDEFED   _system_post_cinit              

[245 symbols]
