******************************************************************************
                  TI ARM Linker PC v20.2.7                     
******************************************************************************
>> Linked Wed Dec 13 23:32:09 2023

OUTPUT FILE NAME:   <PROJECT_PROSTHETICS.out>
ENTRY POINT SYMBOL: "_c_int00_noargs"  address: 00004e29


MEMORY CONFIGURATION

         name            origin    length      used     unused   attr    fill
----------------------  --------  ---------  --------  --------  ----  --------
  FLASH                 00000000   00040000  000055ec  0003aa14  R  X
  SRAM                  20000000   00008000  000004cc  00007b34  RW X


SEGMENT ALLOCATION MAP

run origin  load origin   length   init length attrs members
----------  ----------- ---------- ----------- ----- -------
00000000    00000000    000055f0   000055f0    r-x
  00000000    00000000    0000026c   0000026c    r-- .intvecs
  0000026c    0000026c    00004c48   00004c48    r-x .text
  00004eb4    00004eb4    000006e8   000006e8    r-- .const
  000055a0    000055a0    00000050   00000050    r-- .cinit
20000000    20000000    000004d0   00000000    rw-
  20000000    20000000    0000026c   00000000    rw- .vtable
  20000270    20000270    00000200   00000000    rw- .stack
  20000470    20000470    0000004c   00000000    rw- .data
  200004bc    200004bc    00000014   00000000    rw- .bss


SECTION ALLOCATION MAP

 output                                  attributes/
section   page    origin      length       input sections
--------  ----  ----------  ----------   ----------------
.intvecs   0    00000000    0000026c     
                  00000000    0000026c     tm4c123gh6pm_startup_ccs.obj (.intvecs)

.text      0    0000026c    00004c48     
                  0000026c    00000f80     sysctl.obj (.text)
                  000011ec    00000c40     main.obj (.text)
                  00001e2c    00000bb4     gpio.obj (.text)
                  000029e0    0000083a     adc.obj (.text)
                  0000321a    00000002     --HOLE-- [fill = 0]
                  0000321c    00000718     pwm.obj (.text)
                  00003934    00000642     timer.obj (.text)
                  00003f76    00000002     --HOLE-- [fill = 0]
                  00003f78    0000062e     uart.obj (.text)
                  000045a6    00000002     --HOLE-- [fill = 0]
                  000045a8    000003c0     interrupt.obj (.text)
                  00004968    00000336     ssi.obj (.text)
                  00004c9e    0000009c     rtsv7M4_T_le_v4SPD16_eabi.lib : memcpy_t2.asm.obj (.text)
                  00004d3a    00000068                                   : copy_decompress_lzss.c.obj (.text:decompress:lzss:__TI_decompress_lzss)
                  00004da2    00000002     --HOLE-- [fill = 0]
                  00004da4    00000044                                   : autoinit.c.obj (.text:__TI_auto_init_nobinit_nopinit:__TI_auto_init_nobinit_nopinit)
                  00004de8    0000003e     cpu.obj (.text)
                  00004e26    00000002     --HOLE-- [fill = 0]
                  00004e28    00000034     rtsv7M4_T_le_v4SPD16_eabi.lib : boot_cortex_m.c.obj (.text:_c_int00_noargs:_c_int00_noargs)
                  00004e5c    0000001c                                   : copy_zero_init.c.obj (.text:decompress:ZI:__TI_zero_init_nomemset:__TI_zero_init_nomemset)
                  00004e78    00000014                                   : strlen.c.obj (.text:strlen)
                  00004e8c    0000000e                                   : copy_decompress_none.c.obj (.text:decompress:none:__TI_decompress_none)
                  00004e9a    0000000c     tm4c123gh6pm_startup_ccs.obj (.text)
                  00004ea6    00000006     sysctl.obj (.text:SysCtlDelay)
                  00004eac    00000004     rtsv7M4_T_le_v4SPD16_eabi.lib : pre_init.c.obj (.text:_system_pre_init)
                  00004eb0    00000004                                   : exit.c.obj (.text:abort:abort)

.const     0    00004eb4    000006e8     
                  00004eb4    000001b0     sysctl.obj (.const:g_pppui32XTALtoVCO)
                  00005064    000000d8     gpio.obj (.const:g_ppui32GPIOIntMapSnowflake)
                  0000513c    000000c0     gpio.obj (.const:g_ppui32GPIOIntMapBlizzard)
                  000051fc    0000009c     interrupt.obj (.const:g_pui32Regs)
                  00005298    00000090     gpio.obj (.const:g_pui32GPIOBaseAddrs)
                  00005328    0000006c     sysctl.obj (.const:g_pui32Xtals)
                  00005394    00000060     timer.obj (.const:g_ppui32TimerIntMap)
                  000053f4    00000040     timer.obj (.const:g_ppui32TimerIntMapSnowflake)
                  00005434    00000040     uart.obj (.const:g_ppui32UARTIntMap)
                  00005474    00000040     uart.obj (.const:g_ppui32UARTIntMapSnowflake)
                  000054b4    00000030     sysctl.obj (.const:g_sXTALtoMEMTIM)
                  000054e4    00000020     ssi.obj (.const:g_ppui32SSIIntMap)
                  00005504    00000020     ssi.obj (.const:g_ppui32SSIIntMapSnowflake)
                  00005524    00000020     interrupt.obj (.const:g_pui32Priority)
                  00005544    00000014     interrupt.obj (.const:g_pui32Dii16Regs)
                  00005558    00000014     interrupt.obj (.const:g_pui32EnRegs)
                  0000556c    00000014     interrupt.obj (.const:g_pui32PendRegs)
                  00005580    00000014     interrupt.obj (.const:g_pui32UnpendRegs)
                  00005594    00000008     sysctl.obj (.const:g_pui32VCOFrequencies)

.cinit     0    000055a0    00000050     
                  000055a0    00000017     (.cinit..data.load) [load image, compression = lzss]
                  000055b7    00000001     --HOLE-- [fill = 0]
                  000055b8    0000000c     (__TI_handler_table)
                  000055c4    00000004     --HOLE-- [fill = 0]
                  000055c8    00000008     (.cinit..bss.load) [load image, compression = zero_init]
                  000055d0    00000008     (.cinit..vtable.load) [load image, compression = zero_init]
                  000055d8    00000018     (__TI_cinit_table)

.init_array 
*          0    00000000    00000000     UNINITIALIZED

.vtable    0    20000000    0000026c     UNINITIALIZED
                  20000000    0000026c     interrupt.obj (.vtable)

.data      0    20000470    0000004c     UNINITIALIZED
                  20000470    0000004c     main.obj (.data)

.bss       0    200004bc    00000014     UNINITIALIZED
                  200004bc    00000008     adc.obj (.bss:g_pui8OversampleFactor)
                  200004c4    00000004     (.common:SSI_ARD_Received_Char)
                  200004c8    00000004     (.common:TIMER_0_Period)
                  200004cc    00000004     (.common:UART_Received_Char)

.stack     0    20000270    00000200     UNINITIALIZED
                  20000270    00000004     rtsv7M4_T_le_v4SPD16_eabi.lib : boot_cortex_m.c.obj (.stack)
                  20000274    000001fc     --HOLE--

__llvm_prf_cnts 
*          0    20000000    00000000     UNINITIALIZED

MODULE SUMMARY

       Module                         code    ro data   rw data
       ------                         ----    -------   -------
    .\
       main.obj                       3136    0         88     
       tm4c123gh6pm_startup_ccs.obj   12      620       0      
    +--+------------------------------+-------+---------+---------+
       Total:                         3148    620       88     
                                                               
    .\driverlib\
       sysctl.obj                     3974    596       0      
       gpio.obj                       2996    552       0      
       adc.obj                        2106    0         8      
       interrupt.obj                  960     268       620    
       pwm.obj                        1816    0         0      
       timer.obj                      1602    160       0      
       uart.obj                       1582    128       0      
       ssi.obj                        822     64        0      
       cpu.obj                        62      0         0      
    +--+------------------------------+-------+---------+---------+
       Total:                         15920   1768      628    
                                                               
    C:\ti\ccs1240\ccs\tools\compiler\ti-cgt-arm_20.2.7.LTS\lib\rtsv7M4_T_le_v4SPD16_eabi.lib
       memcpy_t2.asm.obj              156     0         0      
       copy_decompress_lzss.c.obj     104     0         0      
       autoinit.c.obj                 68      0         0      
       boot_cortex_m.c.obj            52      0         0      
       copy_zero_init.c.obj           28      0         0      
       strlen.c.obj                   20      0         0      
       copy_decompress_none.c.obj     14      0         0      
       exit.c.obj                     4       0         0      
       pre_init.c.obj                 4       0         0      
    +--+------------------------------+-------+---------+---------+
       Total:                         450     0         0      
                                                               
       Stack:                         0       0         512    
       Linker Generated:              0       75        0      
    +--+------------------------------+-------+---------+---------+
       Grand Total:                   19518   2463      1228   


LINKER GENERATED COPY TABLES

__TI_cinit_table @ 000055d8 records: 3, size/record: 8, table size: 24
	.data: load addr=000055a0, load size=00000017 bytes, run addr=20000470, run size=0000004c bytes, compression=lzss
	.bss: load addr=000055c8, load size=00000008 bytes, run addr=200004bc, run size=00000014 bytes, compression=zero_init
	.vtable: load addr=000055d0, load size=00000008 bytes, run addr=20000000, run size=0000026c bytes, compression=zero_init


LINKER GENERATED HANDLER TABLE

__TI_handler_table @ 000055b8 records: 3, size/record: 4, table size: 12
	index: 0, handler: __TI_zero_init
	index: 1, handler: __TI_decompress_lzss
	index: 2, handler: __TI_decompress_none


GLOBAL SYMBOLS: SORTED ALPHABETICALLY BY Name 

address   name                              
-------   ----                              
00003191  ADCBusy                           
000031d9  ADCClockConfigGet                 
000031af  ADCClockConfigSet                 
00002fab  ADCComparatorConfigure            
00003085  ADCComparatorIntClear             
00003031  ADCComparatorIntDisable           
0000304f  ADCComparatorIntEnable            
00003071  ADCComparatorIntStatus            
00002fc7  ADCComparatorRegionSet            
00002feb  ADCComparatorReset                
00002f79  ADCHardwareOversampleConfigure    
00002b1b  ADCIntClear                       
000030f9  ADCIntClearEx                     
00002a81  ADCIntDisable                     
00003097  ADCIntDisableEx                   
00002a9d  ADCIntEnable                      
000030af  ADCIntEnableEx                    
00002a3b  ADCIntRegister                    
00002ac3  ADCIntStatus                      
000030c7  ADCIntStatusEx                    
00002a63  ADCIntUnregister                  
0000314b  ADCPhaseDelayGet                  
00003139  ADCPhaseDelaySet                  
00002d8d  ADCProcessorTrigger               
00003127  ADCReferenceGet                   
0000310b  ADCReferenceSet                   
00002b65  ADCSequenceConfigure              
00003175  ADCSequenceDMADisable             
00003159  ADCSequenceDMAEnable              
00002d4b  ADCSequenceDataGet                
00002b4b  ADCSequenceDisable                
00002b31  ADCSequenceEnable                 
00002cef  ADCSequenceOverflow               
00002d07  ADCSequenceOverflowClear          
00002c01  ADCSequenceStepConfigure          
00002d1d  ADCSequenceUnderflow              
00002d35  ADCSequenceUnderflowClear         
00002db1  ADCSoftwareOversampleConfigure    
00002ee5  ADCSoftwareOversampleDataGet      
00002e03  ADCSoftwareOversampleStepConfigure
20000473  ButtonState_L                     
20000474  ButtonState_R                     
20000475  ButtonState_RL                    
20000478  ButtonStates                      
20000477  Button_Pressed_L                  
20000476  Button_Pressed_R                  
00004eb1  C$$EXIT                           
00004e1d  CPUbasepriGet                     
00004e0f  CPUbasepriSet                     
00004de9  CPUcpsid                          
00004dff  CPUcpsie                          
00004df5  CPUprimask                        
00004e0b  CPUwfi                            
00001d41  CommunicationPinSet               
2000048c  F0MotorDuty                       
20000490  F1MotorDuty                       
20000494  F2MotorDuty                       
20000498  F3MotorDuty                       
2000049c  F4MotorDuty                       
00001c35  FingerCounting                    
000029bb  GPIOADCTriggerDisable             
0000299d  GPIOADCTriggerEnable              
00002973  GPIODMATriggerDisable             
00002955  GPIODMATriggerEnable              
00001ee7  GPIODirModeGet                    
00001e8b  GPIODirModeSet                    
0000244f  GPIOIntClear                      
00002413  GPIOIntDisable                    
000023f9  GPIOIntEnable                     
00002463  GPIOIntRegister                   
0000249b  GPIOIntRegisterPin                
0000242d  GPIOIntStatus                     
00001fd7  GPIOIntTypeGet                    
00001f33  GPIOIntTypeSet                    
00002481  GPIOIntUnregister                 
000024c9  GPIOIntUnregisterPin              
000022a7  GPIOPadConfigGet                  
0000206d  GPIOPadConfigSet                  
000028f7  GPIOPinConfigure                  
000024ed  GPIOPinRead                       
00002525  GPIOPinTypeADC                    
00002549  GPIOPinTypeCAN                    
0000256d  GPIOPinTypeComparator             
00002591  GPIOPinTypeComparatorOutput       
000025b5  GPIOPinTypeDIVSCLK                
000025d9  GPIOPinTypeEPI                    
000025fd  GPIOPinTypeEthernetLED            
00002621  GPIOPinTypeEthernetMII            
00002645  GPIOPinTypeGPIOInput              
00002669  GPIOPinTypeGPIOOutput             
000026a3  GPIOPinTypeGPIOOutputOD           
000026c7  GPIOPinTypeHibernateRTCCLK        
000026eb  GPIOPinTypeI2C                    
0000270f  GPIOPinTypeI2CSCL                 
00002733  GPIOPinTypeLCD                    
00002757  GPIOPinTypeOneWire                
0000277b  GPIOPinTypePWM                    
0000279f  GPIOPinTypeQEI                    
000027c3  GPIOPinTypeSSI                    
000027e7  GPIOPinTypeTimer                  
0000280b  GPIOPinTypeTrace                  
0000282f  GPIOPinTypeUART                   
00002853  GPIOPinTypeUSBAnalog              
00002877  GPIOPinTypeUSBDigital             
0000289b  GPIOPinTypeWakeHigh               
000028c1  GPIOPinTypeWakeLow                
000028e7  GPIOPinWakeStatus                 
00002505  GPIOPinWrite                      
00001abd  ISR_Timer0IntHandler              
00001a13  ISR_UARTIntHandler                
00004769  IntDisable                        
000046f7  IntEnable                         
000047db  IntIsEnabled                      
000045bb  IntMasterDisable                  
000045ab  IntMasterEnable                   
000048d1  IntPendClear                      
00004861  IntPendSet                        
000046d3  IntPriorityGet                    
0000464b  IntPriorityGroupingGet            
00004631  IntPriorityGroupingSet            
0000492b  IntPriorityMaskGet                
0000491f  IntPriorityMaskSet                
00004683  IntPrioritySet                    
000045cb  IntRegister                       
00004933  IntTrigger                        
0000461d  IntUnregister                     
20000488  LED_Command                       
20000472  LED_Command_B                     
20000471  LED_Command_G                     
20000470  LED_Command_R                     
00003897  PWMClockGet                       
00003877  PWMClockSet                       
000033c1  PWMDeadBandDisable                
00003389  PWMDeadBandEnable                 
0000373d  PWMFaultIntClear                  
0000376f  PWMFaultIntClearExt               
00003657  PWMFaultIntRegister               
00003675  PWMFaultIntUnregister             
0000321d  PWMGenConfigure                   
000032db  PWMGenDisable                     
000032c1  PWMGenEnable                      
00003841  PWMGenFaultClear                  
0000378d  PWMGenFaultConfigure              
0000380b  PWMGenFaultStatus                 
000037e7  PWMGenFaultTriggerGet             
000037bd  PWMGenFaultTriggerSet             
000036f5  PWMGenIntClear                    
000035c9  PWMGenIntRegister                 
000036cb  PWMGenIntStatus                   
000036ad  PWMGenIntTrigDisable              
0000368f  PWMGenIntTrigEnable               
000035f1  PWMGenIntUnregister               
00003297  PWMGenPeriodGet                   
00003267  PWMGenPeriodSet                   
00003725  PWMIntDisable                     
0000370d  PWMIntEnable                      
0000374f  PWMIntStatus                      
00003497  PWMOutputFault                    
00003465  PWMOutputFaultLevel               
00003433  PWMOutputInvert                   
00003401  PWMOutputState                    
000038c1  PWMOutputUpdateMode               
0000333f  PWMPulseWidthGet                  
000032f5  PWMPulseWidthSet                  
000033ef  PWMSyncTimeBase                   
000033dd  PWMSyncUpdate                     
00004e9b  ResetISR                          
00004c21  SSIAdvDataPutFrameEnd             
00004c47  SSIAdvDataPutFrameEndNonBlocking  
00004c89  SSIAdvFrameHoldDisable            
00004c73  SSIAdvFrameHoldEnable             
00004bef  SSIAdvModeSet                     
00004bad  SSIBusy                           
00004bdf  SSIClockSourceGet                 
00004bcb  SSIClockSourceSet                 
000049c7  SSIConfigSetExpClk                
00004b95  SSIDMADisable                     
00004b7d  SSIDMAEnable                      
00004b3f  SSIDataGet                        
00004b5b  SSIDataGetNonBlocking             
00004b05  SSIDataPut                        
00004b1f  SSIDataPutNonBlocking             
00004a57  SSIDisable                        
00004a41  SSIEnable                         
00004af3  SSIIntClear                       
00004abd  SSIIntDisable                     
00004aa5  SSIIntEnable                      
00004a6d  SSIIntRegister                    
00004ad5  SSIIntStatus                      
00004a8b  SSIIntUnregister                  
200004c4  SSI_ARD_Received_Char             
200004b4  SequenceData                      
000011a9  SysCtlAltClkConfig                
000008d1  SysCtlClockFreqSet                
00000d99  SysCtlClockGet                    
0000118d  SysCtlClockOutConfig              
00000bc9  SysCtlClockSet                    
000007d5  SysCtlDeepSleep                   
00000f5d  SysCtlDeepSleepClockConfigSet     
00000f3f  SysCtlDeepSleepClockSet           
000007b5  SysCtlDeepSleepPowerSet           
00004ea7  SysCtlDelay                       
00000363  SysCtlFlashSectorSizeGet          
00000337  SysCtlFlashSizeGet                
00001033  SysCtlGPIOAHBDisable              
00001017  SysCtlGPIOAHBEnable               
00000749  SysCtlIntClear                    
00000731  SysCtlIntDisable                  
0000071d  SysCtlIntEnable                   
000006f5  SysCtlIntRegister                 
00000759  SysCtlIntStatus                   
0000070d  SysCtlIntUnregister               
0000079b  SysCtlLDODeepSleepGet             
0000078b  SysCtlLDODeepSleepSet             
00000785  SysCtlLDOSleepGet                 
00000775  SysCtlLDOSleepSet                 
0000080b  SysCtlMOSCConfigSet               
00001171  SysCtlNMIClear                    
0000115d  SysCtlNMIStatus                   
00000821  SysCtlPIOSCCalibrate              
00001001  SysCtlPWMClockGet                 
00000fe7  SysCtlPWMClockSet                 
000006a1  SysCtlPeripheralClockGating       
00000659  SysCtlPeripheralDeepSleepDisable  
00000609  SysCtlPeripheralDeepSleepEnable   
00000545  SysCtlPeripheralDisable           
00000509  SysCtlPeripheralEnable            
00000445  SysCtlPeripheralPowerOff          
00000409  SysCtlPeripheralPowerOn           
00000389  SysCtlPeripheralPresent           
000003c9  SysCtlPeripheralReady             
00000481  SysCtlPeripheralReset             
000005cd  SysCtlPeripheralSleepDisable      
00000589  SysCtlPeripheralSleepEnable       
000007c5  SysCtlReset                       
00000881  SysCtlResetBehaviorGet            
00000871  SysCtlResetBehaviorSet            
000007f7  SysCtlResetCauseClear             
000007f1  SysCtlResetCauseGet               
0000032d  SysCtlSRAMSizeGet                 
000007cd  SysCtlSleep                       
000007a1  SysCtlSleepPowerSet               
0000105b  SysCtlUSBPLLDisable               
0000104f  SysCtlUSBPLLEnable                
000010a1  SysCtlVCOGet                      
00001089  SysCtlVoltageEventClear           
0000106d  SysCtlVoltageEventConfig          
0000107d  SysCtlVoltageEventStatus          
20000484  T0MAX                             
200004c8  TIMER_0_Period                    
20000480  Timer0_Occurances                 
00003ef5  TimerADCEventGet                  
00003ee3  TimerADCEventSet                  
00003c19  TimerClockSourceGet               
00003bef  TimerClockSourceSet               
000039e3  TimerConfigure                    
00003b03  TimerControlEvent                 
00003a5f  TimerControlLevel                 
00003b2d  TimerControlStall                 
00003a95  TimerControlTrigger               
00003b63  TimerControlWaitOnTrigger         
00003f15  TimerDMAEventGet                  
00003f03  TimerDMAEventSet                  
000039c5  TimerDisable                      
000039a7  TimerEnable                       
00003ebf  TimerIntClear                     
00003e89  TimerIntDisable                   
00003e71  TimerIntEnable                    
00003e2b  TimerIntRegister                  
00003ea1  TimerIntStatus                    
00003e53  TimerIntUnregister                
00003ce3  TimerLoadGet                      
00003d19  TimerLoadGet64                    
00003cb9  TimerLoadSet                      
00003cff  TimerLoadSet64                    
00003dc3  TimerMatchGet                     
00003df9  TimerMatchGet64                   
00003d99  TimerMatchSet                     
00003ddf  TimerMatchSet64                   
00003c53  TimerPrescaleGet                  
00003c9d  TimerPrescaleMatchGet             
00003c6f  TimerPrescaleMatchSet             
00003c29  TimerPrescaleSet                  
00003bd9  TimerRTCDisable                   
00003bc3  TimerRTCEnable                    
00003ed1  TimerSynchronize                  
00003f23  TimerUpdateMode                   
00003d4b  TimerValueGet                     
00003d67  TimerValueGet64                   
00004549  UART9BitAddrSend                  
00004523  UART9BitAddrSet                   
0000450d  UART9BitDisable                   
000044f7  UART9BitEnable                    
0000439b  UARTBreakCtl                      
000043c5  UARTBusy                          
00004343  UARTCharGet                       
00004327  UARTCharGetNonBlocking            
0000437d  UARTCharPut                       
00004359  UARTCharPutNonBlocking            
000042eb  UARTCharsAvail                    
000044e7  UARTClockSourceGet                
000044d3  UARTClockSourceSet                
000040bb  UARTConfigGetExpClk               
00004045  UARTConfigSetExpClk               
00004499  UARTDMADisable                    
00004481  UARTDMAEnable                     
0000412b  UARTDisable                       
000041af  UARTDisableSIR                    
00004107  UARTEnable                        
00004181  UARTEnableSIR                     
0000416b  UARTFIFODisable                   
00004155  UARTFIFOEnable                    
0000401d  UARTFIFOLevelGet                  
00004005  UARTFIFOLevelSet                  
000042ab  UARTFlowControlGet                
0000428f  UARTFlowControlSet                
0000446f  UARTIntClear                      
00004439  UARTIntDisable                    
00004421  UARTIntEnable                     
000043e3  UARTIntRegister                   
00004451  UARTIntStatus                     
00004401  UARTIntUnregister                 
00004591  UARTLoopbackEnable                
00004245  UARTModemControlClear             
00004269  UARTModemControlGet               
0000420d  UARTModemControlSet               
0000427b  UARTModemStatusGet                
00003ff3  UARTParityModeGet                 
00003fd7  UARTParityModeSet                 
000044c3  UARTRxErrorClear                  
000044b1  UARTRxErrorGet                    
00001a89  UARTSend                          
000041f7  UARTSmartCardDisable              
000041c5  UARTSmartCardEnable               
00004309  UARTSpaceAvail                    
000042d9  UARTTxIntModeGet                  
000042bd  UARTTxIntModeSet                  
2000047c  UART_Previous                     
200004cc  UART_Received_Char                
20000470  __STACK_END                       
00000200  __STACK_SIZE                      
20000470  __STACK_TOP                       
000055d8  __TI_CINIT_Base                   
000055f0  __TI_CINIT_Limit                  
000055b8  __TI_Handler_Table_Base           
000055c4  __TI_Handler_Table_Limit          
00004da5  __TI_auto_init_nobinit_nopinit    
00004d3b  __TI_decompress_lzss              
00004e8d  __TI_decompress_none              
ffffffff  __TI_pprof_out_hndl               
ffffffff  __TI_prof_data_size               
ffffffff  __TI_prof_data_start              
00000000  __TI_static_base__                
00004e5d  __TI_zero_init_nomemset           
00004c9f  __aeabi_memcpy                    
00004c9f  __aeabi_memcpy4                   
00004c9f  __aeabi_memcpy8                   
ffffffff  __binit__                         
ffffffff  __c_args__                        
UNDEFED   __mpu_init                        
20000270  __stack                           
20000000  __start___llvm_prf_cnts           
20000000  __stop___llvm_prf_cnts            
00004e29  _c_int00_noargs                   
UNDEFED   _system_post_cinit                
00004ead  _system_pre_init                  
00004eb1  abort                             
ffffffff  binit                             
200004a4  c0                                
200004a8  c1                                
200004ac  c2                                
200004b0  c3                                
200004a0  count                             
20000000  g_pfnRAMVectors                   
00000000  g_pfnVectors                      
000011ed  main                              
00004c9f  memcpy                            
200004b8  rps_choice                        
00004e79  strlen                            


GLOBAL SYMBOLS: SORTED BY Symbol Address 

address   name                              
-------   ----                              
00000000  __TI_static_base__                
00000000  g_pfnVectors                      
00000200  __STACK_SIZE                      
0000032d  SysCtlSRAMSizeGet                 
00000337  SysCtlFlashSizeGet                
00000363  SysCtlFlashSectorSizeGet          
00000389  SysCtlPeripheralPresent           
000003c9  SysCtlPeripheralReady             
00000409  SysCtlPeripheralPowerOn           
00000445  SysCtlPeripheralPowerOff          
00000481  SysCtlPeripheralReset             
00000509  SysCtlPeripheralEnable            
00000545  SysCtlPeripheralDisable           
00000589  SysCtlPeripheralSleepEnable       
000005cd  SysCtlPeripheralSleepDisable      
00000609  SysCtlPeripheralDeepSleepEnable   
00000659  SysCtlPeripheralDeepSleepDisable  
000006a1  SysCtlPeripheralClockGating       
000006f5  SysCtlIntRegister                 
0000070d  SysCtlIntUnregister               
0000071d  SysCtlIntEnable                   
00000731  SysCtlIntDisable                  
00000749  SysCtlIntClear                    
00000759  SysCtlIntStatus                   
00000775  SysCtlLDOSleepSet                 
00000785  SysCtlLDOSleepGet                 
0000078b  SysCtlLDODeepSleepSet             
0000079b  SysCtlLDODeepSleepGet             
000007a1  SysCtlSleepPowerSet               
000007b5  SysCtlDeepSleepPowerSet           
000007c5  SysCtlReset                       
000007cd  SysCtlSleep                       
000007d5  SysCtlDeepSleep                   
000007f1  SysCtlResetCauseGet               
000007f7  SysCtlResetCauseClear             
0000080b  SysCtlMOSCConfigSet               
00000821  SysCtlPIOSCCalibrate              
00000871  SysCtlResetBehaviorSet            
00000881  SysCtlResetBehaviorGet            
000008d1  SysCtlClockFreqSet                
00000bc9  SysCtlClockSet                    
00000d99  SysCtlClockGet                    
00000f3f  SysCtlDeepSleepClockSet           
00000f5d  SysCtlDeepSleepClockConfigSet     
00000fe7  SysCtlPWMClockSet                 
00001001  SysCtlPWMClockGet                 
00001017  SysCtlGPIOAHBEnable               
00001033  SysCtlGPIOAHBDisable              
0000104f  SysCtlUSBPLLEnable                
0000105b  SysCtlUSBPLLDisable               
0000106d  SysCtlVoltageEventConfig          
0000107d  SysCtlVoltageEventStatus          
00001089  SysCtlVoltageEventClear           
000010a1  SysCtlVCOGet                      
0000115d  SysCtlNMIStatus                   
00001171  SysCtlNMIClear                    
0000118d  SysCtlClockOutConfig              
000011a9  SysCtlAltClkConfig                
000011ed  main                              
00001a13  ISR_UARTIntHandler                
00001a89  UARTSend                          
00001abd  ISR_Timer0IntHandler              
00001c35  FingerCounting                    
00001d41  CommunicationPinSet               
00001e8b  GPIODirModeSet                    
00001ee7  GPIODirModeGet                    
00001f33  GPIOIntTypeSet                    
00001fd7  GPIOIntTypeGet                    
0000206d  GPIOPadConfigSet                  
000022a7  GPIOPadConfigGet                  
000023f9  GPIOIntEnable                     
00002413  GPIOIntDisable                    
0000242d  GPIOIntStatus                     
0000244f  GPIOIntClear                      
00002463  GPIOIntRegister                   
00002481  GPIOIntUnregister                 
0000249b  GPIOIntRegisterPin                
000024c9  GPIOIntUnregisterPin              
000024ed  GPIOPinRead                       
00002505  GPIOPinWrite                      
00002525  GPIOPinTypeADC                    
00002549  GPIOPinTypeCAN                    
0000256d  GPIOPinTypeComparator             
00002591  GPIOPinTypeComparatorOutput       
000025b5  GPIOPinTypeDIVSCLK                
000025d9  GPIOPinTypeEPI                    
000025fd  GPIOPinTypeEthernetLED            
00002621  GPIOPinTypeEthernetMII            
00002645  GPIOPinTypeGPIOInput              
00002669  GPIOPinTypeGPIOOutput             
000026a3  GPIOPinTypeGPIOOutputOD           
000026c7  GPIOPinTypeHibernateRTCCLK        
000026eb  GPIOPinTypeI2C                    
0000270f  GPIOPinTypeI2CSCL                 
00002733  GPIOPinTypeLCD                    
00002757  GPIOPinTypeOneWire                
0000277b  GPIOPinTypePWM                    
0000279f  GPIOPinTypeQEI                    
000027c3  GPIOPinTypeSSI                    
000027e7  GPIOPinTypeTimer                  
0000280b  GPIOPinTypeTrace                  
0000282f  GPIOPinTypeUART                   
00002853  GPIOPinTypeUSBAnalog              
00002877  GPIOPinTypeUSBDigital             
0000289b  GPIOPinTypeWakeHigh               
000028c1  GPIOPinTypeWakeLow                
000028e7  GPIOPinWakeStatus                 
000028f7  GPIOPinConfigure                  
00002955  GPIODMATriggerEnable              
00002973  GPIODMATriggerDisable             
0000299d  GPIOADCTriggerEnable              
000029bb  GPIOADCTriggerDisable             
00002a3b  ADCIntRegister                    
00002a63  ADCIntUnregister                  
00002a81  ADCIntDisable                     
00002a9d  ADCIntEnable                      
00002ac3  ADCIntStatus                      
00002b1b  ADCIntClear                       
00002b31  ADCSequenceEnable                 
00002b4b  ADCSequenceDisable                
00002b65  ADCSequenceConfigure              
00002c01  ADCSequenceStepConfigure          
00002cef  ADCSequenceOverflow               
00002d07  ADCSequenceOverflowClear          
00002d1d  ADCSequenceUnderflow              
00002d35  ADCSequenceUnderflowClear         
00002d4b  ADCSequenceDataGet                
00002d8d  ADCProcessorTrigger               
00002db1  ADCSoftwareOversampleConfigure    
00002e03  ADCSoftwareOversampleStepConfigure
00002ee5  ADCSoftwareOversampleDataGet      
00002f79  ADCHardwareOversampleConfigure    
00002fab  ADCComparatorConfigure            
00002fc7  ADCComparatorRegionSet            
00002feb  ADCComparatorReset                
00003031  ADCComparatorIntDisable           
0000304f  ADCComparatorIntEnable            
00003071  ADCComparatorIntStatus            
00003085  ADCComparatorIntClear             
00003097  ADCIntDisableEx                   
000030af  ADCIntEnableEx                    
000030c7  ADCIntStatusEx                    
000030f9  ADCIntClearEx                     
0000310b  ADCReferenceSet                   
00003127  ADCReferenceGet                   
00003139  ADCPhaseDelaySet                  
0000314b  ADCPhaseDelayGet                  
00003159  ADCSequenceDMAEnable              
00003175  ADCSequenceDMADisable             
00003191  ADCBusy                           
000031af  ADCClockConfigSet                 
000031d9  ADCClockConfigGet                 
0000321d  PWMGenConfigure                   
00003267  PWMGenPeriodSet                   
00003297  PWMGenPeriodGet                   
000032c1  PWMGenEnable                      
000032db  PWMGenDisable                     
000032f5  PWMPulseWidthSet                  
0000333f  PWMPulseWidthGet                  
00003389  PWMDeadBandEnable                 
000033c1  PWMDeadBandDisable                
000033dd  PWMSyncUpdate                     
000033ef  PWMSyncTimeBase                   
00003401  PWMOutputState                    
00003433  PWMOutputInvert                   
00003465  PWMOutputFaultLevel               
00003497  PWMOutputFault                    
000035c9  PWMGenIntRegister                 
000035f1  PWMGenIntUnregister               
00003657  PWMFaultIntRegister               
00003675  PWMFaultIntUnregister             
0000368f  PWMGenIntTrigEnable               
000036ad  PWMGenIntTrigDisable              
000036cb  PWMGenIntStatus                   
000036f5  PWMGenIntClear                    
0000370d  PWMIntEnable                      
00003725  PWMIntDisable                     
0000373d  PWMFaultIntClear                  
0000374f  PWMIntStatus                      
0000376f  PWMFaultIntClearExt               
0000378d  PWMGenFaultConfigure              
000037bd  PWMGenFaultTriggerSet             
000037e7  PWMGenFaultTriggerGet             
0000380b  PWMGenFaultStatus                 
00003841  PWMGenFaultClear                  
00003877  PWMClockSet                       
00003897  PWMClockGet                       
000038c1  PWMOutputUpdateMode               
000039a7  TimerEnable                       
000039c5  TimerDisable                      
000039e3  TimerConfigure                    
00003a5f  TimerControlLevel                 
00003a95  TimerControlTrigger               
00003b03  TimerControlEvent                 
00003b2d  TimerControlStall                 
00003b63  TimerControlWaitOnTrigger         
00003bc3  TimerRTCEnable                    
00003bd9  TimerRTCDisable                   
00003bef  TimerClockSourceSet               
00003c19  TimerClockSourceGet               
00003c29  TimerPrescaleSet                  
00003c53  TimerPrescaleGet                  
00003c6f  TimerPrescaleMatchSet             
00003c9d  TimerPrescaleMatchGet             
00003cb9  TimerLoadSet                      
00003ce3  TimerLoadGet                      
00003cff  TimerLoadSet64                    
00003d19  TimerLoadGet64                    
00003d4b  TimerValueGet                     
00003d67  TimerValueGet64                   
00003d99  TimerMatchSet                     
00003dc3  TimerMatchGet                     
00003ddf  TimerMatchSet64                   
00003df9  TimerMatchGet64                   
00003e2b  TimerIntRegister                  
00003e53  TimerIntUnregister                
00003e71  TimerIntEnable                    
00003e89  TimerIntDisable                   
00003ea1  TimerIntStatus                    
00003ebf  TimerIntClear                     
00003ed1  TimerSynchronize                  
00003ee3  TimerADCEventSet                  
00003ef5  TimerADCEventGet                  
00003f03  TimerDMAEventSet                  
00003f15  TimerDMAEventGet                  
00003f23  TimerUpdateMode                   
00003fd7  UARTParityModeSet                 
00003ff3  UARTParityModeGet                 
00004005  UARTFIFOLevelSet                  
0000401d  UARTFIFOLevelGet                  
00004045  UARTConfigSetExpClk               
000040bb  UARTConfigGetExpClk               
00004107  UARTEnable                        
0000412b  UARTDisable                       
00004155  UARTFIFOEnable                    
0000416b  UARTFIFODisable                   
00004181  UARTEnableSIR                     
000041af  UARTDisableSIR                    
000041c5  UARTSmartCardEnable               
000041f7  UARTSmartCardDisable              
0000420d  UARTModemControlSet               
00004245  UARTModemControlClear             
00004269  UARTModemControlGet               
0000427b  UARTModemStatusGet                
0000428f  UARTFlowControlSet                
000042ab  UARTFlowControlGet                
000042bd  UARTTxIntModeSet                  
000042d9  UARTTxIntModeGet                  
000042eb  UARTCharsAvail                    
00004309  UARTSpaceAvail                    
00004327  UARTCharGetNonBlocking            
00004343  UARTCharGet                       
00004359  UARTCharPutNonBlocking            
0000437d  UARTCharPut                       
0000439b  UARTBreakCtl                      
000043c5  UARTBusy                          
000043e3  UARTIntRegister                   
00004401  UARTIntUnregister                 
00004421  UARTIntEnable                     
00004439  UARTIntDisable                    
00004451  UARTIntStatus                     
0000446f  UARTIntClear                      
00004481  UARTDMAEnable                     
00004499  UARTDMADisable                    
000044b1  UARTRxErrorGet                    
000044c3  UARTRxErrorClear                  
000044d3  UARTClockSourceSet                
000044e7  UARTClockSourceGet                
000044f7  UART9BitEnable                    
0000450d  UART9BitDisable                   
00004523  UART9BitAddrSet                   
00004549  UART9BitAddrSend                  
00004591  UARTLoopbackEnable                
000045ab  IntMasterEnable                   
000045bb  IntMasterDisable                  
000045cb  IntRegister                       
0000461d  IntUnregister                     
00004631  IntPriorityGroupingSet            
0000464b  IntPriorityGroupingGet            
00004683  IntPrioritySet                    
000046d3  IntPriorityGet                    
000046f7  IntEnable                         
00004769  IntDisable                        
000047db  IntIsEnabled                      
00004861  IntPendSet                        
000048d1  IntPendClear                      
0000491f  IntPriorityMaskSet                
0000492b  IntPriorityMaskGet                
00004933  IntTrigger                        
000049c7  SSIConfigSetExpClk                
00004a41  SSIEnable                         
00004a57  SSIDisable                        
00004a6d  SSIIntRegister                    
00004a8b  SSIIntUnregister                  
00004aa5  SSIIntEnable                      
00004abd  SSIIntDisable                     
00004ad5  SSIIntStatus                      
00004af3  SSIIntClear                       
00004b05  SSIDataPut                        
00004b1f  SSIDataPutNonBlocking             
00004b3f  SSIDataGet                        
00004b5b  SSIDataGetNonBlocking             
00004b7d  SSIDMAEnable                      
00004b95  SSIDMADisable                     
00004bad  SSIBusy                           
00004bcb  SSIClockSourceSet                 
00004bdf  SSIClockSourceGet                 
00004bef  SSIAdvModeSet                     
00004c21  SSIAdvDataPutFrameEnd             
00004c47  SSIAdvDataPutFrameEndNonBlocking  
00004c73  SSIAdvFrameHoldEnable             
00004c89  SSIAdvFrameHoldDisable            
00004c9f  __aeabi_memcpy                    
00004c9f  __aeabi_memcpy4                   
00004c9f  __aeabi_memcpy8                   
00004c9f  memcpy                            
00004d3b  __TI_decompress_lzss              
00004da5  __TI_auto_init_nobinit_nopinit    
00004de9  CPUcpsid                          
00004df5  CPUprimask                        
00004dff  CPUcpsie                          
00004e0b  CPUwfi                            
00004e0f  CPUbasepriSet                     
00004e1d  CPUbasepriGet                     
00004e29  _c_int00_noargs                   
00004e5d  __TI_zero_init_nomemset           
00004e79  strlen                            
00004e8d  __TI_decompress_none              
00004e9b  ResetISR                          
00004ea7  SysCtlDelay                       
00004ead  _system_pre_init                  
00004eb1  C$$EXIT                           
00004eb1  abort                             
000055b8  __TI_Handler_Table_Base           
000055c4  __TI_Handler_Table_Limit          
000055d8  __TI_CINIT_Base                   
000055f0  __TI_CINIT_Limit                  
20000000  __start___llvm_prf_cnts           
20000000  __stop___llvm_prf_cnts            
20000000  g_pfnRAMVectors                   
20000270  __stack                           
20000470  LED_Command_R                     
20000470  __STACK_END                       
20000470  __STACK_TOP                       
20000471  LED_Command_G                     
20000472  LED_Command_B                     
20000473  ButtonState_L                     
20000474  ButtonState_R                     
20000475  ButtonState_RL                    
20000476  Button_Pressed_R                  
20000477  Button_Pressed_L                  
20000478  ButtonStates                      
2000047c  UART_Previous                     
20000480  Timer0_Occurances                 
20000484  T0MAX                             
20000488  LED_Command                       
2000048c  F0MotorDuty                       
20000490  F1MotorDuty                       
20000494  F2MotorDuty                       
20000498  F3MotorDuty                       
2000049c  F4MotorDuty                       
200004a0  count                             
200004a4  c0                                
200004a8  c1                                
200004ac  c2                                
200004b0  c3                                
200004b4  SequenceData                      
200004b8  rps_choice                        
200004c4  SSI_ARD_Received_Char             
200004c8  TIMER_0_Period                    
200004cc  UART_Received_Char                
ffffffff  __TI_pprof_out_hndl               
ffffffff  __TI_prof_data_size               
ffffffff  __TI_prof_data_start              
ffffffff  __binit__                         
ffffffff  __c_args__                        
ffffffff  binit                             
UNDEFED   __mpu_init                        
UNDEFED   _system_post_cinit                

[379 symbols]
